-- Detected version '0.8.5'
-- The C compiler identification is MSVC 19.40.33813.0
-- The CXX compiler identification is MSVC 19.40.33813.0
-- Detecting C compiler ABI info
-- Detecting C compiler ABI info - done
-- Check for working C compiler: C:/Program Files (x86)/Microsoft Visual Studio/2022/BuildTools/VC/Tools/MSVC/14.40.33807/bin/Hostx64/x64/cl.exe - skipped
-- Detecting C compile features
-- Detecting C compile features - done
-- Detecting CXX compiler ABI info
-- Detecting CXX compiler ABI info - done
-- Check for working CXX compiler: C:/Program Files (x86)/Microsoft Visual Studio/2022/BuildTools/VC/Tools/MSVC/14.40.33807/bin/Hostx64/x64/cl.exe - skipped
-- Detecting CXX compile features
-- Detecting CXX compile features - done
-- Looking for Open CASCADE include files in: C:/Users/Davi/Downloads/oma/.release/native-build/sdk/occt/inc
-- Looking for Open CASCADE library files in: C:/Users/Davi/Downloads/oma/.release/native-build/sdk/occt/win64/vc14/lib
-- Using provided OCC_INCLUDE_DIR ('C:/Users/Davi/Downloads/oma/.release/native-build/sdk/occt/inc') and OCC_LIBRARY_DIR ('C:/Users/Davi/Downloads/oma/.release/native-build/sdk/occt/win64/vc14/lib').
-- Required Open Cascade Library files found
-- Performing Test CMAKE_HAVE_LIBC_PTHREAD
-- Performing Test CMAKE_HAVE_LIBC_PTHREAD - Failed
-- Looking for pthread_create in pthreads
-- Looking for pthread_create in pthreads - not found
-- Looking for pthread_create in pthread
-- Looking for pthread_create in pthread - not found
-- Found Threads: TRUE
-- Found Boost: C:/Users/Davi/Downloads/oma/.release/native-build/src/boost (found version "1.86.0") found components: system program_options regex thread date_time iostreams chrono atomic
-- Boost include files found in C:/Users/Davi/Downloads/oma/.release/native-build/src/boost
-- Boost libraries found in C:/Users/Davi/Downloads/oma/.release/native-build/sdk/boost/lib
-- IFC SCHEMA_VERSIONS that will be used for the build: 2x3;4;4x1;4x2;4x3;4x3_tc1;4x3_add1;4x3_add2.
-- Found Git: C:/Program Files/Git/cmd/git.exe (found version "2.50.0.windows.1")
-- IfcOpenShell branch: "0.8.5"
-- IfcOpenShell commit: "1c5b825"
CMake Warning (deprecated) at C:/Users/Davi/Downloads/oma/.release/native-build/src/ifc/src/ifcwrap/CMakeLists.txt:21 (cmake_policy):
  The OLD behavior for policy CMP0148 will be removed from a future version
  of CMake.

  The cmake-policies(7) manual explains that the OLD behaviors of all
  policies are deprecated and that a policy should be set to OLD only under
  specific short-term circumstances.  Projects should be ported to the NEW
  behavior and not rely on setting a policy to OLD.
This warning is for project developers.  Use -Wno-author or -Wno-deprecated
to suppress it.

-- Found SWIG: C:/Users/Davi/Downloads/oma/.release/native-build/src/swigwin/swig.exe (found version "4.2.1")
-- Looking for Python header files in: C:\Program Files\WindowsApps\PythonSoftwareFoundation.Python.3.12_3.12.2800.0_x64__qbz5n2kfra8p0\include
-- Looking for Python library file in: C:\Program Files\WindowsApps\PythonSoftwareFoundation.Python.3.12_3.12.2800.0_x64__qbz5n2kfra8p0\libs\python312.lib
-- Found Python: C:\Program Files\WindowsApps\PythonSoftwareFoundation.Python.3.12_3.12.2800.0_x64__qbz5n2kfra8p0\libs\python312.lib (found version "3.12.10") found components: Development.Module
-- Looking for Python interpreter in: C:\Users\Davi\Downloads\oma\.venv\Scripts\python.exe
-- Found Python: C:\Users\Davi\Downloads\oma\.venv\Scripts\python.exe (found version "3.12.10") found components: Interpreter
-- Python wrapper will be installed to 'C:/Users/Davi/Downloads/oma/.release/native-build/python'.
-- Configuring done (9.1s)
-- Generating done (0.5s)
-- Build files have been written to: C:/Users/Davi/Downloads/oma/.release/native-build/build/ifc
