-- Install configuration: "Release"
-- Installing: C:/Users/Davi/Downloads/oma/.release/native-build/sdk/ifc/lib/IfcParse.lib
-- Installing: C:/Users/Davi/Downloads/oma/.release/native-build/sdk/ifc/include/ifcparse/Argument.h
-- Installing: C:/Users/Davi/Downloads/oma/.release/native-build/sdk/ifc/include/ifcparse/ArgumentType.h
-- Installing: C:/Users/Davi/Downloads/oma/.release/native-build/sdk/ifc/include/ifcparse/FileReader.h
-- Installing: C:/Users/Davi/Downloads/oma/.release/native-build/sdk/ifc/include/ifcparse/Header_section_schema.h
-- Installing: C:/Users/Davi/Downloads/oma/.release/native-build/sdk/ifc/include/ifcparse/IfcAlignmentHelper.h
-- Installing: C:/Users/Davi/Downloads/oma/.release/native-build/sdk/ifc/include/ifcparse/IfcBaseClass.h
-- Installing: C:/Users/Davi/Downloads/oma/.release/native-build/sdk/ifc/include/ifcparse/IfcCharacterDecoder.h
-- Installing: C:/Users/Davi/Downloads/oma/.release/native-build/sdk/ifc/include/ifcparse/IfcEntityInstanceData.h
-- Installing: C:/Users/Davi/Downloads/oma/.release/native-build/sdk/ifc/include/ifcparse/IfcException.h
-- Installing: C:/Users/Davi/Downloads/oma/.release/native-build/sdk/ifc/include/ifcparse/IfcFile.h
-- Installing: C:/Users/Davi/Downloads/oma/.release/native-build/sdk/ifc/include/ifcparse/IfcGlobalId.h
-- Installing: C:/Users/Davi/Downloads/oma/.release/native-build/sdk/ifc/include/ifcparse/IfcHierarchyHelper.h
-- Installing: C:/Users/Davi/Downloads/oma/.release/native-build/sdk/ifc/include/ifcparse/IfcLogger.h
-- Installing: C:/Users/Davi/Downloads/oma/.release/native-build/sdk/ifc/include/ifcparse/IfcParse.h
-- Installing: C:/Users/Davi/Downloads/oma/.release/native-build/sdk/ifc/include/ifcparse/IfcSIPrefix.h
-- Installing: C:/Users/Davi/Downloads/oma/.release/native-build/sdk/ifc/include/ifcparse/IfcSchema.h
-- Installing: C:/Users/Davi/Downloads/oma/.release/native-build/sdk/ifc/include/ifcparse/IfcSpfHeader.h
-- Installing: C:/Users/Davi/Downloads/oma/.release/native-build/sdk/ifc/include/ifcparse/IfcWrite.h
-- Installing: C:/Users/Davi/Downloads/oma/.release/native-build/sdk/ifc/include/ifcparse/aggregate_of_instance.h
-- Installing: C:/Users/Davi/Downloads/oma/.release/native-build/sdk/ifc/include/ifcparse/file_open_status.h
-- Installing: C:/Users/Davi/Downloads/oma/.release/native-build/sdk/ifc/include/ifcparse/ifc_parse_api.h
-- Installing: C:/Users/Davi/Downloads/oma/.release/native-build/sdk/ifc/include/ifcparse/macros.h
-- Installing: C:/Users/Davi/Downloads/oma/.release/native-build/sdk/ifc/include/ifcparse/map_transformer.h
-- Installing: C:/Users/Davi/Downloads/oma/.release/native-build/sdk/ifc/include/ifcparse/map_variant.h
-- Installing: C:/Users/Davi/Downloads/oma/.release/native-build/sdk/ifc/include/ifcparse/rocksdb_map_adapter.h
-- Installing: C:/Users/Davi/Downloads/oma/.release/native-build/sdk/ifc/include/ifcparse/rocksdb_set_view.h
-- Installing: C:/Users/Davi/Downloads/oma/.release/native-build/sdk/ifc/include/ifcparse/set_to_map_transformer.h
-- Installing: C:/Users/Davi/Downloads/oma/.release/native-build/sdk/ifc/include/ifcparse/storage.h
-- Installing: C:/Users/Davi/Downloads/oma/.release/native-build/sdk/ifc/include/ifcparse/utils.h
-- Installing: C:/Users/Davi/Downloads/oma/.release/native-build/sdk/ifc/include/ifcparse/variantarray.h
-- Installing: C:/Users/Davi/Downloads/oma/.release/native-build/sdk/ifc/include/ifcparse/Ifc2x3.h
-- Installing: C:/Users/Davi/Downloads/oma/.release/native-build/sdk/ifc/include/ifcparse/Ifc2x3-definitions.h
-- Installing: C:/Users/Davi/Downloads/oma/.release/native-build/sdk/ifc/include/ifcparse/Ifc4.h
-- Installing: C:/Users/Davi/Downloads/oma/.release/native-build/sdk/ifc/include/ifcparse/Ifc4-definitions.h
-- Installing: C:/Users/Davi/Downloads/oma/.release/native-build/sdk/ifc/include/ifcparse/Ifc4x1.h
-- Installing: C:/Users/Davi/Downloads/oma/.release/native-build/sdk/ifc/include/ifcparse/Ifc4x1-definitions.h
-- Installing: C:/Users/Davi/Downloads/oma/.release/native-build/sdk/ifc/include/ifcparse/Ifc4x2.h
-- Installing: C:/Users/Davi/Downloads/oma/.release/native-build/sdk/ifc/include/ifcparse/Ifc4x2-definitions.h
-- Installing: C:/Users/Davi/Downloads/oma/.release/native-build/sdk/ifc/include/ifcparse/Ifc4x3.h
-- Installing: C:/Users/Davi/Downloads/oma/.release/native-build/sdk/ifc/include/ifcparse/Ifc4x3-definitions.h
-- Installing: C:/Users/Davi/Downloads/oma/.release/native-build/sdk/ifc/include/ifcparse/Ifc4x3_tc1.h
-- Installing: C:/Users/Davi/Downloads/oma/.release/native-build/sdk/ifc/include/ifcparse/Ifc4x3_tc1-definitions.h
-- Installing: C:/Users/Davi/Downloads/oma/.release/native-build/sdk/ifc/include/ifcparse/Ifc4x3_add1.h
-- Installing: C:/Users/Davi/Downloads/oma/.release/native-build/sdk/ifc/include/ifcparse/Ifc4x3_add1-definitions.h
-- Installing: C:/Users/Davi/Downloads/oma/.release/native-build/sdk/ifc/include/ifcparse/Ifc4x3_add2.h
-- Installing: C:/Users/Davi/Downloads/oma/.release/native-build/sdk/ifc/include/ifcparse/Ifc4x3_add2-definitions.h
-- Installing: C:/Users/Davi/Downloads/oma/.release/native-build/sdk/ifc/lib/geometry_kernel_opencascade.lib
-- Installing: C:/Users/Davi/Downloads/oma/.release/native-build/sdk/ifc/include/ifcgeom/kernels/opencascade/IfcGeomTree.h
-- Installing: C:/Users/Davi/Downloads/oma/.release/native-build/sdk/ifc/include/ifcgeom/kernels/opencascade/OpenCascadeConversionResult.h
-- Installing: C:/Users/Davi/Downloads/oma/.release/native-build/sdk/ifc/include/ifcgeom/kernels/opencascade/OpenCascadeKernel.h
-- Installing: C:/Users/Davi/Downloads/oma/.release/native-build/sdk/ifc/include/ifcgeom/kernels/opencascade/base_utils.h
-- Installing: C:/Users/Davi/Downloads/oma/.release/native-build/sdk/ifc/include/ifcgeom/kernels/opencascade/boolean_utils.h
-- Installing: C:/Users/Davi/Downloads/oma/.release/native-build/sdk/ifc/include/ifcgeom/kernels/opencascade/clash_utils.h
-- Installing: C:/Users/Davi/Downloads/oma/.release/native-build/sdk/ifc/include/ifcgeom/kernels/opencascade/face_definition.h
-- Installing: C:/Users/Davi/Downloads/oma/.release/native-build/sdk/ifc/include/ifcgeom/kernels/opencascade/layerset.h
-- Installing: C:/Users/Davi/Downloads/oma/.release/native-build/sdk/ifc/include/ifcgeom/kernels/opencascade/sweep_utils.h
-- Installing: C:/Users/Davi/Downloads/oma/.release/native-build/sdk/ifc/include/ifcgeom/kernels/opencascade/wire_builder.h
-- Installing: C:/Users/Davi/Downloads/oma/.release/native-build/sdk/ifc/include/ifcgeom/kernels/opencascade/wire_utils.h
-- Installing: C:/Users/Davi/Downloads/oma/.release/native-build/sdk/ifc/include/ifcgeom/kernels/ifc_geomlibrary_api.h
-- Installing: C:/Users/Davi/Downloads/oma/.release/native-build/sdk/ifc/lib/geometry_serializer.lib
-- Installing: C:/Users/Davi/Downloads/oma/.release/native-build/sdk/ifc/include/ifcgeom/Serialization/Serialization.h
-- Installing: C:/Users/Davi/Downloads/oma/.release/native-build/sdk/ifc/include/ifcgeom/Serialization/ifc_geomserialization_api.h
-- Installing: C:/Users/Davi/Downloads/oma/.release/native-build/sdk/ifc/lib/IfcGeom.lib
-- Installing: C:/Users/Davi/Downloads/oma/.release/native-build/sdk/ifc/include/ifcgeom/AbstractKernel.h
-- Installing: C:/Users/Davi/Downloads/oma/.release/native-build/sdk/ifc/include/ifcgeom/ConversionResult.h
-- Installing: C:/Users/Davi/Downloads/oma/.release/native-build/sdk/ifc/include/ifcgeom/ConversionSettings.h
-- Installing: C:/Users/Davi/Downloads/oma/.release/native-build/sdk/ifc/include/ifcgeom/Converter.h
-- Installing: C:/Users/Davi/Downloads/oma/.release/native-build/sdk/ifc/include/ifcgeom/GeometrySerializer.h
-- Installing: C:/Users/Davi/Downloads/oma/.release/native-build/sdk/ifc/include/ifcgeom/IfcGeomElement.h
-- Installing: C:/Users/Davi/Downloads/oma/.release/native-build/sdk/ifc/include/ifcgeom/IfcGeomFilter.h
-- Installing: C:/Users/Davi/Downloads/oma/.release/native-build/sdk/ifc/include/ifcgeom/IfcGeomRenderStyles.h
-- Installing: C:/Users/Davi/Downloads/oma/.release/native-build/sdk/ifc/include/ifcgeom/IfcGeomRepresentation.h
-- Installing: C:/Users/Davi/Downloads/oma/.release/native-build/sdk/ifc/include/ifcgeom/Iterator.h
-- Installing: C:/Users/Davi/Downloads/oma/.release/native-build/sdk/ifc/include/ifcgeom/Serializer.h
-- Installing: C:/Users/Davi/Downloads/oma/.release/native-build/sdk/ifc/include/ifcgeom/abstract_mapping.h
-- Installing: C:/Users/Davi/Downloads/oma/.release/native-build/sdk/ifc/include/ifcgeom/empty.h
-- Installing: C:/Users/Davi/Downloads/oma/.release/native-build/sdk/ifc/include/ifcgeom/function_item_evaluator.h
-- Installing: C:/Users/Davi/Downloads/oma/.release/native-build/sdk/ifc/include/ifcgeom/hybrid_kernel.h
-- Installing: C:/Users/Davi/Downloads/oma/.release/native-build/sdk/ifc/include/ifcgeom/ifc_geom_api.h
-- Installing: C:/Users/Davi/Downloads/oma/.release/native-build/sdk/ifc/include/ifcgeom/infra_sweep_helper.h
-- Installing: C:/Users/Davi/Downloads/oma/.release/native-build/sdk/ifc/include/ifcgeom/profile_helper.h
-- Installing: C:/Users/Davi/Downloads/oma/.release/native-build/sdk/ifc/include/ifcgeom/taxonomy.h
-- Installing: C:/Users/Davi/Downloads/oma/.release/native-build/sdk/ifc/lib/Serializers.lib
-- Installing: C:/Users/Davi/Downloads/oma/.release/native-build/sdk/ifc/include/serializers/ColladaSerializer.h
-- Installing: C:/Users/Davi/Downloads/oma/.release/native-build/sdk/ifc/include/serializers/GltfSerializer.h
-- Installing: C:/Users/Davi/Downloads/oma/.release/native-build/sdk/ifc/include/serializers/HdfSerializer.h
-- Installing: C:/Users/Davi/Downloads/oma/.release/native-build/sdk/ifc/include/serializers/IgesSerializer.h
-- Installing: C:/Users/Davi/Downloads/oma/.release/native-build/sdk/ifc/include/serializers/JsonSerializer.h
-- Installing: C:/Users/Davi/Downloads/oma/.release/native-build/sdk/ifc/include/serializers/OpenCascadeBasedSerializer.h
-- Installing: C:/Users/Davi/Downloads/oma/.release/native-build/sdk/ifc/include/serializers/RocksDbSerializer.h
-- Installing: C:/Users/Davi/Downloads/oma/.release/native-build/sdk/ifc/include/serializers/StepSerializer.h
-- Installing: C:/Users/Davi/Downloads/oma/.release/native-build/sdk/ifc/include/serializers/SvgSerializer.h
-- Installing: C:/Users/Davi/Downloads/oma/.release/native-build/sdk/ifc/include/serializers/TtlWktSerializer.h
-- Installing: C:/Users/Davi/Downloads/oma/.release/native-build/sdk/ifc/include/serializers/USDSerializer.h
-- Installing: C:/Users/Davi/Downloads/oma/.release/native-build/sdk/ifc/include/serializers/WavefrontObjSerializer.h
-- Installing: C:/Users/Davi/Downloads/oma/.release/native-build/sdk/ifc/include/serializers/XmlSerializer.h
-- Installing: C:/Users/Davi/Downloads/oma/.release/native-build/sdk/ifc/include/serializers/serializers_api.h
-- Installing: C:/Users/Davi/Downloads/oma/.release/native-build/sdk/ifc/include/serializers/util.h
-- Installing: C:/Users/Davi/Downloads/oma/.release/native-build/python/ifcopenshell/__init__.py
-- Installing: C:/Users/Davi/Downloads/oma/.release/native-build/python/ifcopenshell/api/__init__.py
-- Installing: C:/Users/Davi/Downloads/oma/.release/native-build/python/ifcopenshell/api/aggregate/__init__.py
-- Installing: C:/Users/Davi/Downloads/oma/.release/native-build/python/ifcopenshell/api/aggregate/assign_object.py
-- Installing: C:/Users/Davi/Downloads/oma/.release/native-build/python/ifcopenshell/api/aggregate/unassign_object.py
-- Installing: C:/Users/Davi/Downloads/oma/.release/native-build/python/ifcopenshell/api/alignment/__init__.py
-- Installing: C:/Users/Davi/Downloads/oma/.release/native-build/python/ifcopenshell/api/alignment/_add_segment_to_curve.py
-- Installing: C:/Users/Davi/Downloads/oma/.release/native-build/python/ifcopenshell/api/alignment/_add_segment_to_layout.py
-- Installing: C:/Users/Davi/Downloads/oma/.release/native-build/python/ifcopenshell/api/alignment/_add_zero_length_segment.py
-- Installing: C:/Users/Davi/Downloads/oma/.release/native-build/python/ifcopenshell/api/alignment/_create_geometric_representation.py
-- Installing: C:/Users/Davi/Downloads/oma/.release/native-build/python/ifcopenshell/api/alignment/_create_offset_curve_representation.py
-- Installing: C:/Users/Davi/Downloads/oma/.release/native-build/python/ifcopenshell/api/alignment/_create_polyline_representation.py
-- Installing: C:/Users/Davi/Downloads/oma/.release/native-build/python/ifcopenshell/api/alignment/_get_cant_segment.py
-- Installing: C:/Users/Davi/Downloads/oma/.release/native-build/python/ifcopenshell/api/alignment/_get_segment_start_point_label.py
-- Installing: C:/Users/Davi/Downloads/oma/.release/native-build/python/ifcopenshell/api/alignment/_map_alignment_cant_segment.py
-- Installing: C:/Users/Davi/Downloads/oma/.release/native-build/python/ifcopenshell/api/alignment/_map_alignment_horizontal_segment.py
-- Installing: C:/Users/Davi/Downloads/oma/.release/native-build/python/ifcopenshell/api/alignment/_map_alignment_vertical_segment.py
-- Installing: C:/Users/Davi/Downloads/oma/.release/native-build/python/ifcopenshell/api/alignment/_update_curve_segment_transition_code.py
-- Installing: C:/Users/Davi/Downloads/oma/.release/native-build/python/ifcopenshell/api/alignment/add_stationing_referent.py
-- Installing: C:/Users/Davi/Downloads/oma/.release/native-build/python/ifcopenshell/api/alignment/add_vertical_layout.py
-- Installing: C:/Users/Davi/Downloads/oma/.release/native-build/python/ifcopenshell/api/alignment/add_zero_length_segment.py
-- Installing: C:/Users/Davi/Downloads/oma/.release/native-build/python/ifcopenshell/api/alignment/create.py
-- Installing: C:/Users/Davi/Downloads/oma/.release/native-build/python/ifcopenshell/api/alignment/create_as_offset_curve.py
-- Installing: C:/Users/Davi/Downloads/oma/.release/native-build/python/ifcopenshell/api/alignment/create_as_polyline.py
-- Installing: C:/Users/Davi/Downloads/oma/.release/native-build/python/ifcopenshell/api/alignment/create_by_pi_method.py
-- Installing: C:/Users/Davi/Downloads/oma/.release/native-build/python/ifcopenshell/api/alignment/create_from_csv.py
-- Installing: C:/Users/Davi/Downloads/oma/.release/native-build/python/ifcopenshell/api/alignment/create_layout_segment.py
-- Installing: C:/Users/Davi/Downloads/oma/.release/native-build/python/ifcopenshell/api/alignment/create_representation.py
-- Installing: C:/Users/Davi/Downloads/oma/.release/native-build/python/ifcopenshell/api/alignment/create_segment_representations.py
-- Installing: C:/Users/Davi/Downloads/oma/.release/native-build/python/ifcopenshell/api/alignment/distance_along_from_station.py
-- Installing: C:/Users/Davi/Downloads/oma/.release/native-build/python/ifcopenshell/api/alignment/get_alignment.py
-- Installing: C:/Users/Davi/Downloads/oma/.release/native-build/python/ifcopenshell/api/alignment/get_alignment_layout_nest.py
-- Installing: C:/Users/Davi/Downloads/oma/.release/native-build/python/ifcopenshell/api/alignment/get_alignment_layouts.py
-- Installing: C:/Users/Davi/Downloads/oma/.release/native-build/python/ifcopenshell/api/alignment/get_alignment_segment_nest.py
-- Installing: C:/Users/Davi/Downloads/oma/.release/native-build/python/ifcopenshell/api/alignment/get_alignment_start_station.py
-- Installing: C:/Users/Davi/Downloads/oma/.release/native-build/python/ifcopenshell/api/alignment/get_axis_subcontext.py
-- Installing: C:/Users/Davi/Downloads/oma/.release/native-build/python/ifcopenshell/api/alignment/get_basis_curve.py
-- Installing: C:/Users/Davi/Downloads/oma/.release/native-build/python/ifcopenshell/api/alignment/get_cant_layout.py
-- Installing: C:/Users/Davi/Downloads/oma/.release/native-build/python/ifcopenshell/api/alignment/get_child_alignments.py
-- Installing: C:/Users/Davi/Downloads/oma/.release/native-build/python/ifcopenshell/api/alignment/get_curve.py
-- Installing: C:/Users/Davi/Downloads/oma/.release/native-build/python/ifcopenshell/api/alignment/get_curve_segment_transition_code.py
-- Installing: C:/Users/Davi/Downloads/oma/.release/native-build/python/ifcopenshell/api/alignment/get_horizontal_layout.py
-- Installing: C:/Users/Davi/Downloads/oma/.release/native-build/python/ifcopenshell/api/alignment/get_layout_curve.py
-- Installing: C:/Users/Davi/Downloads/oma/.release/native-build/python/ifcopenshell/api/alignment/get_layout_segments.py
-- Installing: C:/Users/Davi/Downloads/oma/.release/native-build/python/ifcopenshell/api/alignment/get_mapped_segments.py
-- Installing: C:/Users/Davi/Downloads/oma/.release/native-build/python/ifcopenshell/api/alignment/get_parent_alignment.py
-- Installing: C:/Users/Davi/Downloads/oma/.release/native-build/python/ifcopenshell/api/alignment/get_referent_nest.py
-- Installing: C:/Users/Davi/Downloads/oma/.release/native-build/python/ifcopenshell/api/alignment/get_vertical_layout.py
-- Installing: C:/Users/Davi/Downloads/oma/.release/native-build/python/ifcopenshell/api/alignment/has_zero_length_segment.py
-- Installing: C:/Users/Davi/Downloads/oma/.release/native-build/python/ifcopenshell/api/alignment/layout_horizontal_alignment_by_pi_method.py
-- Installing: C:/Users/Davi/Downloads/oma/.release/native-build/python/ifcopenshell/api/alignment/layout_vertical_alignment_by_pi_method.py
-- Installing: C:/Users/Davi/Downloads/oma/.release/native-build/python/ifcopenshell/api/alignment/name_segments.py
-- Installing: C:/Users/Davi/Downloads/oma/.release/native-build/python/ifcopenshell/api/alignment/update_fallback_position.py
-- Installing: C:/Users/Davi/Downloads/oma/.release/native-build/python/ifcopenshell/api/alignment/util.py
-- Installing: C:/Users/Davi/Downloads/oma/.release/native-build/python/ifcopenshell/api/attribute/__init__.py
-- Installing: C:/Users/Davi/Downloads/oma/.release/native-build/python/ifcopenshell/api/attribute/edit_attributes.py
-- Installing: C:/Users/Davi/Downloads/oma/.release/native-build/python/ifcopenshell/api/boundary/__init__.py
-- Installing: C:/Users/Davi/Downloads/oma/.release/native-build/python/ifcopenshell/api/boundary/assign_connection_geometry.py
-- Installing: C:/Users/Davi/Downloads/oma/.release/native-build/python/ifcopenshell/api/boundary/copy_boundary.py
-- Installing: C:/Users/Davi/Downloads/oma/.release/native-build/python/ifcopenshell/api/boundary/edit_attributes.py
-- Installing: C:/Users/Davi/Downloads/oma/.release/native-build/python/ifcopenshell/api/boundary/remove_boundary.py
-- Installing: C:/Users/Davi/Downloads/oma/.release/native-build/python/ifcopenshell/api/classification/__init__.py
-- Installing: C:/Users/Davi/Downloads/oma/.release/native-build/python/ifcopenshell/api/classification/add_classification.py
-- Installing: C:/Users/Davi/Downloads/oma/.release/native-build/python/ifcopenshell/api/classification/add_reference.py
-- Installing: C:/Users/Davi/Downloads/oma/.release/native-build/python/ifcopenshell/api/classification/edit_classification.py
-- Installing: C:/Users/Davi/Downloads/oma/.release/native-build/python/ifcopenshell/api/classification/edit_reference.py
-- Installing: C:/Users/Davi/Downloads/oma/.release/native-build/python/ifcopenshell/api/classification/remove_classification.py
-- Installing: C:/Users/Davi/Downloads/oma/.release/native-build/python/ifcopenshell/api/classification/remove_reference.py
-- Installing: C:/Users/Davi/Downloads/oma/.release/native-build/python/ifcopenshell/api/cogo/__init__.py
-- Installing: C:/Users/Davi/Downloads/oma/.release/native-build/python/ifcopenshell/api/cogo/add_survey_point.py
-- Installing: C:/Users/Davi/Downloads/oma/.release/native-build/python/ifcopenshell/api/cogo/assign_survey_point.py
-- Installing: C:/Users/Davi/Downloads/oma/.release/native-build/python/ifcopenshell/api/cogo/bearing2dd.py
-- Installing: C:/Users/Davi/Downloads/oma/.release/native-build/python/ifcopenshell/api/cogo/edit_survey_point.py
-- Installing: C:/Users/Davi/Downloads/oma/.release/native-build/python/ifcopenshell/api/constraint/__init__.py
-- Installing: C:/Users/Davi/Downloads/oma/.release/native-build/python/ifcopenshell/api/constraint/add_metric.py
-- Installing: C:/Users/Davi/Downloads/oma/.release/native-build/python/ifcopenshell/api/constraint/add_metric_reference.py
-- Installing: C:/Users/Davi/Downloads/oma/.release/native-build/python/ifcopenshell/api/constraint/add_objective.py
-- Installing: C:/Users/Davi/Downloads/oma/.release/native-build/python/ifcopenshell/api/constraint/assign_constraint.py
-- Installing: C:/Users/Davi/Downloads/oma/.release/native-build/python/ifcopenshell/api/constraint/edit_metric.py
-- Installing: C:/Users/Davi/Downloads/oma/.release/native-build/python/ifcopenshell/api/constraint/edit_objective.py
-- Installing: C:/Users/Davi/Downloads/oma/.release/native-build/python/ifcopenshell/api/constraint/remove_constraint.py
-- Installing: C:/Users/Davi/Downloads/oma/.release/native-build/python/ifcopenshell/api/constraint/remove_metric.py
-- Installing: C:/Users/Davi/Downloads/oma/.release/native-build/python/ifcopenshell/api/constraint/unassign_constraint.py
-- Installing: C:/Users/Davi/Downloads/oma/.release/native-build/python/ifcopenshell/api/context/__init__.py
-- Installing: C:/Users/Davi/Downloads/oma/.release/native-build/python/ifcopenshell/api/context/add_context.py
-- Installing: C:/Users/Davi/Downloads/oma/.release/native-build/python/ifcopenshell/api/context/edit_context.py
-- Installing: C:/Users/Davi/Downloads/oma/.release/native-build/python/ifcopenshell/api/context/remove_context.py
-- Installing: C:/Users/Davi/Downloads/oma/.release/native-build/python/ifcopenshell/api/control/__init__.py
-- Installing: C:/Users/Davi/Downloads/oma/.release/native-build/python/ifcopenshell/api/control/assign_control.py
-- Installing: C:/Users/Davi/Downloads/oma/.release/native-build/python/ifcopenshell/api/control/unassign_control.py
-- Installing: C:/Users/Davi/Downloads/oma/.release/native-build/python/ifcopenshell/api/cost/__init__.py
-- Installing: C:/Users/Davi/Downloads/oma/.release/native-build/python/ifcopenshell/api/cost/add_cost_item.py
-- Installing: C:/Users/Davi/Downloads/oma/.release/native-build/python/ifcopenshell/api/cost/add_cost_item_quantity.py
-- Installing: C:/Users/Davi/Downloads/oma/.release/native-build/python/ifcopenshell/api/cost/add_cost_schedule.py
-- Installing: C:/Users/Davi/Downloads/oma/.release/native-build/python/ifcopenshell/api/cost/add_cost_value.py
-- Installing: C:/Users/Davi/Downloads/oma/.release/native-build/python/ifcopenshell/api/cost/assign_cost_item_quantity.py
-- Installing: C:/Users/Davi/Downloads/oma/.release/native-build/python/ifcopenshell/api/cost/assign_cost_value.py
-- Installing: C:/Users/Davi/Downloads/oma/.release/native-build/python/ifcopenshell/api/cost/calculate_cost_item_resource_value.py
-- Installing: C:/Users/Davi/Downloads/oma/.release/native-build/python/ifcopenshell/api/cost/copy_cost_item.py
-- Installing: C:/Users/Davi/Downloads/oma/.release/native-build/python/ifcopenshell/api/cost/copy_cost_item_values.py
-- Installing: C:/Users/Davi/Downloads/oma/.release/native-build/python/ifcopenshell/api/cost/copy_cost_schedule.py
-- Installing: C:/Users/Davi/Downloads/oma/.release/native-build/python/ifcopenshell/api/cost/edit_cost_item.py
-- Installing: C:/Users/Davi/Downloads/oma/.release/native-build/python/ifcopenshell/api/cost/edit_cost_item_quantity.py
-- Installing: C:/Users/Davi/Downloads/oma/.release/native-build/python/ifcopenshell/api/cost/edit_cost_schedule.py
-- Installing: C:/Users/Davi/Downloads/oma/.release/native-build/python/ifcopenshell/api/cost/edit_cost_value.py
-- Installing: C:/Users/Davi/Downloads/oma/.release/native-build/python/ifcopenshell/api/cost/edit_cost_value_formula.py
-- Installing: C:/Users/Davi/Downloads/oma/.release/native-build/python/ifcopenshell/api/cost/remove_cost_item.py
-- Installing: C:/Users/Davi/Downloads/oma/.release/native-build/python/ifcopenshell/api/cost/remove_cost_item_quantity.py
-- Installing: C:/Users/Davi/Downloads/oma/.release/native-build/python/ifcopenshell/api/cost/remove_cost_schedule.py
-- Installing: C:/Users/Davi/Downloads/oma/.release/native-build/python/ifcopenshell/api/cost/remove_cost_value.py
-- Installing: C:/Users/Davi/Downloads/oma/.release/native-build/python/ifcopenshell/api/cost/unassign_cost_item_quantity.py
-- Installing: C:/Users/Davi/Downloads/oma/.release/native-build/python/ifcopenshell/api/document/__init__.py
-- Installing: C:/Users/Davi/Downloads/oma/.release/native-build/python/ifcopenshell/api/document/add_information.py
-- Installing: C:/Users/Davi/Downloads/oma/.release/native-build/python/ifcopenshell/api/document/add_reference.py
-- Installing: C:/Users/Davi/Downloads/oma/.release/native-build/python/ifcopenshell/api/document/assign_document.py
-- Installing: C:/Users/Davi/Downloads/oma/.release/native-build/python/ifcopenshell/api/document/edit_information.py
-- Installing: C:/Users/Davi/Downloads/oma/.release/native-build/python/ifcopenshell/api/document/edit_reference.py
-- Installing: C:/Users/Davi/Downloads/oma/.release/native-build/python/ifcopenshell/api/document/remove_information.py
-- Installing: C:/Users/Davi/Downloads/oma/.release/native-build/python/ifcopenshell/api/document/remove_reference.py
-- Installing: C:/Users/Davi/Downloads/oma/.release/native-build/python/ifcopenshell/api/document/unassign_document.py
-- Installing: C:/Users/Davi/Downloads/oma/.release/native-build/python/ifcopenshell/api/drawing/__init__.py
-- Installing: C:/Users/Davi/Downloads/oma/.release/native-build/python/ifcopenshell/api/drawing/assign_product.py
-- Installing: C:/Users/Davi/Downloads/oma/.release/native-build/python/ifcopenshell/api/drawing/edit_text_literal.py
-- Installing: C:/Users/Davi/Downloads/oma/.release/native-build/python/ifcopenshell/api/drawing/unassign_product.py
-- Installing: C:/Users/Davi/Downloads/oma/.release/native-build/python/ifcopenshell/api/feature/__init__.py
-- Installing: C:/Users/Davi/Downloads/oma/.release/native-build/python/ifcopenshell/api/feature/add_feature.py
-- Installing: C:/Users/Davi/Downloads/oma/.release/native-build/python/ifcopenshell/api/feature/add_filling.py
-- Installing: C:/Users/Davi/Downloads/oma/.release/native-build/python/ifcopenshell/api/feature/remove_feature.py
-- Installing: C:/Users/Davi/Downloads/oma/.release/native-build/python/ifcopenshell/api/feature/remove_filling.py
-- Installing: C:/Users/Davi/Downloads/oma/.release/native-build/python/ifcopenshell/api/geometry/__init__.py
-- Installing: C:/Users/Davi/Downloads/oma/.release/native-build/python/ifcopenshell/api/geometry/add_axis_representation.py
-- Installing: C:/Users/Davi/Downloads/oma/.release/native-build/python/ifcopenshell/api/geometry/add_boolean.py
-- Installing: C:/Users/Davi/Downloads/oma/.release/native-build/python/ifcopenshell/api/geometry/add_door_representation.py
-- Installing: C:/Users/Davi/Downloads/oma/.release/native-build/python/ifcopenshell/api/geometry/add_footprint_representation.py
-- Installing: C:/Users/Davi/Downloads/oma/.release/native-build/python/ifcopenshell/api/geometry/add_mesh_representation.py
-- Installing: C:/Users/Davi/Downloads/oma/.release/native-build/python/ifcopenshell/api/geometry/add_profile_representation.py
-- Installing: C:/Users/Davi/Downloads/oma/.release/native-build/python/ifcopenshell/api/geometry/add_railing_representation.py
-- Installing: C:/Users/Davi/Downloads/oma/.release/native-build/python/ifcopenshell/api/geometry/add_representation.py
-- Installing: C:/Users/Davi/Downloads/oma/.release/native-build/python/ifcopenshell/api/geometry/add_shape_aspect.py
-- Installing: C:/Users/Davi/Downloads/oma/.release/native-build/python/ifcopenshell/api/geometry/add_slab_representation.py
-- Installing: C:/Users/Davi/Downloads/oma/.release/native-build/python/ifcopenshell/api/geometry/add_wall_representation.py
-- Installing: C:/Users/Davi/Downloads/oma/.release/native-build/python/ifcopenshell/api/geometry/add_window_representation.py
-- Installing: C:/Users/Davi/Downloads/oma/.release/native-build/python/ifcopenshell/api/geometry/assign_representation.py
-- Installing: C:/Users/Davi/Downloads/oma/.release/native-build/python/ifcopenshell/api/geometry/connect_element.py
-- Installing: C:/Users/Davi/Downloads/oma/.release/native-build/python/ifcopenshell/api/geometry/connect_path.py
-- Installing: C:/Users/Davi/Downloads/oma/.release/native-build/python/ifcopenshell/api/geometry/connect_wall.py
-- Installing: C:/Users/Davi/Downloads/oma/.release/native-build/python/ifcopenshell/api/geometry/create_2pt_wall.py
-- Installing: C:/Users/Davi/Downloads/oma/.release/native-build/python/ifcopenshell/api/geometry/disconnect_element.py
-- Installing: C:/Users/Davi/Downloads/oma/.release/native-build/python/ifcopenshell/api/geometry/disconnect_path.py
-- Installing: C:/Users/Davi/Downloads/oma/.release/native-build/python/ifcopenshell/api/geometry/edit_object_placement.py
-- Installing: C:/Users/Davi/Downloads/oma/.release/native-build/python/ifcopenshell/api/geometry/map_representation.py
-- Installing: C:/Users/Davi/Downloads/oma/.release/native-build/python/ifcopenshell/api/geometry/regenerate_wall_representation.py
-- Installing: C:/Users/Davi/Downloads/oma/.release/native-build/python/ifcopenshell/api/geometry/remove_boolean.py
-- Installing: C:/Users/Davi/Downloads/oma/.release/native-build/python/ifcopenshell/api/geometry/remove_representation.py
-- Installing: C:/Users/Davi/Downloads/oma/.release/native-build/python/ifcopenshell/api/geometry/unassign_representation.py
-- Installing: C:/Users/Davi/Downloads/oma/.release/native-build/python/ifcopenshell/api/geometry/validate_type.py
-- Installing: C:/Users/Davi/Downloads/oma/.release/native-build/python/ifcopenshell/api/georeference/__init__.py
-- Installing: C:/Users/Davi/Downloads/oma/.release/native-build/python/ifcopenshell/api/georeference/add_georeferencing.py
-- Installing: C:/Users/Davi/Downloads/oma/.release/native-build/python/ifcopenshell/api/georeference/edit_georeferencing.py
-- Installing: C:/Users/Davi/Downloads/oma/.release/native-build/python/ifcopenshell/api/georeference/edit_true_north.py
-- Installing: C:/Users/Davi/Downloads/oma/.release/native-build/python/ifcopenshell/api/georeference/edit_wcs.py
-- Installing: C:/Users/Davi/Downloads/oma/.release/native-build/python/ifcopenshell/api/georeference/remove_georeferencing.py
-- Installing: C:/Users/Davi/Downloads/oma/.release/native-build/python/ifcopenshell/api/grid/__init__.py
-- Installing: C:/Users/Davi/Downloads/oma/.release/native-build/python/ifcopenshell/api/grid/create_axis_curve.py
-- Installing: C:/Users/Davi/Downloads/oma/.release/native-build/python/ifcopenshell/api/grid/create_grid_axis.py
-- Installing: C:/Users/Davi/Downloads/oma/.release/native-build/python/ifcopenshell/api/grid/remove_grid_axis.py
-- Installing: C:/Users/Davi/Downloads/oma/.release/native-build/python/ifcopenshell/api/group/__init__.py
-- Installing: C:/Users/Davi/Downloads/oma/.release/native-build/python/ifcopenshell/api/group/add_group.py
-- Installing: C:/Users/Davi/Downloads/oma/.release/native-build/python/ifcopenshell/api/group/assign_group.py
-- Installing: C:/Users/Davi/Downloads/oma/.release/native-build/python/ifcopenshell/api/group/edit_group.py
-- Installing: C:/Users/Davi/Downloads/oma/.release/native-build/python/ifcopenshell/api/group/remove_group.py
-- Installing: C:/Users/Davi/Downloads/oma/.release/native-build/python/ifcopenshell/api/group/unassign_group.py
-- Installing: C:/Users/Davi/Downloads/oma/.release/native-build/python/ifcopenshell/api/group/update_group_products.py
-- Installing: C:/Users/Davi/Downloads/oma/.release/native-build/python/ifcopenshell/api/layer/__init__.py
-- Installing: C:/Users/Davi/Downloads/oma/.release/native-build/python/ifcopenshell/api/layer/add_layer.py
-- Installing: C:/Users/Davi/Downloads/oma/.release/native-build/python/ifcopenshell/api/layer/add_layer_with_style.py
-- Installing: C:/Users/Davi/Downloads/oma/.release/native-build/python/ifcopenshell/api/layer/assign_layer.py
-- Installing: C:/Users/Davi/Downloads/oma/.release/native-build/python/ifcopenshell/api/layer/edit_layer.py
-- Installing: C:/Users/Davi/Downloads/oma/.release/native-build/python/ifcopenshell/api/layer/remove_layer.py
-- Installing: C:/Users/Davi/Downloads/oma/.release/native-build/python/ifcopenshell/api/layer/unassign_layer.py
-- Installing: C:/Users/Davi/Downloads/oma/.release/native-build/python/ifcopenshell/api/library/__init__.py
-- Installing: C:/Users/Davi/Downloads/oma/.release/native-build/python/ifcopenshell/api/library/add_library.py
-- Installing: C:/Users/Davi/Downloads/oma/.release/native-build/python/ifcopenshell/api/library/add_reference.py
-- Installing: C:/Users/Davi/Downloads/oma/.release/native-build/python/ifcopenshell/api/library/assign_reference.py
-- Installing: C:/Users/Davi/Downloads/oma/.release/native-build/python/ifcopenshell/api/library/edit_library.py
-- Installing: C:/Users/Davi/Downloads/oma/.release/native-build/python/ifcopenshell/api/library/edit_reference.py
-- Installing: C:/Users/Davi/Downloads/oma/.release/native-build/python/ifcopenshell/api/library/remove_library.py
-- Installing: C:/Users/Davi/Downloads/oma/.release/native-build/python/ifcopenshell/api/library/remove_reference.py
-- Installing: C:/Users/Davi/Downloads/oma/.release/native-build/python/ifcopenshell/api/library/unassign_reference.py
-- Installing: C:/Users/Davi/Downloads/oma/.release/native-build/python/ifcopenshell/api/material/__init__.py
-- Installing: C:/Users/Davi/Downloads/oma/.release/native-build/python/ifcopenshell/api/material/add_constituent.py
-- Installing: C:/Users/Davi/Downloads/oma/.release/native-build/python/ifcopenshell/api/material/add_layer.py
-- Installing: C:/Users/Davi/Downloads/oma/.release/native-build/python/ifcopenshell/api/material/add_list_item.py
-- Installing: C:/Users/Davi/Downloads/oma/.release/native-build/python/ifcopenshell/api/material/add_material.py
-- Installing: C:/Users/Davi/Downloads/oma/.release/native-build/python/ifcopenshell/api/material/add_material_set.py
-- Installing: C:/Users/Davi/Downloads/oma/.release/native-build/python/ifcopenshell/api/material/add_profile.py
-- Installing: C:/Users/Davi/Downloads/oma/.release/native-build/python/ifcopenshell/api/material/assign_material.py
-- Installing: C:/Users/Davi/Downloads/oma/.release/native-build/python/ifcopenshell/api/material/assign_profile.py
-- Installing: C:/Users/Davi/Downloads/oma/.release/native-build/python/ifcopenshell/api/material/copy_material.py
-- Installing: C:/Users/Davi/Downloads/oma/.release/native-build/python/ifcopenshell/api/material/edit_assigned_material.py
-- Installing: C:/Users/Davi/Downloads/oma/.release/native-build/python/ifcopenshell/api/material/edit_constituent.py
-- Installing: C:/Users/Davi/Downloads/oma/.release/native-build/python/ifcopenshell/api/material/edit_layer.py
-- Installing: C:/Users/Davi/Downloads/oma/.release/native-build/python/ifcopenshell/api/material/edit_layer_usage.py
-- Installing: C:/Users/Davi/Downloads/oma/.release/native-build/python/ifcopenshell/api/material/edit_material.py
-- Installing: C:/Users/Davi/Downloads/oma/.release/native-build/python/ifcopenshell/api/material/edit_profile.py
-- Installing: C:/Users/Davi/Downloads/oma/.release/native-build/python/ifcopenshell/api/material/edit_profile_usage.py
-- Installing: C:/Users/Davi/Downloads/oma/.release/native-build/python/ifcopenshell/api/material/remove_constituent.py
-- Installing: C:/Users/Davi/Downloads/oma/.release/native-build/python/ifcopenshell/api/material/remove_layer.py
-- Installing: C:/Users/Davi/Downloads/oma/.release/native-build/python/ifcopenshell/api/material/remove_list_item.py
-- Installing: C:/Users/Davi/Downloads/oma/.release/native-build/python/ifcopenshell/api/material/remove_material.py
-- Installing: C:/Users/Davi/Downloads/oma/.release/native-build/python/ifcopenshell/api/material/remove_material_set.py
-- Installing: C:/Users/Davi/Downloads/oma/.release/native-build/python/ifcopenshell/api/material/remove_profile.py
-- Installing: C:/Users/Davi/Downloads/oma/.release/native-build/python/ifcopenshell/api/material/reorder_set_item.py
-- Installing: C:/Users/Davi/Downloads/oma/.release/native-build/python/ifcopenshell/api/material/set_shape_aspect_constituents.py
-- Installing: C:/Users/Davi/Downloads/oma/.release/native-build/python/ifcopenshell/api/material/unassign_material.py
-- Installing: C:/Users/Davi/Downloads/oma/.release/native-build/python/ifcopenshell/api/nest/__init__.py
-- Installing: C:/Users/Davi/Downloads/oma/.release/native-build/python/ifcopenshell/api/nest/assign_object.py
-- Installing: C:/Users/Davi/Downloads/oma/.release/native-build/python/ifcopenshell/api/nest/change_nest.py
-- Installing: C:/Users/Davi/Downloads/oma/.release/native-build/python/ifcopenshell/api/nest/reorder_nesting.py
-- Installing: C:/Users/Davi/Downloads/oma/.release/native-build/python/ifcopenshell/api/nest/unassign_object.py
-- Installing: C:/Users/Davi/Downloads/oma/.release/native-build/python/ifcopenshell/api/owner/__init__.py
-- Installing: C:/Users/Davi/Downloads/oma/.release/native-build/python/ifcopenshell/api/owner/add_actor.py
-- Installing: C:/Users/Davi/Downloads/oma/.release/native-build/python/ifcopenshell/api/owner/add_address.py
-- Installing: C:/Users/Davi/Downloads/oma/.release/native-build/python/ifcopenshell/api/owner/add_application.py
-- Installing: C:/Users/Davi/Downloads/oma/.release/native-build/python/ifcopenshell/api/owner/add_organisation.py
-- Installing: C:/Users/Davi/Downloads/oma/.release/native-build/python/ifcopenshell/api/owner/add_person.py
-- Installing: C:/Users/Davi/Downloads/oma/.release/native-build/python/ifcopenshell/api/owner/add_person_and_organisation.py
-- Installing: C:/Users/Davi/Downloads/oma/.release/native-build/python/ifcopenshell/api/owner/add_role.py
-- Installing: C:/Users/Davi/Downloads/oma/.release/native-build/python/ifcopenshell/api/owner/assign_actor.py
-- Installing: C:/Users/Davi/Downloads/oma/.release/native-build/python/ifcopenshell/api/owner/create_owner_history.py
-- Installing: C:/Users/Davi/Downloads/oma/.release/native-build/python/ifcopenshell/api/owner/edit_actor.py
-- Installing: C:/Users/Davi/Downloads/oma/.release/native-build/python/ifcopenshell/api/owner/edit_address.py
-- Installing: C:/Users/Davi/Downloads/oma/.release/native-build/python/ifcopenshell/api/owner/edit_application.py
-- Installing: C:/Users/Davi/Downloads/oma/.release/native-build/python/ifcopenshell/api/owner/edit_organisation.py
-- Installing: C:/Users/Davi/Downloads/oma/.release/native-build/python/ifcopenshell/api/owner/edit_person.py
-- Installing: C:/Users/Davi/Downloads/oma/.release/native-build/python/ifcopenshell/api/owner/edit_role.py
-- Installing: C:/Users/Davi/Downloads/oma/.release/native-build/python/ifcopenshell/api/owner/remove_actor.py
-- Installing: C:/Users/Davi/Downloads/oma/.release/native-build/python/ifcopenshell/api/owner/remove_address.py
-- Installing: C:/Users/Davi/Downloads/oma/.release/native-build/python/ifcopenshell/api/owner/remove_application.py
-- Installing: C:/Users/Davi/Downloads/oma/.release/native-build/python/ifcopenshell/api/owner/remove_organisation.py
-- Installing: C:/Users/Davi/Downloads/oma/.release/native-build/python/ifcopenshell/api/owner/remove_person.py
-- Installing: C:/Users/Davi/Downloads/oma/.release/native-build/python/ifcopenshell/api/owner/remove_person_and_organisation.py
-- Installing: C:/Users/Davi/Downloads/oma/.release/native-build/python/ifcopenshell/api/owner/remove_role.py
-- Installing: C:/Users/Davi/Downloads/oma/.release/native-build/python/ifcopenshell/api/owner/settings.py
-- Installing: C:/Users/Davi/Downloads/oma/.release/native-build/python/ifcopenshell/api/owner/unassign_actor.py
-- Installing: C:/Users/Davi/Downloads/oma/.release/native-build/python/ifcopenshell/api/owner/update_owner_history.py
-- Installing: C:/Users/Davi/Downloads/oma/.release/native-build/python/ifcopenshell/api/profile/__init__.py
-- Installing: C:/Users/Davi/Downloads/oma/.release/native-build/python/ifcopenshell/api/profile/add_arbitrary_profile.py
-- Installing: C:/Users/Davi/Downloads/oma/.release/native-build/python/ifcopenshell/api/profile/add_arbitrary_profile_with_voids.py
-- Installing: C:/Users/Davi/Downloads/oma/.release/native-build/python/ifcopenshell/api/profile/add_parameterized_profile.py
-- Installing: C:/Users/Davi/Downloads/oma/.release/native-build/python/ifcopenshell/api/profile/copy_profile.py
-- Installing: C:/Users/Davi/Downloads/oma/.release/native-build/python/ifcopenshell/api/profile/edit_profile.py
-- Installing: C:/Users/Davi/Downloads/oma/.release/native-build/python/ifcopenshell/api/profile/remove_profile.py
-- Installing: C:/Users/Davi/Downloads/oma/.release/native-build/python/ifcopenshell/api/project/__init__.py
-- Installing: C:/Users/Davi/Downloads/oma/.release/native-build/python/ifcopenshell/api/project/append_asset.py
-- Installing: C:/Users/Davi/Downloads/oma/.release/native-build/python/ifcopenshell/api/project/assign_declaration.py
-- Installing: C:/Users/Davi/Downloads/oma/.release/native-build/python/ifcopenshell/api/project/create_file.py
-- Installing: C:/Users/Davi/Downloads/oma/.release/native-build/python/ifcopenshell/api/project/unassign_declaration.py
-- Installing: C:/Users/Davi/Downloads/oma/.release/native-build/python/ifcopenshell/api/pset/__init__.py
-- Installing: C:/Users/Davi/Downloads/oma/.release/native-build/python/ifcopenshell/api/pset/add_pset.py
-- Installing: C:/Users/Davi/Downloads/oma/.release/native-build/python/ifcopenshell/api/pset/add_qto.py
-- Installing: C:/Users/Davi/Downloads/oma/.release/native-build/python/ifcopenshell/api/pset/assign_pset.py
-- Installing: C:/Users/Davi/Downloads/oma/.release/native-build/python/ifcopenshell/api/pset/edit_pset.py
-- Installing: C:/Users/Davi/Downloads/oma/.release/native-build/python/ifcopenshell/api/pset/edit_qto.py
-- Installing: C:/Users/Davi/Downloads/oma/.release/native-build/python/ifcopenshell/api/pset/remove_pset.py
-- Installing: C:/Users/Davi/Downloads/oma/.release/native-build/python/ifcopenshell/api/pset/unassign_pset.py
-- Installing: C:/Users/Davi/Downloads/oma/.release/native-build/python/ifcopenshell/api/pset/unshare_pset.py
-- Installing: C:/Users/Davi/Downloads/oma/.release/native-build/python/ifcopenshell/api/pset_template/__init__.py
-- Installing: C:/Users/Davi/Downloads/oma/.release/native-build/python/ifcopenshell/api/pset_template/add_prop_template.py
-- Installing: C:/Users/Davi/Downloads/oma/.release/native-build/python/ifcopenshell/api/pset_template/add_pset_template.py
-- Installing: C:/Users/Davi/Downloads/oma/.release/native-build/python/ifcopenshell/api/pset_template/edit_prop_template.py
-- Installing: C:/Users/Davi/Downloads/oma/.release/native-build/python/ifcopenshell/api/pset_template/edit_pset_template.py
-- Installing: C:/Users/Davi/Downloads/oma/.release/native-build/python/ifcopenshell/api/pset_template/remove_prop_template.py
-- Installing: C:/Users/Davi/Downloads/oma/.release/native-build/python/ifcopenshell/api/pset_template/remove_pset_template.py
-- Installing: C:/Users/Davi/Downloads/oma/.release/native-build/python/ifcopenshell/api/resource/__init__.py
-- Installing: C:/Users/Davi/Downloads/oma/.release/native-build/python/ifcopenshell/api/resource/add_resource.py
-- Installing: C:/Users/Davi/Downloads/oma/.release/native-build/python/ifcopenshell/api/resource/add_resource_quantity.py
-- Installing: C:/Users/Davi/Downloads/oma/.release/native-build/python/ifcopenshell/api/resource/add_resource_time.py
-- Installing: C:/Users/Davi/Downloads/oma/.release/native-build/python/ifcopenshell/api/resource/assign_resource.py
-- Installing: C:/Users/Davi/Downloads/oma/.release/native-build/python/ifcopenshell/api/resource/calculate_resource_usage.py
-- Installing: C:/Users/Davi/Downloads/oma/.release/native-build/python/ifcopenshell/api/resource/calculate_resource_work.py
-- Installing: C:/Users/Davi/Downloads/oma/.release/native-build/python/ifcopenshell/api/resource/edit_resource.py
-- Installing: C:/Users/Davi/Downloads/oma/.release/native-build/python/ifcopenshell/api/resource/edit_resource_quantity.py
-- Installing: C:/Users/Davi/Downloads/oma/.release/native-build/python/ifcopenshell/api/resource/edit_resource_time.py
-- Installing: C:/Users/Davi/Downloads/oma/.release/native-build/python/ifcopenshell/api/resource/remove_resource.py
-- Installing: C:/Users/Davi/Downloads/oma/.release/native-build/python/ifcopenshell/api/resource/remove_resource_quantity.py
-- Installing: C:/Users/Davi/Downloads/oma/.release/native-build/python/ifcopenshell/api/resource/unassign_resource.py
-- Installing: C:/Users/Davi/Downloads/oma/.release/native-build/python/ifcopenshell/api/root/__init__.py
-- Installing: C:/Users/Davi/Downloads/oma/.release/native-build/python/ifcopenshell/api/root/copy_class.py
-- Installing: C:/Users/Davi/Downloads/oma/.release/native-build/python/ifcopenshell/api/root/create_entity.py
-- Installing: C:/Users/Davi/Downloads/oma/.release/native-build/python/ifcopenshell/api/root/reassign_class.py
-- Installing: C:/Users/Davi/Downloads/oma/.release/native-build/python/ifcopenshell/api/root/remove_product.py
-- Installing: C:/Users/Davi/Downloads/oma/.release/native-build/python/ifcopenshell/api/sequence/__init__.py
-- Installing: C:/Users/Davi/Downloads/oma/.release/native-build/python/ifcopenshell/api/sequence/add_date_time.py
-- Installing: C:/Users/Davi/Downloads/oma/.release/native-build/python/ifcopenshell/api/sequence/add_task.py
-- Installing: C:/Users/Davi/Downloads/oma/.release/native-build/python/ifcopenshell/api/sequence/add_task_time.py
-- Installing: C:/Users/Davi/Downloads/oma/.release/native-build/python/ifcopenshell/api/sequence/add_time_period.py
-- Installing: C:/Users/Davi/Downloads/oma/.release/native-build/python/ifcopenshell/api/sequence/add_work_calendar.py
-- Installing: C:/Users/Davi/Downloads/oma/.release/native-build/python/ifcopenshell/api/sequence/add_work_plan.py
-- Installing: C:/Users/Davi/Downloads/oma/.release/native-build/python/ifcopenshell/api/sequence/add_work_schedule.py
-- Installing: C:/Users/Davi/Downloads/oma/.release/native-build/python/ifcopenshell/api/sequence/add_work_time.py
-- Installing: C:/Users/Davi/Downloads/oma/.release/native-build/python/ifcopenshell/api/sequence/assign_lag_time.py
-- Installing: C:/Users/Davi/Downloads/oma/.release/native-build/python/ifcopenshell/api/sequence/assign_process.py
-- Installing: C:/Users/Davi/Downloads/oma/.release/native-build/python/ifcopenshell/api/sequence/assign_product.py
-- Installing: C:/Users/Davi/Downloads/oma/.release/native-build/python/ifcopenshell/api/sequence/assign_recurrence_pattern.py
-- Installing: C:/Users/Davi/Downloads/oma/.release/native-build/python/ifcopenshell/api/sequence/assign_sequence.py
-- Installing: C:/Users/Davi/Downloads/oma/.release/native-build/python/ifcopenshell/api/sequence/assign_work_plan.py
-- Installing: C:/Users/Davi/Downloads/oma/.release/native-build/python/ifcopenshell/api/sequence/calculate_task_duration.py
-- Installing: C:/Users/Davi/Downloads/oma/.release/native-build/python/ifcopenshell/api/sequence/cascade_schedule.py
-- Installing: C:/Users/Davi/Downloads/oma/.release/native-build/python/ifcopenshell/api/sequence/copy_work_schedule.py
-- Installing: C:/Users/Davi/Downloads/oma/.release/native-build/python/ifcopenshell/api/sequence/create_baseline.py
-- Installing: C:/Users/Davi/Downloads/oma/.release/native-build/python/ifcopenshell/api/sequence/duplicate_task.py
-- Installing: C:/Users/Davi/Downloads/oma/.release/native-build/python/ifcopenshell/api/sequence/edit_lag_time.py
-- Installing: C:/Users/Davi/Downloads/oma/.release/native-build/python/ifcopenshell/api/sequence/edit_recurrence_pattern.py
-- Installing: C:/Users/Davi/Downloads/oma/.release/native-build/python/ifcopenshell/api/sequence/edit_sequence.py
-- Installing: C:/Users/Davi/Downloads/oma/.release/native-build/python/ifcopenshell/api/sequence/edit_task.py
-- Installing: C:/Users/Davi/Downloads/oma/.release/native-build/python/ifcopenshell/api/sequence/edit_task_time.py
-- Installing: C:/Users/Davi/Downloads/oma/.release/native-build/python/ifcopenshell/api/sequence/edit_work_calendar.py
-- Installing: C:/Users/Davi/Downloads/oma/.release/native-build/python/ifcopenshell/api/sequence/edit_work_plan.py
-- Installing: C:/Users/Davi/Downloads/oma/.release/native-build/python/ifcopenshell/api/sequence/edit_work_schedule.py
-- Installing: C:/Users/Davi/Downloads/oma/.release/native-build/python/ifcopenshell/api/sequence/edit_work_time.py
-- Installing: C:/Users/Davi/Downloads/oma/.release/native-build/python/ifcopenshell/api/sequence/recalculate_schedule.py
-- Installing: C:/Users/Davi/Downloads/oma/.release/native-build/python/ifcopenshell/api/sequence/remove_task.py
-- Installing: C:/Users/Davi/Downloads/oma/.release/native-build/python/ifcopenshell/api/sequence/remove_time_period.py
-- Installing: C:/Users/Davi/Downloads/oma/.release/native-build/python/ifcopenshell/api/sequence/remove_work_calendar.py
-- Installing: C:/Users/Davi/Downloads/oma/.release/native-build/python/ifcopenshell/api/sequence/remove_work_plan.py
-- Installing: C:/Users/Davi/Downloads/oma/.release/native-build/python/ifcopenshell/api/sequence/remove_work_schedule.py
-- Installing: C:/Users/Davi/Downloads/oma/.release/native-build/python/ifcopenshell/api/sequence/remove_work_time.py
-- Installing: C:/Users/Davi/Downloads/oma/.release/native-build/python/ifcopenshell/api/sequence/unassign_lag_time.py
-- Installing: C:/Users/Davi/Downloads/oma/.release/native-build/python/ifcopenshell/api/sequence/unassign_process.py
-- Installing: C:/Users/Davi/Downloads/oma/.release/native-build/python/ifcopenshell/api/sequence/unassign_product.py
-- Installing: C:/Users/Davi/Downloads/oma/.release/native-build/python/ifcopenshell/api/sequence/unassign_recurrence_pattern.py
-- Installing: C:/Users/Davi/Downloads/oma/.release/native-build/python/ifcopenshell/api/sequence/unassign_sequence.py
-- Installing: C:/Users/Davi/Downloads/oma/.release/native-build/python/ifcopenshell/api/spatial/__init__.py
-- Installing: C:/Users/Davi/Downloads/oma/.release/native-build/python/ifcopenshell/api/spatial/assign_container.py
-- Installing: C:/Users/Davi/Downloads/oma/.release/native-build/python/ifcopenshell/api/spatial/dereference_structure.py
-- Installing: C:/Users/Davi/Downloads/oma/.release/native-build/python/ifcopenshell/api/spatial/reference_structure.py
-- Installing: C:/Users/Davi/Downloads/oma/.release/native-build/python/ifcopenshell/api/spatial/unassign_container.py
-- Installing: C:/Users/Davi/Downloads/oma/.release/native-build/python/ifcopenshell/api/structural/__init__.py
-- Installing: C:/Users/Davi/Downloads/oma/.release/native-build/python/ifcopenshell/api/structural/add_structural_activity.py
-- Installing: C:/Users/Davi/Downloads/oma/.release/native-build/python/ifcopenshell/api/structural/add_structural_analysis_model.py
-- Installing: C:/Users/Davi/Downloads/oma/.release/native-build/python/ifcopenshell/api/structural/add_structural_boundary_condition.py
-- Installing: C:/Users/Davi/Downloads/oma/.release/native-build/python/ifcopenshell/api/structural/add_structural_load.py
-- Installing: C:/Users/Davi/Downloads/oma/.release/native-build/python/ifcopenshell/api/structural/add_structural_load_case.py
-- Installing: C:/Users/Davi/Downloads/oma/.release/native-build/python/ifcopenshell/api/structural/add_structural_load_group.py
-- Installing: C:/Users/Davi/Downloads/oma/.release/native-build/python/ifcopenshell/api/structural/add_structural_member_connection.py
-- Installing: C:/Users/Davi/Downloads/oma/.release/native-build/python/ifcopenshell/api/structural/assign_structural_analysis_model.py
-- Installing: C:/Users/Davi/Downloads/oma/.release/native-build/python/ifcopenshell/api/structural/edit_structural_analysis_model.py
-- Installing: C:/Users/Davi/Downloads/oma/.release/native-build/python/ifcopenshell/api/structural/edit_structural_boundary_condition.py
-- Installing: C:/Users/Davi/Downloads/oma/.release/native-build/python/ifcopenshell/api/structural/edit_structural_connection_cs.py
-- Installing: C:/Users/Davi/Downloads/oma/.release/native-build/python/ifcopenshell/api/structural/edit_structural_item_axis.py
-- Installing: C:/Users/Davi/Downloads/oma/.release/native-build/python/ifcopenshell/api/structural/edit_structural_load.py
-- Installing: C:/Users/Davi/Downloads/oma/.release/native-build/python/ifcopenshell/api/structural/edit_structural_load_case.py
-- Installing: C:/Users/Davi/Downloads/oma/.release/native-build/python/ifcopenshell/api/structural/remove_structural_analysis_model.py
-- Installing: C:/Users/Davi/Downloads/oma/.release/native-build/python/ifcopenshell/api/structural/remove_structural_boundary_condition.py
-- Installing: C:/Users/Davi/Downloads/oma/.release/native-build/python/ifcopenshell/api/structural/remove_structural_connection_condition.py
-- Installing: C:/Users/Davi/Downloads/oma/.release/native-build/python/ifcopenshell/api/structural/remove_structural_load.py
-- Installing: C:/Users/Davi/Downloads/oma/.release/native-build/python/ifcopenshell/api/structural/remove_structural_load_case.py
-- Installing: C:/Users/Davi/Downloads/oma/.release/native-build/python/ifcopenshell/api/structural/remove_structural_load_group.py
-- Installing: C:/Users/Davi/Downloads/oma/.release/native-build/python/ifcopenshell/api/structural/unassign_structural_analysis_model.py
-- Installing: C:/Users/Davi/Downloads/oma/.release/native-build/python/ifcopenshell/api/style/__init__.py
-- Installing: C:/Users/Davi/Downloads/oma/.release/native-build/python/ifcopenshell/api/style/add_style.py
-- Installing: C:/Users/Davi/Downloads/oma/.release/native-build/python/ifcopenshell/api/style/add_surface_style.py
-- Installing: C:/Users/Davi/Downloads/oma/.release/native-build/python/ifcopenshell/api/style/add_surface_textures.py
-- Installing: C:/Users/Davi/Downloads/oma/.release/native-build/python/ifcopenshell/api/style/assign_item_style.py
-- Installing: C:/Users/Davi/Downloads/oma/.release/native-build/python/ifcopenshell/api/style/assign_material_style.py
-- Installing: C:/Users/Davi/Downloads/oma/.release/native-build/python/ifcopenshell/api/style/assign_representation_styles.py
-- Installing: C:/Users/Davi/Downloads/oma/.release/native-build/python/ifcopenshell/api/style/edit_presentation_style.py
-- Installing: C:/Users/Davi/Downloads/oma/.release/native-build/python/ifcopenshell/api/style/edit_surface_style.py
-- Installing: C:/Users/Davi/Downloads/oma/.release/native-build/python/ifcopenshell/api/style/remove_style.py
-- Installing: C:/Users/Davi/Downloads/oma/.release/native-build/python/ifcopenshell/api/style/remove_styled_representation.py
-- Installing: C:/Users/Davi/Downloads/oma/.release/native-build/python/ifcopenshell/api/style/remove_surface_style.py
-- Installing: C:/Users/Davi/Downloads/oma/.release/native-build/python/ifcopenshell/api/style/unassign_material_style.py
-- Installing: C:/Users/Davi/Downloads/oma/.release/native-build/python/ifcopenshell/api/style/unassign_representation_styles.py
-- Installing: C:/Users/Davi/Downloads/oma/.release/native-build/python/ifcopenshell/api/system/__init__.py
-- Installing: C:/Users/Davi/Downloads/oma/.release/native-build/python/ifcopenshell/api/system/add_port.py
-- Installing: C:/Users/Davi/Downloads/oma/.release/native-build/python/ifcopenshell/api/system/add_system.py
-- Installing: C:/Users/Davi/Downloads/oma/.release/native-build/python/ifcopenshell/api/system/assign_flow_control.py
-- Installing: C:/Users/Davi/Downloads/oma/.release/native-build/python/ifcopenshell/api/system/assign_port.py
-- Installing: C:/Users/Davi/Downloads/oma/.release/native-build/python/ifcopenshell/api/system/assign_system.py
-- Installing: C:/Users/Davi/Downloads/oma/.release/native-build/python/ifcopenshell/api/system/connect_port.py
-- Installing: C:/Users/Davi/Downloads/oma/.release/native-build/python/ifcopenshell/api/system/disconnect_port.py
-- Installing: C:/Users/Davi/Downloads/oma/.release/native-build/python/ifcopenshell/api/system/edit_system.py
-- Installing: C:/Users/Davi/Downloads/oma/.release/native-build/python/ifcopenshell/api/system/remove_system.py
-- Installing: C:/Users/Davi/Downloads/oma/.release/native-build/python/ifcopenshell/api/system/unassign_flow_control.py
-- Installing: C:/Users/Davi/Downloads/oma/.release/native-build/python/ifcopenshell/api/system/unassign_port.py
-- Installing: C:/Users/Davi/Downloads/oma/.release/native-build/python/ifcopenshell/api/system/unassign_system.py
-- Installing: C:/Users/Davi/Downloads/oma/.release/native-build/python/ifcopenshell/api/type/__init__.py
-- Installing: C:/Users/Davi/Downloads/oma/.release/native-build/python/ifcopenshell/api/type/assign_type.py
-- Installing: C:/Users/Davi/Downloads/oma/.release/native-build/python/ifcopenshell/api/type/map_type_representations.py
-- Installing: C:/Users/Davi/Downloads/oma/.release/native-build/python/ifcopenshell/api/type/unassign_type.py
-- Installing: C:/Users/Davi/Downloads/oma/.release/native-build/python/ifcopenshell/api/unit/__init__.py
-- Installing: C:/Users/Davi/Downloads/oma/.release/native-build/python/ifcopenshell/api/unit/add_context_dependent_unit.py
-- Installing: C:/Users/Davi/Downloads/oma/.release/native-build/python/ifcopenshell/api/unit/add_conversion_based_unit.py
-- Installing: C:/Users/Davi/Downloads/oma/.release/native-build/python/ifcopenshell/api/unit/add_derived_unit.py
-- Installing: C:/Users/Davi/Downloads/oma/.release/native-build/python/ifcopenshell/api/unit/add_monetary_unit.py
-- Installing: C:/Users/Davi/Downloads/oma/.release/native-build/python/ifcopenshell/api/unit/add_si_unit.py
-- Installing: C:/Users/Davi/Downloads/oma/.release/native-build/python/ifcopenshell/api/unit/assign_unit.py
-- Installing: C:/Users/Davi/Downloads/oma/.release/native-build/python/ifcopenshell/api/unit/edit_derived_unit.py
-- Installing: C:/Users/Davi/Downloads/oma/.release/native-build/python/ifcopenshell/api/unit/edit_monetary_unit.py
-- Installing: C:/Users/Davi/Downloads/oma/.release/native-build/python/ifcopenshell/api/unit/edit_named_unit.py
-- Installing: C:/Users/Davi/Downloads/oma/.release/native-build/python/ifcopenshell/api/unit/remove_unit.py
-- Installing: C:/Users/Davi/Downloads/oma/.release/native-build/python/ifcopenshell/api/unit/unassign_unit.py
-- Installing: C:/Users/Davi/Downloads/oma/.release/native-build/python/ifcopenshell/draw.py
-- Installing: C:/Users/Davi/Downloads/oma/.release/native-build/python/ifcopenshell/entity_instance.py
-- Installing: C:/Users/Davi/Downloads/oma/.release/native-build/python/ifcopenshell/express/DocAttribute.csv
-- Installing: C:/Users/Davi/Downloads/oma/.release/native-build/python/ifcopenshell/express/DocDefined.csv
-- Installing: C:/Users/Davi/Downloads/oma/.release/native-build/python/ifcopenshell/express/DocEntity.csv
-- Installing: C:/Users/Davi/Downloads/oma/.release/native-build/python/ifcopenshell/express/DocEntityAttributes.csv
-- Installing: C:/Users/Davi/Downloads/oma/.release/native-build/python/ifcopenshell/express/DocEnumeration.csv
-- Installing: C:/Users/Davi/Downloads/oma/.release/native-build/python/ifcopenshell/express/DocSelect.csv
-- Installing: C:/Users/Davi/Downloads/oma/.release/native-build/python/ifcopenshell/express/README.md
-- Installing: C:/Users/Davi/Downloads/oma/.release/native-build/python/ifcopenshell/express/__init__.py
-- Installing: C:/Users/Davi/Downloads/oma/.release/native-build/python/ifcopenshell/express/bootstrap.py
-- Installing: C:/Users/Davi/Downloads/oma/.release/native-build/python/ifcopenshell/express/cat.py
-- Installing: C:/Users/Davi/Downloads/oma/.release/native-build/python/ifcopenshell/express/codegen.py
-- Installing: C:/Users/Davi/Downloads/oma/.release/native-build/python/ifcopenshell/express/definitions.py
-- Installing: C:/Users/Davi/Downloads/oma/.release/native-build/python/ifcopenshell/express/documentation.py
-- Installing: C:/Users/Davi/Downloads/oma/.release/native-build/python/ifcopenshell/express/express.bnf
-- Installing: C:/Users/Davi/Downloads/oma/.release/native-build/python/ifcopenshell/express/express_parser.py
-- Installing: C:/Users/Davi/Downloads/oma/.release/native-build/python/ifcopenshell/express/header.py
-- Installing: C:/Users/Davi/Downloads/oma/.release/native-build/python/ifcopenshell/express/header_schema.exp
-- Installing: C:/Users/Davi/Downloads/oma/.release/native-build/python/ifcopenshell/express/implementation.py
-- Installing: C:/Users/Davi/Downloads/oma/.release/native-build/python/ifcopenshell/express/mapping.py
-- Installing: C:/Users/Davi/Downloads/oma/.release/native-build/python/ifcopenshell/express/nodes.py
-- Installing: C:/Users/Davi/Downloads/oma/.release/native-build/python/ifcopenshell/express/rule_compiler.py
-- Installing: C:/Users/Davi/Downloads/oma/.release/native-build/python/ifcopenshell/express/rule_executor.py
-- Installing: C:/Users/Davi/Downloads/oma/.release/native-build/python/ifcopenshell/express/rules/IFC2X3.py
-- Installing: C:/Users/Davi/Downloads/oma/.release/native-build/python/ifcopenshell/express/rules/IFC4.py
-- Installing: C:/Users/Davi/Downloads/oma/.release/native-build/python/ifcopenshell/express/rules/IFC4X1.py
-- Installing: C:/Users/Davi/Downloads/oma/.release/native-build/python/ifcopenshell/express/rules/IFC4X2.py
-- Installing: C:/Users/Davi/Downloads/oma/.release/native-build/python/ifcopenshell/express/rules/IFC4X3.py
-- Installing: C:/Users/Davi/Downloads/oma/.release/native-build/python/ifcopenshell/express/rules/IFC4X3_ADD1.py
-- Installing: C:/Users/Davi/Downloads/oma/.release/native-build/python/ifcopenshell/express/rules/IFC4X3_ADD2.py
-- Installing: C:/Users/Davi/Downloads/oma/.release/native-build/python/ifcopenshell/express/rules/IFC4X3_RC1.py
-- Installing: C:/Users/Davi/Downloads/oma/.release/native-build/python/ifcopenshell/express/rules/IFC4X3_RC2.py
-- Installing: C:/Users/Davi/Downloads/oma/.release/native-build/python/ifcopenshell/express/rules/IFC4X3_RC3.py
-- Installing: C:/Users/Davi/Downloads/oma/.release/native-build/python/ifcopenshell/express/rules/IFC4X3_RC4.py
-- Installing: C:/Users/Davi/Downloads/oma/.release/native-build/python/ifcopenshell/express/rules/IFC4X3_TC1.py
-- Installing: C:/Users/Davi/Downloads/oma/.release/native-build/python/ifcopenshell/express/rules/__init__.py
-- Installing: C:/Users/Davi/Downloads/oma/.release/native-build/python/ifcopenshell/express/run.bat
-- Installing: C:/Users/Davi/Downloads/oma/.release/native-build/python/ifcopenshell/express/schema.py
-- Installing: C:/Users/Davi/Downloads/oma/.release/native-build/python/ifcopenshell/express/schema_class.py
-- Installing: C:/Users/Davi/Downloads/oma/.release/native-build/python/ifcopenshell/express/templates.py
-- Installing: C:/Users/Davi/Downloads/oma/.release/native-build/python/ifcopenshell/express/txt/endif.txt
-- Installing: C:/Users/Davi/Downloads/oma/.release/native-build/python/ifcopenshell/express/txt/header_ifc2x3.txt
-- Installing: C:/Users/Davi/Downloads/oma/.release/native-build/python/ifcopenshell/express/txt/header_ifc4.txt
-- Installing: C:/Users/Davi/Downloads/oma/.release/native-build/python/ifcopenshell/express/txt/header_ifc4x1.txt
-- Installing: C:/Users/Davi/Downloads/oma/.release/native-build/python/ifcopenshell/express/txt/header_ifc4x2.txt
-- Installing: C:/Users/Davi/Downloads/oma/.release/native-build/python/ifcopenshell/express/txt/header_ifc4x3_add1.txt
-- Installing: C:/Users/Davi/Downloads/oma/.release/native-build/python/ifcopenshell/express/txt/header_ifc4x3_add2.txt
-- Installing: C:/Users/Davi/Downloads/oma/.release/native-build/python/ifcopenshell/express/txt/header_ifc4x3_rc1.txt
-- Installing: C:/Users/Davi/Downloads/oma/.release/native-build/python/ifcopenshell/express/txt/header_ifc4x3_rc2.txt
-- Installing: C:/Users/Davi/Downloads/oma/.release/native-build/python/ifcopenshell/express/txt/header_ifc4x3_tc1.txt
-- Installing: C:/Users/Davi/Downloads/oma/.release/native-build/python/ifcopenshell/express/txt/ifdef_ifc4.txt
-- Installing: C:/Users/Davi/Downloads/oma/.release/native-build/python/ifcopenshell/express/txt/ifdef_ifc4x1.txt
-- Installing: C:/Users/Davi/Downloads/oma/.release/native-build/python/ifcopenshell/express/txt/ifndef_ifc4.txt
-- Installing: C:/Users/Davi/Downloads/oma/.release/native-build/python/ifcopenshell/express/txt/ifndef_ifc4x1 - Copy.txt
-- Installing: C:/Users/Davi/Downloads/oma/.release/native-build/python/ifcopenshell/express/txt/ifndef_ifc4x1.txt
-- Installing: C:/Users/Davi/Downloads/oma/.release/native-build/python/ifcopenshell/file.py
-- Installing: C:/Users/Davi/Downloads/oma/.release/native-build/python/ifcopenshell/geom/__init__.py
-- Installing: C:/Users/Davi/Downloads/oma/.release/native-build/python/ifcopenshell/geom/app.py
-- Installing: C:/Users/Davi/Downloads/oma/.release/native-build/python/ifcopenshell/geom/code_editor_pane.py
-- Installing: C:/Users/Davi/Downloads/oma/.release/native-build/python/ifcopenshell/geom/main.py
-- Installing: C:/Users/Davi/Downloads/oma/.release/native-build/python/ifcopenshell/geom/occ_utils.py
-- Installing: C:/Users/Davi/Downloads/oma/.release/native-build/python/ifcopenshell/geom/stats.py
-- Installing: C:/Users/Davi/Downloads/oma/.release/native-build/python/ifcopenshell/guid.py
-- Installing: C:/Users/Davi/Downloads/oma/.release/native-build/python/ifcopenshell/ifcopenshell_wrapper.pyi
-- Installing: C:/Users/Davi/Downloads/oma/.release/native-build/python/ifcopenshell/mvd/.gitignore
-- Installing: C:/Users/Davi/Downloads/oma/.release/native-build/python/ifcopenshell/mvd/LICENSE
-- Installing: C:/Users/Davi/Downloads/oma/.release/native-build/python/ifcopenshell/mvd/README.md
-- Installing: C:/Users/Davi/Downloads/oma/.release/native-build/python/ifcopenshell/mvd/__init__.py
-- Installing: C:/Users/Davi/Downloads/oma/.release/native-build/python/ifcopenshell/mvd/__main__.py
-- Installing: C:/Users/Davi/Downloads/oma/.release/native-build/python/ifcopenshell/mvd/mvd.py
-- Installing: C:/Users/Davi/Downloads/oma/.release/native-build/python/ifcopenshell/mvd/mvd_examples/Example-CV100.mvdxml
-- Installing: C:/Users/Davi/Downloads/oma/.release/native-build/python/ifcopenshell/mvd/mvd_examples/Example-CV104.mvdxml
-- Installing: C:/Users/Davi/Downloads/oma/.release/native-build/python/ifcopenshell/mvd/mvd_examples/Example-CV106.mvdxml
-- Installing: C:/Users/Davi/Downloads/oma/.release/native-build/python/ifcopenshell/mvd/mvd_examples/building.mvdxml
-- Installing: C:/Users/Davi/Downloads/oma/.release/native-build/python/ifcopenshell/mvd/mvd_examples/officials/ReferenceView_V1-2.mvdxml
-- Installing: C:/Users/Davi/Downloads/oma/.release/native-build/python/ifcopenshell/mvd/mvd_examples/wall_extraction.mvdxml
-- Installing: C:/Users/Davi/Downloads/oma/.release/native-build/python/ifcopenshell/mvd/mvd_examples/xset.mvdxml
-- Installing: C:/Users/Davi/Downloads/oma/.release/native-build/python/ifcopenshell/mvd/mvdxml_expression.py
-- Installing: C:/Users/Davi/Downloads/oma/.release/native-build/python/ifcopenshell/mvd/sparql.py
-- Installing: C:/Users/Davi/Downloads/oma/.release/native-build/python/ifcopenshell/py.typed
-- Installing: C:/Users/Davi/Downloads/oma/.release/native-build/python/ifcopenshell/requirements.txt
-- Installing: C:/Users/Davi/Downloads/oma/.release/native-build/python/ifcopenshell/settings.py
-- Installing: C:/Users/Davi/Downloads/oma/.release/native-build/python/ifcopenshell/simple_spf/.github/workflows/ci.yaml
-- Installing: C:/Users/Davi/Downloads/oma/.release/native-build/python/ifcopenshell/simple_spf/.gitignore
-- Installing: C:/Users/Davi/Downloads/oma/.release/native-build/python/ifcopenshell/simple_spf/LICENSE
-- Installing: C:/Users/Davi/Downloads/oma/.release/native-build/python/ifcopenshell/simple_spf/README.md
-- Installing: C:/Users/Davi/Downloads/oma/.release/native-build/python/ifcopenshell/simple_spf/__init__.py
-- Installing: C:/Users/Davi/Downloads/oma/.release/native-build/python/ifcopenshell/simple_spf/__main__.py
-- Installing: C:/Users/Davi/Downloads/oma/.release/native-build/python/ifcopenshell/simple_spf/fixtures/extended_mvd.ifc
-- Installing: C:/Users/Davi/Downloads/oma/.release/native-build/python/ifcopenshell/simple_spf/fixtures/fail_double_comma.ifc
-- Installing: C:/Users/Davi/Downloads/oma/.release/native-build/python/ifcopenshell/simple_spf/fixtures/fail_double_semi.ifc
-- Installing: C:/Users/Davi/Downloads/oma/.release/native-build/python/ifcopenshell/simple_spf/fixtures/fail_duplicate_id.ifc
-- Installing: C:/Users/Davi/Downloads/oma/.release/native-build/python/ifcopenshell/simple_spf/fixtures/fail_invalid_header_entity.ifc
-- Installing: C:/Users/Davi/Downloads/oma/.release/native-build/python/ifcopenshell/simple_spf/fixtures/fail_multiple_duplicate_ids.ifc
-- Installing: C:/Users/Davi/Downloads/oma/.release/native-build/python/ifcopenshell/simple_spf/fixtures/fail_multiple_wrong_header_fields.ifc
-- Installing: C:/Users/Davi/Downloads/oma/.release/native-build/python/ifcopenshell/simple_spf/fixtures/fail_no_header.ifc
-- Installing: C:/Users/Davi/Downloads/oma/.release/native-build/python/ifcopenshell/simple_spf/fixtures/fail_reverse_string.ifc
-- Installing: C:/Users/Davi/Downloads/oma/.release/native-build/python/ifcopenshell/simple_spf/fixtures/fail_too_many_header_entity_fields.ifc
-- Installing: C:/Users/Davi/Downloads/oma/.release/native-build/python/ifcopenshell/simple_spf/fixtures/fail_utf_encoding.ifc
-- Installing: C:/Users/Davi/Downloads/oma/.release/native-build/python/ifcopenshell/simple_spf/fixtures/pass_1.ifc
-- Installing: C:/Users/Davi/Downloads/oma/.release/native-build/python/ifcopenshell/simple_spf/fixtures/pass_double_reverse.ifc
-- Installing: C:/Users/Davi/Downloads/oma/.release/native-build/python/ifcopenshell/simple_spf/fixtures/pass_page_encoding.ifc
-- Installing: C:/Users/Davi/Downloads/oma/.release/native-build/python/ifcopenshell/simple_spf/fixtures/pass_reverse_comment.ifc
-- Installing: C:/Users/Davi/Downloads/oma/.release/native-build/python/ifcopenshell/simple_spf/fixtures/passing_header.ifc
-- Installing: C:/Users/Davi/Downloads/oma/.release/native-build/python/ifcopenshell/simple_spf/ifcgraph.py
-- Installing: C:/Users/Davi/Downloads/oma/.release/native-build/python/ifcopenshell/simple_spf/parser/__init__.py
-- Installing: C:/Users/Davi/Downloads/oma/.release/native-build/python/ifcopenshell/simple_spf/parser/errors.py
-- Installing: C:/Users/Davi/Downloads/oma/.release/native-build/python/ifcopenshell/simple_spf/parser/file.py
-- Installing: C:/Users/Davi/Downloads/oma/.release/native-build/python/ifcopenshell/simple_spf/parser/grammar.py
-- Installing: C:/Users/Davi/Downloads/oma/.release/native-build/python/ifcopenshell/simple_spf/parser/mvd_info.py
-- Installing: C:/Users/Davi/Downloads/oma/.release/native-build/python/ifcopenshell/simple_spf/parser/parse.py
-- Installing: C:/Users/Davi/Downloads/oma/.release/native-build/python/ifcopenshell/simple_spf/parser/transformer.py
-- Installing: C:/Users/Davi/Downloads/oma/.release/native-build/python/ifcopenshell/simple_spf/requirements.in
-- Installing: C:/Users/Davi/Downloads/oma/.release/native-build/python/ifcopenshell/simple_spf/test_parser.py
-- Installing: C:/Users/Davi/Downloads/oma/.release/native-build/python/ifcopenshell/sql.py
-- Installing: C:/Users/Davi/Downloads/oma/.release/native-build/python/ifcopenshell/stream.py
-- Installing: C:/Users/Davi/Downloads/oma/.release/native-build/python/ifcopenshell/template.py
-- Installing: C:/Users/Davi/Downloads/oma/.release/native-build/python/ifcopenshell/util/__init__.py
-- Installing: C:/Users/Davi/Downloads/oma/.release/native-build/python/ifcopenshell/util/alignment.py
-- Installing: C:/Users/Davi/Downloads/oma/.release/native-build/python/ifcopenshell/util/attribute.py
-- Installing: C:/Users/Davi/Downloads/oma/.release/native-build/python/ifcopenshell/util/attribute_4_to_2x3.json
-- Installing: C:/Users/Davi/Downloads/oma/.release/native-build/python/ifcopenshell/util/attribute_4x3_to_4.json
-- Installing: C:/Users/Davi/Downloads/oma/.release/native-build/python/ifcopenshell/util/brick.py
-- Installing: C:/Users/Davi/Downloads/oma/.release/native-build/python/ifcopenshell/util/class_2x3_to_4.json
-- Installing: C:/Users/Davi/Downloads/oma/.release/native-build/python/ifcopenshell/util/class_4_to_2x3.json
-- Installing: C:/Users/Davi/Downloads/oma/.release/native-build/python/ifcopenshell/util/classification.py
-- Installing: C:/Users/Davi/Downloads/oma/.release/native-build/python/ifcopenshell/util/constraint.py
-- Installing: C:/Users/Davi/Downloads/oma/.release/native-build/python/ifcopenshell/util/cost.py
-- Installing: C:/Users/Davi/Downloads/oma/.release/native-build/python/ifcopenshell/util/data.py
-- Installing: C:/Users/Davi/Downloads/oma/.release/native-build/python/ifcopenshell/util/date.py
-- Installing: C:/Users/Davi/Downloads/oma/.release/native-build/python/ifcopenshell/util/doc.py
-- Installing: C:/Users/Davi/Downloads/oma/.release/native-build/python/ifcopenshell/util/element.py
-- Installing: C:/Users/Davi/Downloads/oma/.release/native-build/python/ifcopenshell/util/entity_to_type_map_2x3.json
-- Installing: C:/Users/Davi/Downloads/oma/.release/native-build/python/ifcopenshell/util/entity_to_type_map_4.json
-- Installing: C:/Users/Davi/Downloads/oma/.release/native-build/python/ifcopenshell/util/entity_to_type_map_4x3.json
-- Installing: C:/Users/Davi/Downloads/oma/.release/native-build/python/ifcopenshell/util/file.py
-- Installing: C:/Users/Davi/Downloads/oma/.release/native-build/python/ifcopenshell/util/fm.py
-- Installing: C:/Users/Davi/Downloads/oma/.release/native-build/python/ifcopenshell/util/generate_pset_templates.py
-- Installing: C:/Users/Davi/Downloads/oma/.release/native-build/python/ifcopenshell/util/geolocation.py
-- Installing: C:/Users/Davi/Downloads/oma/.release/native-build/python/ifcopenshell/util/ifc4_to_brick.json
-- Installing: C:/Users/Davi/Downloads/oma/.release/native-build/python/ifcopenshell/util/ifc4x3dev_scrape_data_for_docs.py
-- Installing: C:/Users/Davi/Downloads/oma/.release/native-build/python/ifcopenshell/util/mvd_info.py
-- Installing: C:/Users/Davi/Downloads/oma/.release/native-build/python/ifcopenshell/util/placement.py
-- Installing: C:/Users/Davi/Downloads/oma/.release/native-build/python/ifcopenshell/util/profiler.py
-- Installing: C:/Users/Davi/Downloads/oma/.release/native-build/python/ifcopenshell/util/pset.py
-- Installing: C:/Users/Davi/Downloads/oma/.release/native-build/python/ifcopenshell/util/representation.py
-- Installing: C:/Users/Davi/Downloads/oma/.release/native-build/python/ifcopenshell/util/resource.py
-- Installing: C:/Users/Davi/Downloads/oma/.release/native-build/python/ifcopenshell/util/schema.py
-- Installing: C:/Users/Davi/Downloads/oma/.release/native-build/python/ifcopenshell/util/schema/Pset_IFC2X3.ifc
-- Installing: C:/Users/Davi/Downloads/oma/.release/native-build/python/ifcopenshell/util/schema/Pset_IFC4X3.ifc
-- Installing: C:/Users/Davi/Downloads/oma/.release/native-build/python/ifcopenshell/util/schema/Pset_IFC4_ADD2.ifc
-- Installing: C:/Users/Davi/Downloads/oma/.release/native-build/python/ifcopenshell/util/schema/ifc2x3_entities.json
-- Installing: C:/Users/Davi/Downloads/oma/.release/native-build/python/ifcopenshell/util/schema/ifc2x3_properties.json
-- Installing: C:/Users/Davi/Downloads/oma/.release/native-build/python/ifcopenshell/util/schema/ifc2x3_property_sets_site_domains.json
-- Installing: C:/Users/Davi/Downloads/oma/.release/native-build/python/ifcopenshell/util/schema/ifc2x3_types.json
-- Installing: C:/Users/Davi/Downloads/oma/.release/native-build/python/ifcopenshell/util/schema/ifc4_entities.json
-- Installing: C:/Users/Davi/Downloads/oma/.release/native-build/python/ifcopenshell/util/schema/ifc4_properties.json
-- Installing: C:/Users/Davi/Downloads/oma/.release/native-build/python/ifcopenshell/util/schema/ifc4_property_sets_site_domains.json
-- Installing: C:/Users/Davi/Downloads/oma/.release/native-build/python/ifcopenshell/util/schema/ifc4_types.json
-- Installing: C:/Users/Davi/Downloads/oma/.release/native-build/python/ifcopenshell/util/schema/ifc4x3_entities.json
-- Installing: C:/Users/Davi/Downloads/oma/.release/native-build/python/ifcopenshell/util/schema/ifc4x3_properties.json
-- Installing: C:/Users/Davi/Downloads/oma/.release/native-build/python/ifcopenshell/util/schema/ifc4x3_types.json
-- Installing: C:/Users/Davi/Downloads/oma/.release/native-build/python/ifcopenshell/util/schema/ifc_classes_suggestions.json
-- Installing: C:/Users/Davi/Downloads/oma/.release/native-build/python/ifcopenshell/util/scripts/validate_stub.py
-- Installing: C:/Users/Davi/Downloads/oma/.release/native-build/python/ifcopenshell/util/selector.py
-- Installing: C:/Users/Davi/Downloads/oma/.release/native-build/python/ifcopenshell/util/sequence.py
-- Installing: C:/Users/Davi/Downloads/oma/.release/native-build/python/ifcopenshell/util/shape.py
-- Installing: C:/Users/Davi/Downloads/oma/.release/native-build/python/ifcopenshell/util/shape_builder.py
-- Installing: C:/Users/Davi/Downloads/oma/.release/native-build/python/ifcopenshell/util/system.py
-- Installing: C:/Users/Davi/Downloads/oma/.release/native-build/python/ifcopenshell/util/type.py
-- Installing: C:/Users/Davi/Downloads/oma/.release/native-build/python/ifcopenshell/util/unit.py
-- Installing: C:/Users/Davi/Downloads/oma/.release/native-build/python/ifcopenshell/validate.py
-- Installing: C:/Users/Davi/Downloads/oma/.release/native-build/python/ifcopenshell/ifcopenshell_wrapper.py
-- Installing: C:/Users/Davi/Downloads/oma/.release/native-build/python/ifcopenshell/_ifcopenshell_wrapper.cp312-win_amd64.pyd
-- Installing: C:/Users/Davi/Downloads/oma/.release/native-build/sdk/ifc/lib/cmake/IfcOpenShell/IfcOpenShellTargets.cmake
-- Installing: C:/Users/Davi/Downloads/oma/.release/native-build/sdk/ifc/lib/cmake/IfcOpenShell/IfcOpenShellTargets-release.cmake
-- Installing: C:/Users/Davi/Downloads/oma/.release/native-build/sdk/ifc/lib/cmake/IfcOpenShell/IfcOpenShellConfig.cmake
-- Installing: C:/Users/Davi/Downloads/oma/.release/native-build/sdk/ifc/lib/cmake/IfcOpenShell/IfcOpenShellConfigVersion.cmake
