Performing configuration checks

    - default address-model    : 64-bit [1]
    - default architecture     : x86 [1]
    - has_icu builds           : no [2]
    - cxx11_hdr_ratio          : yes [2]
    - cxx11_template_aliases   : yes [2]
    - cxx11_decltype           : yes [2]
    - cxx11_char16_t           : yes [2]
    - cxx11_char32_t           : yes [2]
    - zlib                     : no [2]
    - bzip2                    : no [2]
    - lzma                     : no [2]
    - zstd                     : no [2]
    - has_lzma_cputhreads builds : no [2]
    - has std::atomic_ref      : no [2]
    - has statx                : no [2]
    - has statx syscall        : no [2]
    - has BCrypt API           : yes [2]
    - has init_priority attribute : no [2]
    - has stat::st_blksize     : no [2]
    - has stat::st_mtim        : no [2]
    - has stat::st_mtimensec   : no [2]
    - has stat::st_mtimespec   : no [2]
    - has stat::st_birthtim    : no [2]
    - has stat::st_birthtimensec : no [2]
    - has stat::st_birthtimespec : no [2]
    - has fdopendir(O_NOFOLLOW) : no [2]
    - has dirent::d_type       : no [2]
    - has POSIX *at APIs       : no [2]
    - has fallocate            : no [2]
    - compiler supports SSE2   : yes [2]
    - compiler supports SSE4.1 : yes [2]
    - cxx11_static_assert      : yes [2]
    - has synchronization.lib  : yes [2]
    - cxx11_rvalue_references  : yes [2]
    - cxx11_scoped_enums       : yes [2]
    - cxx11_noexcept           : yes [2]
    - cxx11_nullptr            : yes [2]
    - cxx11_defaulted_functions : yes [2]
    - cxx11_defaulted_moves    : yes [2]
    - cxx11_deleted_functions  : yes [2]
    - cxx11_function_template_default_args : yes [2]
    - cxx11_final              : yes [2]
    - cxx11_override           : yes [2]

[1] msvc-14.3
[2] msvc-14.3/release/x86_64/link-static/python-3.10/threadapi-win32/threading-multi/visibility-hidden

Component configuration:

    - atomic                   : not building
    - charconv                 : not building
    - chrono                   : not building
    - cobalt                   : not building
    - container                : not building
    - context                  : not building
    - contract                 : not building
    - coroutine                : not building
    - date_time                : building
    - exception                : not building
    - fiber                    : not building
    - filesystem               : building
    - graph                    : not building
    - graph_parallel           : not building
    - headers                  : not building
    - iostreams                : building
    - json                     : not building
    - locale                   : not building
    - log                      : not building
    - math                     : not building
    - mpi                      : not building
    - nowide                   : not building
    - process                  : not building
    - program_options          : building
    - python                   : not building
    - random                   : not building
    - regex                    : building
    - serialization            : not building
    - stacktrace               : not building
    - system                   : building
    - test                     : not building
    - thread                   : building
    - timer                    : not building
    - type_erasure             : not building
    - url                      : not building
    - wave                     : not building
    - predef                   : not building

...patience...
...found 2760 targets...
...updating 200 targets...
compile-c-c++ bin.v2\libs\date_time\build\msvc-14.3\release\x86_64\link-static\threading-multi\gregorian\greg_month.obj
greg_month.cpp
msvc.archive bin.v2\libs\date_time\build\msvc-14.3\release\x86_64\link-static\threading-multi\libboost_date_time-vc143-mt-x64-1_86.lib
common.copy C:\Users\Davi\Downloads\oma\.release\native-build\sdk\boost\lib\libboost_date_time-vc143-mt-x64-1_86.lib
bin.v2\libs\date_time\build\msvc-14.3\release\x86_64\link-static\threading-multi\libboost_date_time-vc143-mt-x64-1_86.lib
        1 file(s) copied.
compile-c-c++ bin.v2\libs\thread\build\msvc-14.3\release\x86_64\link-static\threadapi-win32\threading-multi\win32\tss_dll.obj
tss_dll.cpp
compile-c-c++ bin.v2\libs\thread\build\msvc-14.3\release\x86_64\link-static\threadapi-win32\threading-multi\win32\tss_pe.obj
tss_pe.cpp
compile-c-c++ bin.v2\libs\iostreams\build\msvc-14.3\release\x86_64\link-static\threading-multi\file_descriptor.obj
file_descriptor.cpp
compile-c-c++ bin.v2\libs\chrono\build\msvc-14.3\release\x86_64\link-static\threading-multi\chrono.obj
chrono.cpp
common.copy C:\Users\Davi\Downloads\oma\.release\native-build\sdk\boost\lib\cmake\boost_date_time-1.86.0\boost_date_time-config.cmake
bin.v2\libs\date_time\build\msvc-14.3\release\x86_64\link-static\threading-multi\stage\boost_date_time-config.cmake
        1 file(s) copied.
common.copy C:\Users\Davi\Downloads\oma\.release\native-build\sdk\boost\lib\cmake\boost_date_time-1.86.0\boost_date_time-config-version.cmake
bin.v2\libs\date_time\build\msvc-14.3\release\x86_64\link-static\threading-multi\stage\boost_date_time-config-version.cmake
        1 file(s) copied.
common.copy C:\Users\Davi\Downloads\oma\.release\native-build\sdk\boost\lib\cmake\boost_date_time-1.86.0\libboost_date_time-variant-vc143-mt-x64-1_86-static.cmake
bin.v2\libs\date_time\build\msvc-14.3\release\x86_64\link-static\threading-multi\libboost_date_time-variant-vc143-mt-x64-1_86-static.cmake
        1 file(s) copied.
compile-c-c++ bin.v2\libs\thread\build\msvc-14.3\release\x86_64\link-static\threadapi-win32\threading-multi\win32\thread_primitives.obj
thread_primitives.cpp
compile-c-c++ bin.v2\libs\thread\build\msvc-14.3\release\x86_64\link-static\threadapi-win32\threading-multi\future.obj
future.cpp
compile-c-c++ bin.v2\libs\thread\build\msvc-14.3\release\x86_64\link-static\threadapi-win32\threading-multi\win32\thread.obj
thread.cpp
msvc.archive bin.v2\libs\thread\build\msvc-14.3\release\x86_64\link-static\threadapi-win32\threading-multi\libboost_thread-vc143-mt-x64-1_86.lib
common.copy C:\Users\Davi\Downloads\oma\.release\native-build\sdk\boost\lib\libboost_thread-vc143-mt-x64-1_86.lib
bin.v2\libs\thread\build\msvc-14.3\release\x86_64\link-static\threadapi-win32\threading-multi\libboost_thread-vc143-mt-x64-1_86.lib
        1 file(s) copied.
common.copy C:\Users\Davi\Downloads\oma\.release\native-build\sdk\boost\lib\cmake\boost_thread-1.86.0\boost_thread-config.cmake
bin.v2\libs\thread\build\msvc-14.3\release\x86_64\link-static\threadapi-win32\threading-multi\stage\boost_thread-config.cmake
        1 file(s) copied.
common.copy C:\Users\Davi\Downloads\oma\.release\native-build\sdk\boost\lib\cmake\boost_thread-1.86.0\boost_thread-config-version.cmake
bin.v2\libs\thread\build\msvc-14.3\release\x86_64\link-static\threadapi-win32\threading-multi\stage\boost_thread-config-version.cmake
        1 file(s) copied.
common.copy C:\Users\Davi\Downloads\oma\.release\native-build\sdk\boost\lib\cmake\boost_thread-1.86.0\libboost_thread-variant-vc143-mt-x64-1_86-static.cmake
bin.v2\libs\thread\build\msvc-14.3\release\x86_64\link-static\threadapi-win32\threading-multi\libboost_thread-variant-vc143-mt-x64-1_86-static.cmake
        1 file(s) copied.
compile-c-c++ bin.v2\libs\chrono\build\msvc-14.3\release\x86_64\link-static\threading-multi\thread_clock.obj
thread_clock.cpp
compile-c-c++ bin.v2\libs\atomic\build\msvc-14.3\release\x86_64\link-static\threading-multi\find_address_sse2.obj
find_address_sse2.cpp
compile-c-c++ bin.v2\libs\chrono\build\msvc-14.3\release\x86_64\link-static\threading-multi\process_cpu_clocks.obj
process_cpu_clocks.cpp
msvc.archive bin.v2\libs\chrono\build\msvc-14.3\release\x86_64\link-static\threading-multi\libboost_chrono-vc143-mt-x64-1_86.lib
common.copy C:\Users\Davi\Downloads\oma\.release\native-build\sdk\boost\lib\libboost_chrono-vc143-mt-x64-1_86.lib
bin.v2\libs\chrono\build\msvc-14.3\release\x86_64\link-static\threading-multi\libboost_chrono-vc143-mt-x64-1_86.lib
        1 file(s) copied.
compile-c-c++ bin.v2\libs\atomic\build\msvc-14.3\release\x86_64\link-static\threading-multi\find_address_sse41.obj
find_address_sse41.cpp
common.copy C:\Users\Davi\Downloads\oma\.release\native-build\sdk\boost\lib\cmake\boost_chrono-1.86.0\boost_chrono-config.cmake
bin.v2\libs\chrono\build\msvc-14.3\release\x86_64\link-static\threading-multi\stage\boost_chrono-config.cmake
        1 file(s) copied.
common.copy C:\Users\Davi\Downloads\oma\.release\native-build\sdk\boost\lib\cmake\boost_chrono-1.86.0\boost_chrono-config-version.cmake
bin.v2\libs\chrono\build\msvc-14.3\release\x86_64\link-static\threading-multi\stage\boost_chrono-config-version.cmake
        1 file(s) copied.
common.copy C:\Users\Davi\Downloads\oma\.release\native-build\sdk\boost\lib\cmake\boost_chrono-1.86.0\libboost_chrono-variant-vc143-mt-x64-1_86-static.cmake
bin.v2\libs\chrono\build\msvc-14.3\release\x86_64\link-static\threading-multi\libboost_chrono-variant-vc143-mt-x64-1_86-static.cmake
        1 file(s) copied.
compile-c-c++ bin.v2\libs\iostreams\build\msvc-14.3\release\x86_64\link-static\threading-multi\mapped_file.obj
mapped_file.cpp
msvc.archive bin.v2\libs\iostreams\build\msvc-14.3\release\x86_64\link-static\threading-multi\libboost_iostreams-vc143-mt-x64-1_86.lib
common.copy C:\Users\Davi\Downloads\oma\.release\native-build\sdk\boost\lib\libboost_iostreams-vc143-mt-x64-1_86.lib
bin.v2\libs\iostreams\build\msvc-14.3\release\x86_64\link-static\threading-multi\libboost_iostreams-vc143-mt-x64-1_86.lib
        1 file(s) copied.
compile-c-c++ bin.v2\libs\atomic\build\msvc-14.3\release\x86_64\link-static\threading-multi\lock_pool.obj
lock_pool.cpp
common.copy C:\Users\Davi\Downloads\oma\.release\native-build\sdk\boost\lib\cmake\boost_iostreams-1.86.0\boost_iostreams-config.cmake
bin.v2\libs\iostreams\build\msvc-14.3\release\x86_64\link-static\threading-multi\stage\boost_iostreams-config.cmake
        1 file(s) copied.
common.copy C:\Users\Davi\Downloads\oma\.release\native-build\sdk\boost\lib\cmake\boost_iostreams-1.86.0\boost_iostreams-config-version.cmake
bin.v2\libs\iostreams\build\msvc-14.3\release\x86_64\link-static\threading-multi\stage\boost_iostreams-config-version.cmake
        1 file(s) copied.
common.copy C:\Users\Davi\Downloads\oma\.release\native-build\sdk\boost\lib\cmake\boost_iostreams-1.86.0\libboost_iostreams-variant-vc143-mt-x64-1_86-static.cmake
bin.v2\libs\iostreams\build\msvc-14.3\release\x86_64\link-static\threading-multi\libboost_iostreams-variant-vc143-mt-x64-1_86-static.cmake
        1 file(s) copied.
compile-c-c++ bin.v2\libs\atomic\build\msvc-14.3\release\x86_64\link-static\threading-multi\wait_on_address.obj
wait_on_address.cpp
msvc.archive bin.v2\libs\atomic\build\msvc-14.3\release\x86_64\link-static\threading-multi\libboost_atomic-vc143-mt-x64-1_86.lib
common.copy C:\Users\Davi\Downloads\oma\.release\native-build\sdk\boost\lib\libboost_atomic-vc143-mt-x64-1_86.lib
bin.v2\libs\atomic\build\msvc-14.3\release\x86_64\link-static\threading-multi\libboost_atomic-vc143-mt-x64-1_86.lib
        1 file(s) copied.
...on 100th target...
compile-c-c++ bin.v2\libs\filesystem\build\msvc-14.3\release\x86_64\link-static\threading-multi\codecvt_error_category.obj
codecvt_error_category.cpp
compile-c-c++ bin.v2\libs\filesystem\build\msvc-14.3\release\x86_64\link-static\threading-multi\exception.obj
exception.cpp
compile-c-c++ bin.v2\libs\filesystem\build\msvc-14.3\release\x86_64\link-static\threading-multi\directory.obj
directory.cpp
compile-c-c++ bin.v2\libs\filesystem\build\msvc-14.3\release\x86_64\link-static\threading-multi\path.obj
path.cpp
compile-c-c++ bin.v2\libs\filesystem\build\msvc-14.3\release\x86_64\link-static\threading-multi\operations.obj
operations.cpp
compile-c-c++ bin.v2\libs\filesystem\build\msvc-14.3\release\x86_64\link-static\threading-multi\path_traits.obj
path_traits.cpp
compile-c-c++ bin.v2\libs\filesystem\build\msvc-14.3\release\x86_64\link-static\threading-multi\portability.obj
portability.cpp
compile-c-c++ bin.v2\libs\filesystem\build\msvc-14.3\release\x86_64\link-static\threading-multi\utf8_codecvt_facet.obj
utf8_codecvt_facet.cpp
common.copy C:\Users\Davi\Downloads\oma\.release\native-build\sdk\boost\lib\cmake\boost_atomic-1.86.0\boost_atomic-config.cmake
bin.v2\libs\atomic\build\msvc-14.3\release\x86_64\link-static\threading-multi\stage\boost_atomic-config.cmake
        1 file(s) copied.
common.copy C:\Users\Davi\Downloads\oma\.release\native-build\sdk\boost\lib\cmake\boost_atomic-1.86.0\boost_atomic-config-version.cmake
bin.v2\libs\atomic\build\msvc-14.3\release\x86_64\link-static\threading-multi\stage\boost_atomic-config-version.cmake
        1 file(s) copied.
common.copy C:\Users\Davi\Downloads\oma\.release\native-build\sdk\boost\lib\cmake\boost_atomic-1.86.0\libboost_atomic-variant-vc143-mt-x64-1_86-static.cmake
bin.v2\libs\atomic\build\msvc-14.3\release\x86_64\link-static\threading-multi\libboost_atomic-variant-vc143-mt-x64-1_86-static.cmake
        1 file(s) copied.
common.copy C:\Users\Davi\Downloads\oma\.release\native-build\sdk\boost\lib\cmake\BoostDetectToolset-1.86.0.cmake
C:\Users\Davi\Downloads\oma\.release\native-build\src\boost\tools\boost_install\BoostDetectToolset.cmake
        1 file(s) copied.
common.copy C:\Users\Davi\Downloads\oma\.release\native-build\sdk\boost\lib\cmake\Boost-1.86.0\BoostConfig.cmake
C:\Users\Davi\Downloads\oma\.release\native-build\src\boost\tools\boost_install\BoostConfig.cmake
        1 file(s) copied.
compile-c-c++ bin.v2\libs\filesystem\build\msvc-14.3\release\x86_64\link-static\threading-multi\windows_file_codecvt.obj
windows_file_codecvt.cpp
common.copy C:\Users\Davi\Downloads\oma\.release\native-build\sdk\boost\lib\cmake\Boost-1.86.0\BoostConfigVersion.cmake
bin.v2\tools\boost_install\BoostConfigVersion.cmake
        1 file(s) copied.
compile-c-c++ bin.v2\libs\system\build\msvc-14.3\release\x86_64\link-static\threading-multi\error_code.obj
error_code.cpp
msvc.archive bin.v2\libs\system\build\msvc-14.3\release\x86_64\link-static\threading-multi\libboost_system-vc143-mt-x64-1_86.lib
common.copy C:\Users\Davi\Downloads\oma\.release\native-build\sdk\boost\lib\cmake\boost_headers-1.86.0\boost_headers-config.cmake
bin.v2\libs\headers\build\stage\boost_headers-config.cmake
        1 file(s) copied.
common.copy C:\Users\Davi\Downloads\oma\.release\native-build\sdk\boost\lib\cmake\boost_headers-1.86.0\boost_headers-config-version.cmake
bin.v2\libs\headers\build\stage\boost_headers-config-version.cmake
        1 file(s) copied.
common.copy C:\Users\Davi\Downloads\oma\.release\native-build\sdk\boost\lib\libboost_system-vc143-mt-x64-1_86.lib
bin.v2\libs\system\build\msvc-14.3\release\x86_64\link-static\threading-multi\libboost_system-vc143-mt-x64-1_86.lib
        1 file(s) copied.
common.copy C:\Users\Davi\Downloads\oma\.release\native-build\sdk\boost\lib\cmake\boost_system-1.86.0\boost_system-config.cmake
bin.v2\libs\system\build\msvc-14.3\release\x86_64\link-static\threading-multi\stage\boost_system-config.cmake
        1 file(s) copied.
common.copy C:\Users\Davi\Downloads\oma\.release\native-build\sdk\boost\lib\cmake\boost_system-1.86.0\libboost_system-variant-vc143-mt-x64-1_86-static.cmake
bin.v2\libs\system\build\msvc-14.3\release\x86_64\link-static\threading-multi\libboost_system-variant-vc143-mt-x64-1_86-static.cmake
        1 file(s) copied.
common.copy C:\Users\Davi\Downloads\oma\.release\native-build\sdk\boost\lib\cmake\boost_system-1.86.0\boost_system-config-version.cmake
bin.v2\libs\system\build\msvc-14.3\release\x86_64\link-static\threading-multi\stage\boost_system-config-version.cmake
        1 file(s) copied.
compile-c-c++ bin.v2\libs\filesystem\build\msvc-14.3\release\x86_64\link-static\threading-multi\unique_path.obj
unique_path.cpp
msvc.archive bin.v2\libs\filesystem\build\msvc-14.3\release\x86_64\link-static\threading-multi\libboost_filesystem-vc143-mt-x64-1_86.lib
common.copy C:\Users\Davi\Downloads\oma\.release\native-build\sdk\boost\lib\libboost_filesystem-vc143-mt-x64-1_86.lib
bin.v2\libs\filesystem\build\msvc-14.3\release\x86_64\link-static\threading-multi\libboost_filesystem-vc143-mt-x64-1_86.lib
        1 file(s) copied.
common.copy C:\Users\Davi\Downloads\oma\.release\native-build\sdk\boost\lib\cmake\boost_filesystem-1.86.0\boost_filesystem-config.cmake
bin.v2\libs\filesystem\build\msvc-14.3\release\x86_64\link-static\threading-multi\stage\boost_filesystem-config.cmake
        1 file(s) copied.
compile-c-c++ bin.v2\libs\regex\build\msvc-14.3\release\x86_64\link-static\threading-multi\regex.obj
regex.cpp
compile-c-c++ bin.v2\libs\program_options\build\msvc-14.3\release\x86_64\link-static\threading-multi\config_file.obj
config_file.cpp
compile-c-c++ bin.v2\libs\program_options\build\msvc-14.3\release\x86_64\link-static\threading-multi\cmdline.obj
cmdline.cpp
compile-c-c++ bin.v2\libs\program_options\build\msvc-14.3\release\x86_64\link-static\threading-multi\options_description.obj
options_description.cpp
compile-c-c++ bin.v2\libs\regex\build\msvc-14.3\release\x86_64\link-static\threading-multi\posix_api.obj
posix_api.cpp
compile-c-c++ bin.v2\libs\program_options\build\msvc-14.3\release\x86_64\link-static\threading-multi\positional_options.obj
positional_options.cpp
compile-c-c++ bin.v2\libs\program_options\build\msvc-14.3\release\x86_64\link-static\threading-multi\parsers.obj
parsers.cpp
compile-c-c++ bin.v2\libs\program_options\build\msvc-14.3\release\x86_64\link-static\threading-multi\utf8_codecvt_facet.obj
utf8_codecvt_facet.cpp
compile-c-c++ bin.v2\libs\program_options\build\msvc-14.3\release\x86_64\link-static\threading-multi\variables_map.obj
variables_map.cpp
compile-c-c++ bin.v2\libs\program_options\build\msvc-14.3\release\x86_64\link-static\threading-multi\value_semantic.obj
value_semantic.cpp
common.copy C:\Users\Davi\Downloads\oma\.release\native-build\sdk\boost\lib\cmake\boost_filesystem-1.86.0\boost_filesystem-config-version.cmake
bin.v2\libs\filesystem\build\msvc-14.3\release\x86_64\link-static\threading-multi\stage\boost_filesystem-config-version.cmake
        1 file(s) copied.
common.copy C:\Users\Davi\Downloads\oma\.release\native-build\sdk\boost\lib\cmake\boost_filesystem-1.86.0\libboost_filesystem-variant-vc143-mt-x64-1_86-static.cmake
bin.v2\libs\filesystem\build\msvc-14.3\release\x86_64\link-static\threading-multi\libboost_filesystem-variant-vc143-mt-x64-1_86-static.cmake
        1 file(s) copied.
compile-c-c++ bin.v2\libs\regex\build\msvc-14.3\release\x86_64\link-static\threading-multi\regex_debug.obj
regex_debug.cpp
compile-c-c++ bin.v2\libs\program_options\build\msvc-14.3\release\x86_64\link-static\threading-multi\convert.obj
convert.cpp
compile-c-c++ bin.v2\libs\regex\build\msvc-14.3\release\x86_64\link-static\threading-multi\static_mutex.obj
static_mutex.cpp
compile-c-c++ bin.v2\libs\program_options\build\msvc-14.3\release\x86_64\link-static\threading-multi\winmain.obj
winmain.cpp
compile-c-c++ bin.v2\libs\program_options\build\msvc-14.3\release\x86_64\link-static\threading-multi\split.obj
split.cpp
msvc.archive bin.v2\libs\program_options\build\msvc-14.3\release\x86_64\link-static\threading-multi\libboost_program_options-vc143-mt-x64-1_86.lib
common.copy C:\Users\Davi\Downloads\oma\.release\native-build\sdk\boost\lib\libboost_program_options-vc143-mt-x64-1_86.lib
bin.v2\libs\program_options\build\msvc-14.3\release\x86_64\link-static\threading-multi\libboost_program_options-vc143-mt-x64-1_86.lib
        1 file(s) copied.
common.copy C:\Users\Davi\Downloads\oma\.release\native-build\sdk\boost\lib\cmake\boost_program_options-1.86.0\boost_program_options-config-version.cmake
bin.v2\libs\program_options\build\msvc-14.3\release\x86_64\link-static\threading-multi\stage\boost_program_options-config-version.cmake
        1 file(s) copied.
common.copy C:\Users\Davi\Downloads\oma\.release\native-build\sdk\boost\lib\cmake\boost_program_options-1.86.0\boost_program_options-config.cmake
bin.v2\libs\program_options\build\msvc-14.3\release\x86_64\link-static\threading-multi\stage\boost_program_options-config.cmake
        1 file(s) copied.
common.copy C:\Users\Davi\Downloads\oma\.release\native-build\sdk\boost\lib\cmake\boost_program_options-1.86.0\libboost_program_options-variant-vc143-mt-x64-1_86-static.cmake
bin.v2\libs\program_options\build\msvc-14.3\release\x86_64\link-static\threading-multi\libboost_program_options-variant-vc143-mt-x64-1_86-static.cmake
        1 file(s) copied.
compile-c-c++ bin.v2\libs\regex\build\msvc-14.3\release\x86_64\link-static\threading-multi\wide_posix_api.obj
wide_posix_api.cpp
msvc.archive bin.v2\libs\regex\build\msvc-14.3\release\x86_64\link-static\threading-multi\libboost_regex-vc143-mt-x64-1_86.lib
common.copy C:\Users\Davi\Downloads\oma\.release\native-build\sdk\boost\lib\libboost_regex-vc143-mt-x64-1_86.lib
bin.v2\libs\regex\build\msvc-14.3\release\x86_64\link-static\threading-multi\libboost_regex-vc143-mt-x64-1_86.lib
        1 file(s) copied.
...on 200th target...
common.copy C:\Users\Davi\Downloads\oma\.release\native-build\sdk\boost\lib\cmake\boost_regex-1.86.0\boost_regex-config.cmake
bin.v2\libs\regex\build\msvc-14.3\release\x86_64\link-static\threading-multi\stage\boost_regex-config.cmake
        1 file(s) copied.
common.copy C:\Users\Davi\Downloads\oma\.release\native-build\sdk\boost\lib\cmake\boost_regex-1.86.0\boost_regex-config-version.cmake
bin.v2\libs\regex\build\msvc-14.3\release\x86_64\link-static\threading-multi\stage\boost_regex-config-version.cmake
        1 file(s) copied.
common.copy C:\Users\Davi\Downloads\oma\.release\native-build\sdk\boost\lib\cmake\boost_regex-1.86.0\libboost_regex-variant-vc143-mt-x64-1_86-static.cmake
bin.v2\libs\regex\build\msvc-14.3\release\x86_64\link-static\threading-multi\libboost_regex-variant-vc143-mt-x64-1_86-static.cmake
        1 file(s) copied.

...updated 200 targets...
