........................................................................ [  2%]
........................................................................ [  5%]
........................................................................ [  8%]
........................................................................ [ 11%]
........................................................................ [ 14%]
........................................................................ [ 17%]
........................................................................ [ 20%]
........................................................................ [ 23%]
........................................................................ [ 26%]
........................................................................ [ 29%]
........................................................................ [ 32%]
........................................................................ [ 35%]
........................................................................ [ 37%]
........................................................................ [ 40%]
........................................................................ [ 43%]
........................................................................ [ 46%]
........................................................................ [ 49%]
........................................................................ [ 52%]
........................................................................ [ 55%]
........................................................................ [ 58%]
........................................................................ [ 61%]
........................................................................ [ 64%]
........................................................................ [ 67%]
........................................................................ [ 70%]
........................................................................ [ 72%]
........................................................................ [ 75%]
........................................................................ [ 78%]
........................................................................ [ 81%]
........................................................................ [ 84%]
........................................................................ [ 87%]
........................................................................ [ 90%]
........................................................................ [ 93%]
........................................................................ [ 96%]
........................................................................ [ 99%]
...................                                                      [100%]
============================== warnings summary ===============================
..\..\..\test-venv\Lib\site-packages\fastapi\testclient.py:1
  C:\Users\Davi\Downloads\oma\.release\native-build\test-venv\Lib\site-packages\fastapi\testclient.py:1: StarletteDeprecationWarning: Using `httpx` with `starlette.testclient` is deprecated; install `httpx2` instead.
    from starlette.testclient import TestClient as TestClient  # noqa

..\..\..\test-venv\Lib\site-packages\starlette\testclient.py:53
  C:\Users\Davi\Downloads\oma\.release\native-build\test-venv\Lib\site-packages\starlette\testclient.py:53: DeprecationWarning: The anyio.abc.BlockingPortal alias is deprecated, use anyio.from_thread.BlockingPortal instead.
    _PortalFactoryType = Callable[[], AbstractContextManager[anyio.abc.BlockingPortal]]

tests/test_acceptance_input_freshness.py: 3 warnings
tests/test_certified_cells.py: 2 warnings
tests/test_certified_fabrication.py: 1 warning
tests/test_certified_fabrication_frontier.py: 2 warnings
tests/test_certified_fabrication_pricing.py: 1 warning
tests/test_certified_fabrication_residual.py: 1 warning
tests/test_cli_managed_verify.py: 4 warnings
tests/test_coupled_tree_integration.py: 6 warnings
tests/test_export_checks.py: 4 warnings
tests/test_fabrication_binding_adversarial.py: 1 warning
tests/test_fabrication_pricing_adapter_adversarial.py: 1 warning
tests/test_fixed_flow_native_section.py: 2 warnings
tests/test_geometry_coverage_checkpoints.py: 1 warning
tests/test_ifc_cad.py: 32 warnings
tests/test_ifc_cad_authority.py: 16 warnings
tests/test_ifc_enclosure.py: 31 warnings
tests/test_ifc_federation.py: 1 warning
tests/test_ifc_inventory.py: 20 warnings
tests/test_ifc_negative_witness.py: 19 warnings
tests/test_ifc_network.py: 15 warnings
tests/test_ifc_pipeline.py: 8 warnings
tests/test_ifc_ports.py: 16 warnings
tests/test_import_checkpoints.py: 13 warnings
tests/test_joint_fitting_budget.py: 6 warnings
tests/test_joint_fitting_budget_adversarial.py: 4 warnings
tests/test_joint_negative_hint_adversarial.py: 4 warnings
tests/test_joint_negative_integration.py: 1 warning
tests/test_joint_objective_authority.py: 2 warnings
tests/test_joint_probe_native_audit.py: 3 warnings
tests/test_joint_residual_fabrication.py: 1 warning
tests/test_joint_routing.py: 2 warnings
tests/test_native_pressure_model_validation.py: 1 warning
tests/test_native_real_model_validation_script.py: 1 warning
tests/test_native_zone.py: 1 warning
tests/test_network_integration.py: 5 warnings
tests/test_network_pressure_integration.py: 2 warnings
tests/test_network_pressure_native_section.py: 1 warning
tests/test_network_projection.py: 5 warnings
tests/test_network_revision.py: 1 warning
tests/test_optimization_fabrication_alternatives.py: 1 warning
tests/test_optimization_fabrication_frontier.py: 1 warning
tests/test_optimization_fabrication_pricing.py: 1 warning
tests/test_optimization_fabrication_search.py: 2 warnings
tests/test_passive_tree_integration.py: 5 warnings
tests/test_project_dependencies.py: 1 warning
tests/test_proposal_search_controls.py: 7 warnings
tests/test_route_adversarial.py: 1 warning
tests/test_route_check_execution.py: 3 warnings
tests/test_route_metadata.py: 2 warnings
tests/test_routing_integration.py: 1 warning
tests/test_selection_adversarial.py: 13 warnings
tests/test_service_contained_workers.py: 2 warnings
tests/test_three_sink_native_geometry.py: 7 warnings
  C:\Users\Davi\Downloads\oma\.release\native-build\test-venv\Lib\site-packages\ifcopenshell\api\project\create_file.py:57: DeprecationWarning: datetime.datetime.utcnow() is deprecated and scheduled for removal in a future version. Use timezone-aware objects to represent datetimes in UTC: datetime.datetime.now(datetime.UTC).
    datetime.datetime.utcnow().replace(tzinfo=datetime.timezone.utc).astimezone().replace(microsecond=0).isoformat()

-- Docs: https://docs.pytest.org/en/stable/how-to/capture-warnings.html
2467 passed, 289 warnings in 768.63s (0:12:48)
