[1/818] Building CXX object ifcparse\CMakeFiles\IfcParse.dir\FileReader.cpp.obj
[2/818] Building CXX object ifcparse\CMakeFiles\IfcParse.dir\Header_section_schema-schema.cpp.obj
[3/818] Building CXX object ifcparse\CMakeFiles\IfcParse.dir\Header_section_schema.cpp.obj
[4/818] Building CXX object ifcparse\CMakeFiles\IfcParse.dir\IfcCharacterDecoder.cpp.obj
C:\Program Files (x86)\Microsoft Visual Studio\2022\BuildTools\VC\Tools\MSVC\14.40.33807\include\xutility(4672): warning C4244: '=': conversion from 'char32_t' to 'char', possible loss of data
C:\Program Files (x86)\Microsoft Visual Studio\2022\BuildTools\VC\Tools\MSVC\14.40.33807\include\xutility(4672): note: the template instantiation context (the oldest one first) is
C:\Users\Davi\Downloads\oma\.release\native-build\src\ifc\src\ifcparse\IfcCharacterDecoder.cpp(181): note: see reference to function template instantiation 'std::basic_string<char,std::char_traits<char>,std::allocator<char>>::basic_string<std::_String_iterator<std::_String_val<std::_Simple_types<_Elem>>>,0>(_Iter,_Iter,const _Alloc &)' being compiled
        with
        [
            _Elem=char32_t,
            _Iter=std::_String_iterator<std::_String_val<std::_Simple_types<char32_t>>>,
            _Alloc=std::allocator<char>
        ]
C:\Users\Davi\Downloads\oma\.release\native-build\src\ifc\src\ifcparse\IfcCharacterDecoder.cpp(181): note: see the first reference to 'std::basic_string<char,std::char_traits<char>,std::allocator<char>>::basic_string' in '`anonymous-namespace'::read_string'
C:\Program Files (x86)\Microsoft Visual Studio\2022\BuildTools\VC\Tools\MSVC\14.40.33807\include\xstring(2603): note: see reference to function template instantiation 'void std::basic_string<char,std::char_traits<char>,std::allocator<char>>::_Construct_from_iter<char32_t*,char32_t*,_Size_type>(_Iter,const _Sent,_Size)' being compiled
        with
        [
            _Size_type=unsigned __int64,
            _Iter=char32_t *,
            _Sent=char32_t *,
            _Size=unsigned __int64
        ]
C:\Program Files (x86)\Microsoft Visual Studio\2022\BuildTools\VC\Tools\MSVC\14.40.33807\include\xstring(2759): note: see reference to function template instantiation '_OutIt *std::_Copy_n_unchecked4<char32_t*,_Size,char*>(_InIt,_SizeTy,_OutIt)' being compiled
        with
        [
            _OutIt=char *,
            _Size=unsigned __int64,
            _InIt=char32_t *,
            _SizeTy=unsigned __int64
        ]
[5/818] Building CXX object ifcparse\CMakeFiles\IfcParse.dir\IfcException.cpp.obj
[6/818] Building CXX object ifcparse\CMakeFiles\IfcParse.dir\IfcEntityInstanceData.cpp.obj
C:\Users\Davi\Downloads\oma\.release\native-build\src\ifc\src\ifcparse\IfcEntityInstanceData.cpp(28): warning C4267: 'return': conversion from 'size_t' to 'int', possible loss of data
C:\Users\Davi\Downloads\oma\.release\native-build\src\ifc\src\ifcparse\IfcEntityInstanceData.cpp(90): warning C4100: 'entity_or_type': unreferenced formal parameter
C:\Users\Davi\Downloads\oma\.release\native-build\src\ifc\src\ifcparse\IfcEntityInstanceData.cpp(90): warning C4100: 'instance_name_': unreferenced formal parameter
C:\Users\Davi\Downloads\oma\.release\native-build\src\ifc\src\ifcparse\IfcEntityInstanceData.cpp(34): warning C4100: 'entity_or_type': unreferenced formal parameter
C:\Users\Davi\Downloads\oma\.release\native-build\src\ifc\src\ifcparse\IfcEntityInstanceData.cpp(34): note: the template instantiation context (the oldest one first) is
C:\Users\Davi\Downloads\oma\.release\native-build\src\ifc\src\ifcparse\IfcEntityInstanceData.cpp(113): note: see reference to function template instantiation 'T `anonymous-namespace'::dispatch_get_<int>(AttributeValue::pointer_type,uint8_t,size_t,const IfcParse::declaration *,uint8_t)' being compiled
        with
        [
            T=int
        ]
C:\Users\Davi\Downloads\oma\.release\native-build\src\ifc\src\ifcparse\IfcEntityInstanceData.cpp(34): warning C4100: 'instance_name_': unreferenced formal parameter
C:\Users\Davi\Downloads\oma\.release\native-build\src\ifc\src\ifcparse\IfcEntityInstanceData.cpp(67): warning C4100: 'entity_or_type': unreferenced formal parameter
C:\Users\Davi\Downloads\oma\.release\native-build\src\ifc\src\ifcparse\IfcEntityInstanceData.cpp(67): note: the template instantiation context (the oldest one first) is
C:\Users\Davi\Downloads\oma\.release\native-build\src\ifc\src\ifcparse\IfcEntityInstanceData.cpp(128): note: see reference to function template instantiation 'bool `anonymous-namespace'::dispatch_has_<bool>(AttributeValue::pointer_type,uint8_t,size_t,const IfcParse::declaration *,uint8_t)' being compiled
C:\Users\Davi\Downloads\oma\.release\native-build\src\ifc\src\ifcparse\IfcEntityInstanceData.cpp(67): warning C4100: 'instance_name_': unreferenced formal parameter
C:\Users\Davi\Downloads\oma\.release\native-build\src\ifc\src\ifcparse\variantarray.h(306) : warning C4702: unreachable code
C:\Users\Davi\Downloads\oma\.release\native-build\src\ifc\src\ifcparse\IfcEntityInstanceData.cpp(88) : warning C4715: '`anonymous namespace'::dispatch_has_<bool>': not all control paths return a value
C:\Users\Davi\Downloads\oma\.release\native-build\src\ifc\src\ifcparse\IfcEntityInstanceData.cpp(88) : warning C4715: '`anonymous namespace'::dispatch_has_<Blank>': not all control paths return a value
C:\Users\Davi\Downloads\oma\.release\native-build\src\ifc\src\ifcparse\IfcEntityInstanceData.cpp(88) : warning C4715: '`anonymous namespace'::dispatch_has_<EnumerationReference>': not all control paths return a value
C:\Users\Davi\Downloads\oma\.release\native-build\src\ifc\src\ifcparse\IfcEntityInstanceData.cpp(108) : warning C4715: '`anonymous namespace'::dispatch_index_': not all control paths return a value
C:\Users\Davi\Downloads\oma\.release\native-build\src\ifc\src\ifcparse\IfcEntityInstanceData.cpp(64) : warning C4715: '`anonymous namespace'::dispatch_get_<bool>': not all control paths return a value
C:\Users\Davi\Downloads\oma\.release\native-build\src\ifc\src\ifcparse\IfcEntityInstanceData.cpp(64) : warning C4715: '`anonymous namespace'::dispatch_get_<int>': not all control paths return a value
C:\Users\Davi\Downloads\oma\.release\native-build\src\ifc\src\ifcparse\IfcEntityInstanceData.cpp(64) : warning C4715: '`anonymous namespace'::dispatch_get_<double>': not all control paths return a value
C:\Users\Davi\Downloads\oma\.release\native-build\src\ifc\src\ifcparse\IfcEntityInstanceData.cpp(64) : warning C4715: '`anonymous namespace'::dispatch_get_<boost::logic::tribool>': not all control paths return a value
C:\Users\Davi\Downloads\oma\.release\native-build\src\ifc\src\ifcparse\IfcEntityInstanceData.cpp(64) : warning C4715: '`anonymous namespace'::dispatch_get_<boost::dynamic_bitset<unsigned long,std::allocator<unsigned long> > >': not all control paths return a value
C:\Users\Davi\Downloads\oma\.release\native-build\src\ifc\src\ifcparse\IfcEntityInstanceData.cpp(64) : warning C4715: '`anonymous namespace'::dispatch_get_<std::basic_string<char,std::char_traits<char>,std::allocator<char> > >': not all control paths return a value
C:\Users\Davi\Downloads\oma\.release\native-build\src\ifc\src\ifcparse\IfcEntityInstanceData.cpp(64) : warning C4715: '`anonymous namespace'::dispatch_get_<EnumerationReference>': not all control paths return a value
C:\Users\Davi\Downloads\oma\.release\native-build\src\ifc\src\ifcparse\IfcEntityInstanceData.cpp(64) : warning C4715: '`anonymous namespace'::dispatch_get_<IfcUtil::IfcBaseClass *>': not all control paths return a value
C:\Users\Davi\Downloads\oma\.release\native-build\src\ifc\src\ifcparse\IfcEntityInstanceData.cpp(64) : warning C4715: '`anonymous namespace'::dispatch_get_<std::vector<double,std::allocator<double> > >': not all control paths return a value
C:\Users\Davi\Downloads\oma\.release\native-build\src\ifc\src\ifcparse\IfcEntityInstanceData.cpp(64) : warning C4715: '`anonymous namespace'::dispatch_get_<std::vector<int,std::allocator<int> > >': not all control paths return a value
C:\Users\Davi\Downloads\oma\.release\native-build\src\ifc\src\ifcparse\IfcEntityInstanceData.cpp(64) : warning C4715: '`anonymous namespace'::dispatch_get_<boost::shared_ptr<aggregate_of_instance> >': not all control paths return a value
C:\Users\Davi\Downloads\oma\.release\native-build\src\ifc\src\ifcparse\IfcEntityInstanceData.cpp(64) : warning C4715: '`anonymous namespace'::dispatch_get_<std::vector<std::basic_string<char,std::char_traits<char>,std::allocator<char> >,std::allocator<std::basic_string<char,std::char_traits<char>,std::allocator<char> > > > >': not all control paths return a value
C:\Users\Davi\Downloads\oma\.release\native-build\src\ifc\src\ifcparse\IfcEntityInstanceData.cpp(64) : warning C4715: '`anonymous namespace'::dispatch_get_<std::vector<boost::dynamic_bitset<unsigned long,std::allocator<unsigned long> >,std::allocator<boost::dynamic_bitset<unsigned long,std::allocator<unsigned long> > > > >': not all control paths return a value
C:\Users\Davi\Downloads\oma\.release\native-build\src\ifc\src\ifcparse\IfcEntityInstanceData.cpp(181) : warning C4715: 'AttributeValue::operator EnumerationReference': not all control paths return a value
C:\Users\Davi\Downloads\oma\.release\native-build\src\ifc\src\ifcparse\IfcEntityInstanceData.cpp(64) : warning C4715: '`anonymous namespace'::dispatch_get_<boost::shared_ptr<aggregate_of_aggregate_of_instance> >': not all control paths return a value
C:\Users\Davi\Downloads\oma\.release\native-build\src\ifc\src\ifcparse\IfcEntityInstanceData.cpp(214) : warning C4715: 'AttributeValue::operator IfcUtil::IfcBaseClass *': not all control paths return a value
C:\Users\Davi\Downloads\oma\.release\native-build\src\ifc\src\ifcparse\IfcEntityInstanceData.cpp(64) : warning C4715: '`anonymous namespace'::dispatch_get_<std::vector<std::vector<double,std::allocator<double> >,std::allocator<std::vector<double,std::allocator<double> > > > >': not all control paths return a value
C:\Users\Davi\Downloads\oma\.release\native-build\src\ifc\src\ifcparse\IfcEntityInstanceData.cpp(64) : warning C4715: '`anonymous namespace'::dispatch_get_<std::vector<std::vector<int,std::allocator<int> >,std::allocator<std::vector<int,std::allocator<int> > > > >': not all control paths return a value
[7/818] Building CXX object ifcparse\CMakeFiles\IfcParse.dir\IfcGlobalId.cpp.obj
C:\Users\Davi\Downloads\oma\.release\native-build\src\boost\boost/uuid/basic_random_generator.hpp(57): warning C4459: declaration of 'gen' hides global declaration
C:\Users\Davi\Downloads\oma\.release\native-build\src\ifc\src\ifcparse\IfcGlobalId.cpp(92): note: see declaration of 'gen'
C:\Users\Davi\Downloads\oma\.release\native-build\src\boost\boost/uuid/basic_random_generator.hpp(57): note: the template instantiation context (the oldest one first) is
C:\Users\Davi\Downloads\oma\.release\native-build\src\ifc\src\ifcparse\IfcGlobalId.cpp(92): note: see reference to class template instantiation 'boost::uuids::basic_random_generator<std::mt19937>' being compiled
C:\Users\Davi\Downloads\oma\.release\native-build\src\boost\boost/uuid/basic_random_generator.hpp(55): note: while compiling class template member function 'boost::uuids::basic_random_generator<std::mt19937>::result_type boost::uuids::basic_random_generator<std::mt19937>::operator ()(void)'
C:\Users\Davi\Downloads\oma\.release\native-build\src\ifc\src\ifcparse\IfcGlobalId.cpp(98): note: see the first reference to 'boost::uuids::basic_random_generator<std::mt19937>::operator ()' in 'IfcParse::IfcGlobalId::IfcGlobalId'
[8/818] Building CXX object ifcparse\CMakeFiles\IfcParse.dir\IfcLogger.cpp.obj
[9/818] Building CXX object ifcparse\CMakeFiles\IfcParse.dir\IfcFile.cpp.obj
C:\Users\Davi\Downloads\oma\.release\native-build\src\ifc\src\ifcparse\IfcFile.cpp(361): warning C4100: 'r': unreferenced formal parameter
C:\Users\Davi\Downloads\oma\.release\native-build\src\ifc\src\ifcparse\IfcFile.cpp(361): warning C4100: 'number': unreferenced formal parameter
C:\Users\Davi\Downloads\oma\.release\native-build\src\ifc\src\ifcparse\IfcFile.cpp(413): warning C4100: 'readonly': unreferenced formal parameter
C:\Users\Davi\Downloads\oma\.release\native-build\src\ifc\src\ifcparse\IfcFile.cpp(413): warning C4100: 'filepath': unreferenced formal parameter
C:\Users\Davi\Downloads\oma\.release\native-build\src\ifc\src\ifcparse\IfcFile.cpp(506): warning C4100: 'inst': unreferenced formal parameter
C:\Users\Davi\Downloads\oma\.release\native-build\src\ifc\src\ifcparse\IfcFile.cpp(59): warning C4100: 'instance_id': unreferenced formal parameter
C:\Users\Davi\Downloads\oma\.release\native-build\src\ifc\src\ifcparse\IfcFile.cpp(59): note: the template instantiation context (the oldest one first) is
C:\Users\Davi\Downloads\oma\.release\native-build\src\ifc\src\ifcparse\IfcFile.cpp(292): note: see reference to function template instantiation 'void std::visit<IfcParse::parse_context::construct::<lambda_2>,std::variant<IfcUtil::IfcBaseClass *,IfcParse::Token,IfcParse::parse_context *>&,void>(_Callable &&,std::variant<IfcUtil::IfcBaseClass *,IfcParse::Token,IfcParse::parse_context *> &)' being compiled
        with
        [
            _Callable=IfcParse::parse_context::construct::<lambda_2>
        ]
C:\Program Files (x86)\Microsoft Visual Studio\2022\BuildTools\VC\Tools\MSVC\14.40.33807\include\variant(1605): note: see reference to variable template 'const bool _Variant_all_visit_results_same<void,`IfcParse::parse_context::construct'::`26'::<lambda_2>,std::_Meta_list<>,std::variant<IfcUtil::IfcBaseClass *,IfcParse::Token,IfcParse::parse_context *> &>' being compiled
C:\Program Files (x86)\Microsoft Visual Studio\2022\BuildTools\VC\Tools\MSVC\14.40.33807\include\variant(1579): note: see reference to variable template 'const bool _Variant_all_visit_results_same<void,`IfcParse::parse_context::construct'::`26'::<lambda_2>,std::_Meta_list<IfcParse::Token &> >' being compiled
C:\Program Files (x86)\Microsoft Visual Studio\2022\BuildTools\VC\Tools\MSVC\14.40.33807\include\variant(1574): note: see reference to function template instantiation 'unknown-type std::invoke(_Callable &&,_Ty1 &&,_Types2 ...) noexcept(<expr>)' being compiled
C:\Program Files (x86)\Microsoft Visual Studio\2022\BuildTools\VC\Tools\MSVC\14.40.33807\include\type_traits(1712): note: while compiling class template member function 'unknown-type std::_Invoker_functor::_Call(_Callable &&,_Types ...) noexcept(<expr>)'
C:\Program Files (x86)\Microsoft Visual Studio\2022\BuildTools\VC\Tools\MSVC\14.40.33807\include\type_traits(1611): note: see reference to function template instantiation 'void IfcParse::parse_context::construct::<lambda_2>::operator ()<IfcParse::Token>(const _T1 &) const' being compiled
        with
        [
            _T1=IfcParse::Token
        ]
C:\Users\Davi\Downloads\oma\.release\native-build\src\ifc\src\ifcparse\IfcFile.cpp(294): note: see reference to function template instantiation 'void `anonymous-namespace'::dispatch_token<IfcParse::parse_context::construct::<lambda_2>::()::<lambda_1>>(boost::optional<size_t>,int,IfcParse::Token,IfcParse::declaration *,Fn)' being compiled
        with
        [
            Fn=IfcParse::parse_context::construct::<lambda_2>::()::<lambda_1>
        ]
C:\Users\Davi\Downloads\oma\.release\native-build\src\ifc\src\ifcparse\IfcFile.cpp(71): warning C4101: 'e': unreferenced local variable
C:\Users\Davi\Downloads\oma\.release\native-build\src\ifc\src\ifcparse\rocksdb_set_view.h(165): warning C4100: 'other': unreferenced formal parameter
C:\Users\Davi\Downloads\oma\.release\native-build\src\ifc\src\ifcparse\rocksdb_set_view.h(165): note: the template instantiation context (the oldest one first) is
C:\Users\Davi\Downloads\oma\.release\native-build\src\ifc\src\ifcparse\map_variant.h(46): note: while compiling class 'VariantMap<IfcParse::impl::in_memory_file_storage::entity_instance_by_name_t,IfcParse::impl::rocks_db_file_storage::entity_instance_by_name_t>::iterator'
C:\Users\Davi\Downloads\oma\.release\native-build\src\ifc\src\ifcparse\map_variant.h(54): note: see reference to class template instantiation 'std::variant<boost::unordered::detail::iterator_detail::iterator<boost::unordered::detail::node<std::pair<const K,T>,void *>,boost::unordered::detail::bucket<boost::unordered::detail::node<std::pair<const K,T>,void *>,void *>>,set_to_map_transformer<IfcParse::impl::rocks_db_file_storage::instance_name_view_t,std::function<IfcUtil::IfcBaseClass *(size_t)>>::iterator>' being compiled
        with
        [
            K=uint32_t,
            T=IfcUtil::IfcBaseClass *
        ]
C:\Program Files (x86)\Microsoft Visual Studio\2022\BuildTools\VC\Tools\MSVC\14.40.33807\include\variant(965): note: see reference to alias template instantiation 'std::_Variant_destroy_layer<boost::unordered::detail::iterator_detail::iterator<boost::unordered::detail::node<std::pair<const K,T>,void *>,boost::unordered::detail::bucket<boost::unordered::detail::node<std::pair<const K,T>,void *>,void *>>,set_to_map_transformer<IfcParse::impl::rocks_db_file_storage::instance_name_view_t,std::function<IfcUtil::IfcBaseClass *(size_t)>>::iterator>' being compiled
        with
        [
            K=uint32_t,
            T=IfcUtil::IfcBaseClass *
        ]
C:\Program Files (x86)\Microsoft Visual Studio\2022\BuildTools\VC\Tools\MSVC\14.40.33807\include\variant(890): note: see reference to variable template 'const bool conjunction_v<std::is_trivially_destructible<boost::unordered::detail::iterator_detail::iterator<boost::unordered::detail::node<std::pair<unsigned int const ,IfcUtil::IfcBaseClass *>,void *>,boost::unordered::detail::bucket<boost::unordered::detail::node<std::pair<unsigned int const ,IfcUtil::IfcBaseClass *>,void *>,void *> > >,std::is_trivially_destructible<set_to_map_transformer<rocksdb_set_view<unsigned __int64>,std::function<IfcUtil::IfcBaseClass * __cdecl(unsigned __int64)> >::iterator> >' being compiled
C:\Users\Davi\Downloads\oma\.release\native-build\src\ifc\src\ifcparse\set_to_map_transformer.h(44): note: while compiling class 'set_to_map_transformer<IfcParse::impl::rocks_db_file_storage::instance_name_view_t,std::function<IfcUtil::IfcBaseClass *(size_t)>>::iterator'
C:\Users\Davi\Downloads\oma\.release\native-build\src\ifc\src\ifcparse\set_to_map_transformer.h(48): note: see reference to class template instantiation 'std::iterator_traits<rocksdb_set_view<size_t>::iterator>' being compiled
C:\Users\Davi\Downloads\oma\.release\native-build\src\ifc\src\ifcparse\rocksdb_set_view.h(53): note: while compiling class 'rocksdb_set_view<size_t>::iterator'
C:\Users\Davi\Downloads\oma\.release\native-build\src\ifc\src\ifcparse\rocksdb_set_view.h(165): note: while compiling class template member function 'bool rocksdb_set_view<size_t>::iterator::operator ==(const rocksdb_set_view<size_t>::iterator &) const'
C:\Users\Davi\Downloads\oma\.release\native-build\src\ifc\src\ifcparse\set_to_map_transformer.h(89): note: see the first reference to 'rocksdb_set_view<size_t>::iterator::operator ==' in 'set_to_map_transformer<IfcParse::impl::rocks_db_file_storage::instance_name_view_t,std::function<IfcUtil::IfcBaseClass *(size_t)>>::iterator::operator =='
C:\Program Files (x86)\Microsoft Visual Studio\2022\BuildTools\VC\Tools\MSVC\14.40.33807\include\xutility(611): note: see the first reference to 'set_to_map_transformer<IfcParse::impl::rocks_db_file_storage::instance_name_view_t,std::function<IfcUtil::IfcBaseClass *(size_t)>>::iterator::operator ==' in 'std::equal_to<void>::operator ()'
C:\Program Files (x86)\Microsoft Visual Studio\2022\BuildTools\VC\Tools\MSVC\14.40.33807\include\utility(276): warning C4267: 'initializing': conversion from 'size_t' to '_Ty1', possible loss of data
        with
        [
            _Ty1=uint32_t
        ]
C:\Program Files (x86)\Microsoft Visual Studio\2022\BuildTools\VC\Tools\MSVC\14.40.33807\include\utility(276): note: the template instantiation context (the oldest one first) is
C:\Users\Davi\Downloads\oma\.release\native-build\src\ifc\src\ifcparse\map_variant.h(75): note: while compiling class template member function 'std::pair<const K,T> VariantMap<IfcParse::impl::in_memory_file_storage::entity_instance_by_name_t,IfcParse::impl::rocks_db_file_storage::entity_instance_by_name_t>::iterator::operator *(void) const'
        with
        [
            K=uint32_t,
            T=IfcUtil::IfcBaseClass *
        ]
C:\Users\Davi\Downloads\oma\.release\native-build\src\ifc\src\ifcparse\IfcFile.cpp(576): note: see the first reference to 'VariantMap<IfcParse::impl::in_memory_file_storage::entity_instance_by_name_t,IfcParse::impl::rocks_db_file_storage::entity_instance_by_name_t>::iterator::operator *' in 'IfcParse::IfcFile::~IfcFile'
C:\Users\Davi\Downloads\oma\.release\native-build\src\ifc\src\ifcparse\map_variant.h(76): note: see reference to function template instantiation 'std::pair<const K,T> std::visit<VariantMap<IfcParse::impl::in_memory_file_storage::entity_instance_by_name_t,IfcParse::impl::rocks_db_file_storage::entity_instance_by_name_t>::iterator::*::<lambda_1>,const std::variant<boost::unordered::detail::iterator_detail::iterator<boost::unordered::detail::node<std::pair<const K,T>,void *>,boost::unordered::detail::bucket<boost::unordered::detail::node<std::pair<const K,T>,void *>,void *>>,set_to_map_transformer<IfcParse::impl::rocks_db_file_storage::instance_name_view_t,std::function<IfcUtil::IfcBaseClass *(size_t)>>::iterator>&,void>(_Callable &&,const std::variant<boost::unordered::detail::iterator_detail::iterator<boost::unordered::detail::node<std::pair<const K,T>,void *>,boost::unordered::detail::bucket<boost::unordered::detail::node<std::pair<const K,T>,void *>,void *>>,set_to_map_transformer<IfcParse::impl::rocks_db_file_storage::instance_name_view_t,std::function<IfcUtil::IfcBaseClass *(size_t)>>::iterator> &)' being compiled
        with
        [
            K=uint32_t,
            T=IfcUtil::IfcBaseClass *,
            _Callable=VariantMap<IfcParse::impl::in_memory_file_storage::entity_instance_by_name_t,IfcParse::impl::rocks_db_file_storage::entity_instance_by_name_t>::iterator::*::<lambda_1>
        ]
C:\Program Files (x86)\Microsoft Visual Studio\2022\BuildTools\VC\Tools\MSVC\14.40.33807\include\variant(1609): note: see reference to function template instantiation '_Ret std::_Visit_impl<3,std::visit::_Ret,std::visit::_ListOfIndexVectors,VariantMap<IfcParse::impl::in_memory_file_storage::entity_instance_by_name_t,IfcParse::impl::rocks_db_file_storage::entity_instance_by_name_t>::iterator::*::<lambda_1>,const std::variant<boost::unordered::detail::iterator_detail::iterator<boost::unordered::detail::node<std::pair<const K,T>,void *>,boost::unordered::detail::bucket<boost::unordered::detail::node<std::pair<const K,T>,void *>,void *>>,set_to_map_transformer<IfcParse::impl::rocks_db_file_storage::instance_name_view_t,std::function<IfcUtil::IfcBaseClass *(size_t)>>::iterator>&>(_Callable &&,const std::variant<boost::unordered::detail::iterator_detail::iterator<boost::unordered::detail::node<std::pair<const K,T>,void *>,boost::unordered::detail::bucket<boost::unordered::detail::node<std::pair<const K,T>,void *>,void *>>,set_to_map_transformer<IfcParse::impl::rocks_db_file_storage::instance_name_view_t,std::function<IfcUtil::IfcBaseClass *(size_t)>>::iterator> &)' being compiled
        with
        [
            _Ret=std::visit::_Ret,
            K=uint32_t,
            T=IfcUtil::IfcBaseClass *,
            _Callable=VariantMap<IfcParse::impl::in_memory_file_storage::entity_instance_by_name_t,IfcParse::impl::rocks_db_file_storage::entity_instance_by_name_t>::iterator::*::<lambda_1>
        ]
C:\Program Files (x86)\Microsoft Visual Studio\2022\BuildTools\VC\Tools\MSVC\14.40.33807\include\variant(1564): note: see reference to function template instantiation '_Ret std::_Visit_strategy<1>::_Visit2<std::visit::_Ret,std::visit::_ListOfIndexVectors,VariantMap<IfcParse::impl::in_memory_file_storage::entity_instance_by_name_t,IfcParse::impl::rocks_db_file_storage::entity_instance_by_name_t>::iterator::*::<lambda_1>,const std::variant<boost::unordered::detail::iterator_detail::iterator<boost::unordered::detail::node<std::pair<const K,T>,void *>,boost::unordered::detail::bucket<boost::unordered::detail::node<std::pair<const K,T>,void *>,void *>>,set_to_map_transformer<IfcParse::impl::rocks_db_file_storage::instance_name_view_t,std::function<IfcUtil::IfcBaseClass *(size_t)>>::iterator>&>(size_t,_Callable &&,const std::variant<boost::unordered::detail::iterator_detail::iterator<boost::unordered::detail::node<std::pair<const K,T>,void *>,boost::unordered::detail::bucket<boost::unordered::detail::node<std::pair<const K,T>,void *>,void *>>,set_to_map_transformer<IfcParse::impl::rocks_db_file_storage::instance_name_view_t,std::function<IfcUtil::IfcBaseClass *(size_t)>>::iterator> &)' being compiled
        with
        [
            _Ret=std::visit::_Ret,
            K=uint32_t,
            T=IfcUtil::IfcBaseClass *,
            _Callable=VariantMap<IfcParse::impl::in_memory_file_storage::entity_instance_by_name_t,IfcParse::impl::rocks_db_file_storage::entity_instance_by_name_t>::iterator::*::<lambda_1>
        ]
C:\Program Files (x86)\Microsoft Visual Studio\2022\BuildTools\VC\Tools\MSVC\14.40.33807\include\variant(1510): note: see reference to function template instantiation '_Ret std::_Variant_dispatcher<std::_Visit_strategy<1>::_Visit2::_Indices>::_Dispatch2<std::visit::_Ret,VariantMap<IfcParse::impl::in_memory_file_storage::entity_instance_by_name_t,IfcParse::impl::rocks_db_file_storage::entity_instance_by_name_t>::iterator::*::<lambda_1>,const std::variant<boost::unordered::detail::iterator_detail::iterator<boost::unordered::detail::node<std::pair<const K,T>,void *>,boost::unordered::detail::bucket<boost::unordered::detail::node<std::pair<const K,T>,void *>,void *>>,set_to_map_transformer<IfcParse::impl::rocks_db_file_storage::instance_name_view_t,std::function<IfcUtil::IfcBaseClass *(size_t)>>::iterator>&,false>(_Callable &&,const std::variant<boost::unordered::detail::iterator_detail::iterator<boost::unordered::detail::node<std::pair<const K,T>,void *>,boost::unordered::detail::bucket<boost::unordered::detail::node<std::pair<const K,T>,void *>,void *>>,set_to_map_transformer<IfcParse::impl::rocks_db_file_storage::instance_name_view_t,std::function<IfcUtil::IfcBaseClass *(size_t)>>::iterator> &)' being compiled
        with
        [
            _Ret=std::visit::_Ret,
            K=uint32_t,
            T=IfcUtil::IfcBaseClass *,
            _Callable=VariantMap<IfcParse::impl::in_memory_file_storage::entity_instance_by_name_t,IfcParse::impl::rocks_db_file_storage::entity_instance_by_name_t>::iterator::*::<lambda_1>
        ]
C:\Program Files (x86)\Microsoft Visual Studio\2022\BuildTools\VC\Tools\MSVC\14.40.33807\include\variant(1440): note: see reference to function template instantiation 'std::pair<const K,T> std::invoke<_Callable,const set_to_map_transformer<IfcParse::impl::rocks_db_file_storage::instance_name_view_t,std::function<IfcUtil::IfcBaseClass *(size_t)>>::iterator&,>(_Callable &&,_Ty1) noexcept(false)' being compiled
        with
        [
            K=uint32_t,
            T=IfcUtil::IfcBaseClass *,
            _Callable=VariantMap<IfcParse::impl::in_memory_file_storage::entity_instance_by_name_t,IfcParse::impl::rocks_db_file_storage::entity_instance_by_name_t>::iterator::*::<lambda_1>,
            _Ty1=const set_to_map_transformer<IfcParse::impl::rocks_db_file_storage::instance_name_view_t,std::function<IfcUtil::IfcBaseClass *(size_t)>>::iterator &
        ]
C:\Program Files (x86)\Microsoft Visual Studio\2022\BuildTools\VC\Tools\MSVC\14.40.33807\include\type_traits(1715): note: see reference to function template instantiation 'std::pair<const K,T> VariantMap<IfcParse::impl::in_memory_file_storage::entity_instance_by_name_t,IfcParse::impl::rocks_db_file_storage::entity_instance_by_name_t>::iterator::*::<lambda_1>::operator ()<const set_to_map_transformer<IfcParse::impl::rocks_db_file_storage::instance_name_view_t,std::function<IfcUtil::IfcBaseClass *(size_t)>>::iterator>(_T2 &) const' being compiled
        with
        [
            K=uint32_t,
            T=IfcUtil::IfcBaseClass *,
            _T2=const set_to_map_transformer<IfcParse::impl::rocks_db_file_storage::instance_name_view_t,std::function<IfcUtil::IfcBaseClass *(size_t)>>::iterator
        ]
C:\Users\Davi\Downloads\oma\.release\native-build\src\ifc\src\ifcparse\map_variant.h(76): note: see reference to function template instantiation 'std::pair<const K,T>::pair<unsigned __int64,IfcUtil::IfcBaseClass*,0>(std::pair<unsigned __int64,IfcUtil::IfcBaseClass *> &&) noexcept' being compiled
        with
        [
            K=uint32_t,
            T=IfcUtil::IfcBaseClass *
        ]
[10/818] Building CXX object ifcparse\CMakeFiles\IfcParse.dir\IfcAlignmentHelper.cpp.obj
[11/818] Building CXX object ifcparse\CMakeFiles\IfcParse.dir\IfcParse.cpp.obj
C:\Users\Davi\Downloads\oma\.release\native-build\src\ifc\src\ifcparse\IfcParse.cpp(241): warning C4457: declaration of 'offset' hides function parameter
C:\Users\Davi\Downloads\oma\.release\native-build\src\ifc\src\ifcparse\IfcParse.cpp(218): note: see declaration of 'offset'
C:\Users\Davi\Downloads\oma\.release\native-build\src\ifc\src\ifcparse\IfcParse.cpp(550): warning C4267: 'argument': conversion from 'size_t' to 'unsigned int', possible loss of data
C:\Users\Davi\Downloads\oma\.release\native-build\src\ifc\src\ifcparse\IfcParse.cpp(632): warning C4100: 'attribute_index': unreferenced formal parameter
C:\Users\Davi\Downloads\oma\.release\native-build\src\ifc\src\ifcparse\IfcParse.cpp(632): warning C4100: 'inst_id': unreferenced formal parameter
C:\Users\Davi\Downloads\oma\.release\native-build\src\ifc\src\ifcparse\IfcParse.cpp(632): warning C4100: 'from_entity': unreferenced formal parameter
C:\Users\Davi\Downloads\oma\.release\native-build\src\ifc\src\ifcparse\IfcParse.cpp(632): warning C4100: 'id_from': unreferenced formal parameter
C:\Users\Davi\Downloads\oma\.release\native-build\src\ifc\src\ifcparse\IfcParse.cpp(654): warning C4100: 'attribute_index': unreferenced formal parameter
C:\Users\Davi\Downloads\oma\.release\native-build\src\ifc\src\ifcparse\IfcParse.cpp(654): warning C4100: 'inst': unreferenced formal parameter
C:\Users\Davi\Downloads\oma\.release\native-build\src\ifc\src\ifcparse\IfcParse.cpp(654): warning C4100: 'from_entity': unreferenced formal parameter
C:\Users\Davi\Downloads\oma\.release\native-build\src\ifc\src\ifcparse\IfcParse.cpp(654): warning C4100: 'id_from': unreferenced formal parameter
C:\Users\Davi\Downloads\oma\.release\native-build\src\ifc\src\ifcparse\IfcParse.cpp(675): warning C4100: 'new_entity': unreferenced formal parameter
C:\Users\Davi\Downloads\oma\.release\native-build\src\ifc\src\ifcparse\IfcParse.cpp(705): warning C4100: 'new_entity': unreferenced formal parameter
C:\Users\Davi\Downloads\oma\.release\native-build\src\ifc\src\ifcparse\IfcEntityInstanceData.h(471): warning C4100: 'identity': unreferenced formal parameter
C:\Users\Davi\Downloads\oma\.release\native-build\src\ifc\src\ifcparse\IfcEntityInstanceData.h(471): note: the template instantiation context (the oldest one first) is
C:\Users\Davi\Downloads\oma\.release\native-build\src\ifc\src\ifcparse\IfcParse.cpp(949): note: see reference to function template instantiation 'void IfcEntityInstanceData::apply_visitor<`anonymous-namespace'::StringBuilderVisitor&>(void *,const IfcParse::declaration *,size_t,Visitor,size_t) const' being compiled
        with
        [
            Visitor=`anonymous-namespace'::StringBuilderVisitor &
        ]
C:\Users\Davi\Downloads\oma\.release\native-build\src\ifc\src\ifcparse\IfcEntityInstanceData.h(471): warning C4100: 'decl': unreferenced formal parameter
C:\Users\Davi\Downloads\oma\.release\native-build\src\ifc\src\ifcparse\IfcEntityInstanceData.h(471): warning C4100: 'storage': unreferenced formal parameter
C:\Users\Davi\Downloads\oma\.release\native-build\src\ifc\src\ifcparse\IfcParse.cpp(1589): warning C4244: 'argument': conversion from 'unsigned __int64' to 'const unsigned int', possible loss of data
C:\Users\Davi\Downloads\oma\.release\native-build\src\ifc\src\ifcparse\IfcParse.cpp(2864): warning C4100: 'schema': unreferenced formal parameter
C:\Users\Davi\Downloads\oma\.release\native-build\src\ifc\src\ifcparse\IfcEntityInstanceData.h(459): warning C4100: 'identity': unreferenced formal parameter
C:\Users\Davi\Downloads\oma\.release\native-build\src\ifc\src\ifcparse\IfcEntityInstanceData.h(459): note: the template instantiation context (the oldest one first) is
C:\Users\Davi\Downloads\oma\.release\native-build\src\ifc\src\ifcparse\IfcParse.cpp(942): note: see reference to function template instantiation 'bool IfcEntityInstanceData::has_attribute_value<Blank>(void *,const IfcParse::declaration *,size_t,size_t) const' being compiled
C:\Users\Davi\Downloads\oma\.release\native-build\src\ifc\src\ifcparse\IfcEntityInstanceData.h(459): warning C4100: 'decl': unreferenced formal parameter
C:\Users\Davi\Downloads\oma\.release\native-build\src\ifc\src\ifcparse\IfcEntityInstanceData.h(459): warning C4100: 'storage': unreferenced formal parameter
C:\Users\Davi\Downloads\oma\.release\native-build\src\ifc\src\ifcparse\IfcEntityInstanceData.h(447): warning C4100: 'identity': unreferenced formal parameter
C:\Users\Davi\Downloads\oma\.release\native-build\src\ifc\src\ifcparse\IfcEntityInstanceData.h(447): note: the template instantiation context (the oldest one first) is
C:\Users\Davi\Downloads\oma\.release\native-build\src\ifc\src\ifcparse\IfcParse.cpp(1650): note: see reference to function template instantiation 'void IfcEntityInstanceData::set_attribute_value<_Ty2&>(void *,const IfcParse::declaration *,size_t,size_t,T)' being compiled
        with
        [
            _Ty2=IfcUtil::IfcBaseClass *,
            T=IfcUtil::IfcBaseClass *&
        ]
C:\Users\Davi\Downloads\oma\.release\native-build\src\ifc\src\ifcparse\IfcEntityInstanceData.h(447): warning C4100: 'decl': unreferenced formal parameter
C:\Users\Davi\Downloads\oma\.release\native-build\src\ifc\src\ifcparse\IfcEntityInstanceData.h(447): warning C4100: 'storage': unreferenced formal parameter
C:\Users\Davi\Downloads\oma\.release\native-build\src\ifc\src\ifcparse\rocksdb_map_adapter.h(321): warning C4100: 'key': unreferenced formal parameter
C:\Users\Davi\Downloads\oma\.release\native-build\src\ifc\src\ifcparse\rocksdb_map_adapter.h(321): note: the template instantiation context (the oldest one first) is
C:\Users\Davi\Downloads\oma\.release\native-build\src\ifc\src\ifcparse\storage.h(341): note: see reference to class template instantiation 'rocksdb_map_adapter<size_t,std::string,DefaultCodec<std::string>>' being compiled
C:\Users\Davi\Downloads\oma\.release\native-build\src\ifc\src\ifcparse\rocksdb_map_adapter.h(321): note: while compiling class template member function 'rocksdb_map_adapter<size_t,std::string,DefaultCodec<std::string>>::iterator rocksdb_map_adapter<size_t,std::string,DefaultCodec<std::string>>::find(const unsigned __int64 &) const'
C:\Users\Davi\Downloads\oma\.release\native-build\src\ifc\src\ifcparse\IfcParse.cpp(2340): note: see the first reference to 'rocksdb_map_adapter<size_t,std::string,DefaultCodec<std::string>>::find' in 'IfcParse::IfcFile::instances_by_type_excl_subtypes::<lambda_1>::operator ()'
C:\Users\Davi\Downloads\oma\.release\native-build\src\ifc\src\ifcparse\rocksdb_map_adapter.h(292): warning C4100: 'other': unreferenced formal parameter
C:\Users\Davi\Downloads\oma\.release\native-build\src\ifc\src\ifcparse\rocksdb_map_adapter.h(292): note: the template instantiation context (the oldest one first) is
C:\Users\Davi\Downloads\oma\.release\native-build\src\ifc\src\ifcparse\IfcParse.cpp(2334): note: see reference to function template instantiation 'boost::shared_ptr<aggregate_of_instance> std::visit<IfcParse::IfcFile::instances_by_type_excl_subtypes::<lambda_1>,IfcParse::IfcFile::storage_t&,void>(_Callable &&,IfcParse::IfcFile::storage_t &)' being compiled
        with
        [
            _Callable=IfcParse::IfcFile::instances_by_type_excl_subtypes::<lambda_1>
        ]
C:\Program Files (x86)\Microsoft Visual Studio\2022\BuildTools\VC\Tools\MSVC\14.40.33807\include\variant(1605): note: see reference to variable template 'const bool _Variant_all_visit_results_same<boost::shared_ptr<aggregate_of_instance>,`IfcParse::IfcFile::instances_by_type_excl_subtypes'::`2'::<lambda_1>,std::_Meta_list<>,std::variant<std::monostate,IfcParse::impl::in_memory_file_storage,IfcParse::impl::rocks_db_file_storage> &>' being compiled
C:\Program Files (x86)\Microsoft Visual Studio\2022\BuildTools\VC\Tools\MSVC\14.40.33807\include\variant(1579): note: see reference to variable template 'const bool _Variant_all_visit_results_same<boost::shared_ptr<aggregate_of_instance>,`IfcParse::IfcFile::instances_by_type_excl_subtypes'::`2'::<lambda_1>,std::_Meta_list<IfcParse::impl::rocks_db_file_storage &> >' being compiled
C:\Program Files (x86)\Microsoft Visual Studio\2022\BuildTools\VC\Tools\MSVC\14.40.33807\include\variant(1574): note: see reference to function template instantiation 'unknown-type std::invoke(_Callable &&,_Ty1 &&,_Types2 ...) noexcept(<expr>)' being compiled
C:\Program Files (x86)\Microsoft Visual Studio\2022\BuildTools\VC\Tools\MSVC\14.40.33807\include\type_traits(1712): note: while compiling class template member function 'unknown-type std::_Invoker_functor::_Call(_Callable &&,_Types ...) noexcept(<expr>)'
C:\Program Files (x86)\Microsoft Visual Studio\2022\BuildTools\VC\Tools\MSVC\14.40.33807\include\type_traits(1611): note: see reference to function template instantiation 'aggregate_of_instance::ptr IfcParse::IfcFile::instances_by_type_excl_subtypes::<lambda_1>::operator ()<IfcParse::impl::rocks_db_file_storage>(_T1 &) const' being compiled
        with
        [
            _T1=IfcParse::impl::rocks_db_file_storage
        ]
C:\Users\Davi\Downloads\oma\.release\native-build\src\ifc\src\ifcparse\rocksdb_map_adapter.h(191): note: while compiling class 'rocksdb_map_adapter<size_t,std::string,DefaultCodec<std::string>>::iterator'
C:\Users\Davi\Downloads\oma\.release\native-build\src\ifc\src\ifcparse\rocksdb_map_adapter.h(292): note: while compiling class template member function 'bool rocksdb_map_adapter<size_t,std::string,DefaultCodec<std::string>>::iterator::operator ==(const rocksdb_map_adapter<size_t,std::string,DefaultCodec<std::string>>::iterator &) const'
C:\Users\Davi\Downloads\oma\.release\native-build\src\ifc\src\ifcparse\rocksdb_map_adapter.h(302): note: see the first reference to 'rocksdb_map_adapter<size_t,std::string,DefaultCodec<std::string>>::iterator::operator ==' in 'rocksdb_map_adapter<size_t,std::string,DefaultCodec<std::string>>::iterator::operator !='
C:\Users\Davi\Downloads\oma\.release\native-build\src\ifc\src\ifcparse\IfcParse.cpp(2341): note: see the first reference to 'rocksdb_map_adapter<size_t,std::string,DefaultCodec<std::string>>::iterator::operator !=' in 'IfcParse::IfcFile::instances_by_type_excl_subtypes::<lambda_1>::operator ()'
C:\Program Files (x86)\Microsoft Visual Studio\2022\BuildTools\VC\Tools\MSVC\14.40.33807\include\type_traits(2429): warning C4018: '<': signed/unsigned mismatch
C:\Program Files (x86)\Microsoft Visual Studio\2022\BuildTools\VC\Tools\MSVC\14.40.33807\include\type_traits(2429): note: the template instantiation context (the oldest one first) is
C:\Users\Davi\Downloads\oma\.release\native-build\src\ifc\src\ifcparse\IfcParse.cpp(1630): note: see reference to function template instantiation 'bool std::binary_search<std::_Vector_const_iterator<std::_Vector_val<std::_Simple_types<_Ty>>>,IfcParse::InstanceReference>(_FwdIt,_FwdIt,const IfcParse::InstanceReference &)' being compiled
        with
        [
            _Ty=std::_Vbase,
            _FwdIt=std::_Vector_const_iterator<std::_Vector_val<std::_Simple_types<std::_Vbase>>>
        ]
C:\Program Files (x86)\Microsoft Visual Studio\2022\BuildTools\VC\Tools\MSVC\14.40.33807\include\algorithm(7209): note: see reference to function template instantiation 'bool std::binary_search<_FwdIt,_Ty,std::less<void>>(_FwdIt,_FwdIt,const _Ty &,_Pr)' being compiled
        with
        [
            _FwdIt=std::_Vector_const_iterator<std::_Vector_val<std::_Simple_types<std::_Vbase>>>,
            _Ty=IfcParse::InstanceReference,
            _Pr=std::less<void>
        ]
C:\Program Files (x86)\Microsoft Visual Studio\2022\BuildTools\VC\Tools\MSVC\14.40.33807\include\algorithm(7203): note: while compiling class template member function 'bool std::less<void>::operator ()<const _Ty&,const unsigned int&>(_Ty1,_Ty2) noexcept(<expr>) const'
        with
        [
            _Ty=IfcParse::InstanceReference,
            _Ty1=const IfcParse::InstanceReference &,
            _Ty2=const unsigned int &
        ]
C:\Program Files (x86)\Microsoft Visual Studio\2022\BuildTools\VC\Tools\MSVC\14.40.33807\include\xutility(5941): warning C4389: '==': signed/unsigned mismatch
C:\Program Files (x86)\Microsoft Visual Studio\2022\BuildTools\VC\Tools\MSVC\14.40.33807\include\xutility(5941): note: the template instantiation context (the oldest one first) is
C:\Users\Davi\Downloads\oma\.release\native-build\src\ifc\src\ifcparse\IfcParse.cpp(2187): note: see reference to function template instantiation '_InIt std::find<boost::multi_index::detail::bidir_node_iterator<boost::multi_index::detail::sequenced_index_node<Super>>,uint32_t>(_InIt,const _InIt,const _Ty &)' being compiled
        with
        [
            _InIt=boost::multi_index::detail::bidir_node_iterator<boost::multi_index::detail::sequenced_index_node<boost::multi_index::detail::ordered_index_node<boost::multi_index::detail::null_augment_policy,boost::multi_index::detail::index_node_base<int,std::allocator<int>>>>>,
            Super=boost::multi_index::detail::ordered_index_node<boost::multi_index::detail::null_augment_policy,boost::multi_index::detail::index_node_base<int,std::allocator<int>>>,
            _Ty=uint32_t
        ]
C:\Program Files (x86)\Microsoft Visual Studio\2022\BuildTools\VC\Tools\MSVC\14.40.33807\include\xutility(5955): note: see reference to function template instantiation '_InIt std::_Find_unchecked<_InIt,_Ty>(_InIt,const _InIt,const _Ty &)' being compiled
        with
        [
            _InIt=boost::multi_index::detail::bidir_node_iterator<boost::multi_index::detail::sequenced_index_node<boost::multi_index::detail::ordered_index_node<boost::multi_index::detail::null_augment_policy,boost::multi_index::detail::index_node_base<int,std::allocator<int>>>>>,
            _Ty=uint32_t
        ]
C:\Program Files (x86)\Microsoft Visual Studio\2022\BuildTools\VC\Tools\MSVC\14.40.33807\include\type_traits(2431): warning C4018: '<': signed/unsigned mismatch
C:\Program Files (x86)\Microsoft Visual Studio\2022\BuildTools\VC\Tools\MSVC\14.40.33807\include\type_traits(2431): note: the template instantiation context (the oldest one first) is
C:\Program Files (x86)\Microsoft Visual Studio\2022\BuildTools\VC\Tools\MSVC\14.40.33807\include\algorithm(7203): note: see reference to function template instantiation 'bool std::less<void>::operator ()<const _Ty&,const unsigned int&>(_Ty1,_Ty2) noexcept(false) const' being compiled
        with
        [
            _Ty=IfcParse::InstanceReference,
            _Ty1=const IfcParse::InstanceReference &,
            _Ty2=const unsigned int &
        ]
C:\Program Files (x86)\Microsoft Visual Studio\2022\BuildTools\VC\Tools\MSVC\14.40.33807\include\tuple(143): warning C4244: 'initializing': conversion from '_Ty' to '_Ty', possible loss of data
        with
        [
            _Ty=int
        ]
        and
        [
            _Ty=short
        ]
C:\Program Files (x86)\Microsoft Visual Studio\2022\BuildTools\VC\Tools\MSVC\14.40.33807\include\tuple(143): note: the template instantiation context (the oldest one first) is
C:\Users\Davi\Downloads\oma\.release\native-build\src\ifc\src\ifcparse\IfcParse.cpp(608): note: see reference to function template instantiation 'std::tuple<int,short,short>::tuple<int&,int,int&,0>(_This2,int &&,int &) noexcept' being compiled
        with
        [
            _This2=int &
        ]
C:\Users\Davi\Downloads\oma\.release\native-build\src\ifc\src\ifcparse\IfcParse.cpp(608): note: see the first reference to 'std::tuple<int,short,short>::tuple' in 'IfcParse::impl::in_memory_file_storage::register_inverse'
C:\Program Files (x86)\Microsoft Visual Studio\2022\BuildTools\VC\Tools\MSVC\14.40.33807\include\tuple(359): note: see reference to function template instantiation 'std::tuple<int,short,short>::tuple<std::_Exact_args_t,int&,_Ty,int&,0>(_Tag,_This2,_Ty &&,int &)' being compiled
        with
        [
            _Ty=int,
            _Tag=std::_Exact_args_t,
            _This2=int &
        ]
C:\Program Files (x86)\Microsoft Visual Studio\2022\BuildTools\VC\Tools\MSVC\14.40.33807\include\tuple(313): note: see reference to function template instantiation 'std::tuple<short,short>::tuple<std::_Exact_args_t,_Ty,int&,0>(_Tag,_This2 &&,int &)' being compiled
        with
        [
            _Ty=int,
            _Tag=std::_Exact_args_t,
            _This2=int
        ]
C:\Program Files (x86)\Microsoft Visual Studio\2022\BuildTools\VC\Tools\MSVC\14.40.33807\include\tuple(313): note: see reference to function template instantiation 'std::_Tuple_val<_This>::_Tuple_val<_Ty>(_Other &&)' being compiled
        with
        [
            _This=short,
            _Ty=int,
            _Other=int
        ]
C:\Program Files (x86)\Microsoft Visual Studio\2022\BuildTools\VC\Tools\MSVC\14.40.33807\include\tuple(143): warning C4244: 'initializing': conversion from 'int' to '_Ty', possible loss of data
        with
        [
            _Ty=short
        ]
C:\Program Files (x86)\Microsoft Visual Studio\2022\BuildTools\VC\Tools\MSVC\14.40.33807\include\tuple(143): note: the template instantiation context (the oldest one first) is
C:\Program Files (x86)\Microsoft Visual Studio\2022\BuildTools\VC\Tools\MSVC\14.40.33807\include\tuple(313): note: see reference to function template instantiation 'std::tuple<short>::tuple<std::_Exact_args_t,int&,,0>(_Tag,_This2)' being compiled
        with
        [
            _Tag=std::_Exact_args_t,
            _This2=int &
        ]
C:\Program Files (x86)\Microsoft Visual Studio\2022\BuildTools\VC\Tools\MSVC\14.40.33807\include\tuple(313): note: see reference to function template instantiation 'std::_Tuple_val<_This>::_Tuple_val<int&>(_Other)' being compiled
        with
        [
            _This=short,
            _Other=int &
        ]
C:\Users\Davi\Downloads\oma\.release\native-build\src\ifc\src\ifcparse\rocksdb_set_view.h(165): warning C4100: 'other': unreferenced formal parameter
C:\Users\Davi\Downloads\oma\.release\native-build\src\ifc\src\ifcparse\rocksdb_set_view.h(165): note: the template instantiation context (the oldest one first) is
C:\Users\Davi\Downloads\oma\.release\native-build\src\ifc\src\ifcparse\map_variant.h(46): note: while compiling class 'VariantMap<IfcParse::impl::in_memory_file_storage::entity_instance_by_name_t,IfcParse::impl::rocks_db_file_storage::entity_instance_by_name_t>::iterator'
C:\Users\Davi\Downloads\oma\.release\native-build\src\ifc\src\ifcparse\map_variant.h(54): note: see reference to class template instantiation 'std::variant<boost::unordered::detail::iterator_detail::iterator<boost::unordered::detail::node<std::pair<const K,T>,void *>,boost::unordered::detail::bucket<boost::unordered::detail::node<std::pair<const K,T>,void *>,void *>>,set_to_map_transformer<IfcParse::impl::rocks_db_file_storage::instance_name_view_t,std::function<IfcUtil::IfcBaseClass *(size_t)>>::iterator>' being compiled
        with
        [
            K=uint32_t,
            T=IfcUtil::IfcBaseClass *
        ]
C:\Program Files (x86)\Microsoft Visual Studio\2022\BuildTools\VC\Tools\MSVC\14.40.33807\include\variant(965): note: see reference to alias template instantiation 'std::_Variant_destroy_layer<boost::unordered::detail::iterator_detail::iterator<boost::unordered::detail::node<std::pair<const K,T>,void *>,boost::unordered::detail::bucket<boost::unordered::detail::node<std::pair<const K,T>,void *>,void *>>,set_to_map_transformer<IfcParse::impl::rocks_db_file_storage::instance_name_view_t,std::function<IfcUtil::IfcBaseClass *(size_t)>>::iterator>' being compiled
        with
        [
            K=uint32_t,
            T=IfcUtil::IfcBaseClass *
        ]
C:\Program Files (x86)\Microsoft Visual Studio\2022\BuildTools\VC\Tools\MSVC\14.40.33807\include\variant(890): note: see reference to variable template 'const bool conjunction_v<std::is_trivially_destructible<boost::unordered::detail::iterator_detail::iterator<boost::unordered::detail::node<std::pair<unsigned int const ,IfcUtil::IfcBaseClass *>,void *>,boost::unordered::detail::bucket<boost::unordered::detail::node<std::pair<unsigned int const ,IfcUtil::IfcBaseClass *>,void *>,void *> > >,std::is_trivially_destructible<set_to_map_transformer<rocksdb_set_view<unsigned __int64>,std::function<IfcUtil::IfcBaseClass * __cdecl(unsigned __int64)> >::iterator> >' being compiled
C:\Users\Davi\Downloads\oma\.release\native-build\src\ifc\src\ifcparse\set_to_map_transformer.h(44): note: while compiling class 'set_to_map_transformer<IfcParse::impl::rocks_db_file_storage::instance_name_view_t,std::function<IfcUtil::IfcBaseClass *(size_t)>>::iterator'
C:\Users\Davi\Downloads\oma\.release\native-build\src\ifc\src\ifcparse\set_to_map_transformer.h(48): note: see reference to class template instantiation 'std::iterator_traits<rocksdb_set_view<size_t>::iterator>' being compiled
C:\Users\Davi\Downloads\oma\.release\native-build\src\ifc\src\ifcparse\rocksdb_set_view.h(53): note: while compiling class 'rocksdb_set_view<size_t>::iterator'
C:\Users\Davi\Downloads\oma\.release\native-build\src\ifc\src\ifcparse\rocksdb_set_view.h(165): note: while compiling class template member function 'bool rocksdb_set_view<size_t>::iterator::operator ==(const rocksdb_set_view<size_t>::iterator &) const'
C:\Users\Davi\Downloads\oma\.release\native-build\src\ifc\src\ifcparse\set_to_map_transformer.h(89): note: see the first reference to 'rocksdb_set_view<size_t>::iterator::operator ==' in 'set_to_map_transformer<IfcParse::impl::rocks_db_file_storage::instance_name_view_t,std::function<IfcUtil::IfcBaseClass *(size_t)>>::iterator::operator =='
C:\Program Files (x86)\Microsoft Visual Studio\2022\BuildTools\VC\Tools\MSVC\14.40.33807\include\xutility(611): note: see the first reference to 'set_to_map_transformer<IfcParse::impl::rocks_db_file_storage::instance_name_view_t,std::function<IfcUtil::IfcBaseClass *(size_t)>>::iterator::operator ==' in 'std::equal_to<void>::operator ()'
C:\Users\Davi\Downloads\oma\.release\native-build\src\ifc\src\ifcparse\rocksdb_map_adapter.h(333): warning C4100: 'key': unreferenced formal parameter
C:\Users\Davi\Downloads\oma\.release\native-build\src\ifc\src\ifcparse\rocksdb_map_adapter.h(333): note: the template instantiation context (the oldest one first) is
C:\Users\Davi\Downloads\oma\.release\native-build\src\ifc\src\ifcparse\storage.h(345): note: see reference to class template instantiation 'rocksdb_map_adapter<std::string,size_t,DefaultCodec<size_t>>' being compiled
C:\Users\Davi\Downloads\oma\.release\native-build\src\ifc\src\ifcparse\rocksdb_map_adapter.h(333): note: while compiling class template member function 'size_t rocksdb_map_adapter<std::string,size_t,DefaultCodec<size_t>>::erase(const std::basic_string<char,std::char_traits<char>,std::allocator<char>> &)'
C:\Users\Davi\Downloads\oma\.release\native-build\src\ifc\src\ifcparse\map_transformer.h(119): note: see the first reference to 'rocksdb_map_adapter<std::string,size_t,DefaultCodec<size_t>>::erase' in 'map_transformer<rocksdb_map_adapter<std::string,size_t,DefaultCodec<size_t>>,std::function<IfcUtil::IfcBaseClass *(size_t)>,std::function<size_t (IfcUtil::IfcBaseClass *)>>::erase'
C:\Users\Davi\Downloads\oma\.release\native-build\src\ifc\src\ifcparse\map_variant.h(158): note: see the first reference to 'map_transformer<rocksdb_map_adapter<std::string,size_t,DefaultCodec<size_t>>,std::function<IfcUtil::IfcBaseClass *(size_t)>,std::function<size_t (IfcUtil::IfcBaseClass *)>>::erase' in 'VariantMap<IfcParse::impl::in_memory_file_storage::entity_instance_by_guid_t,IfcParse::impl::rocks_db_file_storage::entity_instance_by_guid_t>::erase::<lambda_1>::operator ()'
C:\Program Files (x86)\Microsoft Visual Studio\2022\BuildTools\VC\Tools\MSVC\14.40.33807\include\utility(276): warning C4267: 'initializing': conversion from 'size_t' to '_Ty1', possible loss of data
        with
        [
            _Ty1=uint32_t
        ]
C:\Program Files (x86)\Microsoft Visual Studio\2022\BuildTools\VC\Tools\MSVC\14.40.33807\include\utility(276): note: the template instantiation context (the oldest one first) is
C:\Users\Davi\Downloads\oma\.release\native-build\src\ifc\src\ifcparse\map_variant.h(75): note: while compiling class template member function 'std::pair<const K,T> VariantMap<IfcParse::impl::in_memory_file_storage::entity_instance_by_name_t,IfcParse::impl::rocks_db_file_storage::entity_instance_by_name_t>::iterator::operator *(void) const'
        with
        [
            K=uint32_t,
            T=IfcUtil::IfcBaseClass *
        ]
C:\Users\Davi\Downloads\oma\.release\native-build\src\ifc\src\ifcparse\IfcParse.cpp(2791): note: see the first reference to 'VariantMap<IfcParse::impl::in_memory_file_storage::entity_instance_by_name_t,IfcParse::impl::rocks_db_file_storage::entity_instance_by_name_t>::iterator::operator *' in 'IfcParse::IfcFile::build_inverses'
C:\Users\Davi\Downloads\oma\.release\native-build\src\ifc\src\ifcparse\map_variant.h(76): note: see reference to function template instantiation 'std::pair<const K,T> std::visit<VariantMap<IfcParse::impl::in_memory_file_storage::entity_instance_by_name_t,IfcParse::impl::rocks_db_file_storage::entity_instance_by_name_t>::iterator::*::<lambda_1>,const std::variant<boost::unordered::detail::iterator_detail::iterator<boost::unordered::detail::node<std::pair<const K,T>,void *>,boost::unordered::detail::bucket<boost::unordered::detail::node<std::pair<const K,T>,void *>,void *>>,set_to_map_transformer<IfcParse::impl::rocks_db_file_storage::instance_name_view_t,std::function<IfcUtil::IfcBaseClass *(size_t)>>::iterator>&,void>(_Callable &&,const std::variant<boost::unordered::detail::iterator_detail::iterator<boost::unordered::detail::node<std::pair<const K,T>,void *>,boost::unordered::detail::bucket<boost::unordered::detail::node<std::pair<const K,T>,void *>,void *>>,set_to_map_transformer<IfcParse::impl::rocks_db_file_storage::instance_name_view_t,std::function<IfcUtil::IfcBaseClass *(size_t)>>::iterator> &)' being compiled
        with
        [
            K=uint32_t,
            T=IfcUtil::IfcBaseClass *,
            _Callable=VariantMap<IfcParse::impl::in_memory_file_storage::entity_instance_by_name_t,IfcParse::impl::rocks_db_file_storage::entity_instance_by_name_t>::iterator::*::<lambda_1>
        ]
C:\Program Files (x86)\Microsoft Visual Studio\2022\BuildTools\VC\Tools\MSVC\14.40.33807\include\variant(1609): note: see reference to function template instantiation '_Ret std::_Visit_impl<3,std::visit::_Ret,std::visit::_ListOfIndexVectors,VariantMap<IfcParse::impl::in_memory_file_storage::entity_instance_by_name_t,IfcParse::impl::rocks_db_file_storage::entity_instance_by_name_t>::iterator::*::<lambda_1>,const std::variant<boost::unordered::detail::iterator_detail::iterator<boost::unordered::detail::node<std::pair<const K,T>,void *>,boost::unordered::detail::bucket<boost::unordered::detail::node<std::pair<const K,T>,void *>,void *>>,set_to_map_transformer<IfcParse::impl::rocks_db_file_storage::instance_name_view_t,std::function<IfcUtil::IfcBaseClass *(size_t)>>::iterator>&>(_Callable &&,const std::variant<boost::unordered::detail::iterator_detail::iterator<boost::unordered::detail::node<std::pair<const K,T>,void *>,boost::unordered::detail::bucket<boost::unordered::detail::node<std::pair<const K,T>,void *>,void *>>,set_to_map_transformer<IfcParse::impl::rocks_db_file_storage::instance_name_view_t,std::function<IfcUtil::IfcBaseClass *(size_t)>>::iterator> &)' being compiled
        with
        [
            _Ret=std::visit::_Ret,
            K=uint32_t,
            T=IfcUtil::IfcBaseClass *,
            _Callable=VariantMap<IfcParse::impl::in_memory_file_storage::entity_instance_by_name_t,IfcParse::impl::rocks_db_file_storage::entity_instance_by_name_t>::iterator::*::<lambda_1>
        ]
C:\Program Files (x86)\Microsoft Visual Studio\2022\BuildTools\VC\Tools\MSVC\14.40.33807\include\variant(1564): note: see reference to function template instantiation '_Ret std::_Visit_strategy<1>::_Visit2<std::visit::_Ret,std::visit::_ListOfIndexVectors,VariantMap<IfcParse::impl::in_memory_file_storage::entity_instance_by_name_t,IfcParse::impl::rocks_db_file_storage::entity_instance_by_name_t>::iterator::*::<lambda_1>,const std::variant<boost::unordered::detail::iterator_detail::iterator<boost::unordered::detail::node<std::pair<const K,T>,void *>,boost::unordered::detail::bucket<boost::unordered::detail::node<std::pair<const K,T>,void *>,void *>>,set_to_map_transformer<IfcParse::impl::rocks_db_file_storage::instance_name_view_t,std::function<IfcUtil::IfcBaseClass *(size_t)>>::iterator>&>(size_t,_Callable &&,const std::variant<boost::unordered::detail::iterator_detail::iterator<boost::unordered::detail::node<std::pair<const K,T>,void *>,boost::unordered::detail::bucket<boost::unordered::detail::node<std::pair<const K,T>,void *>,void *>>,set_to_map_transformer<IfcParse::impl::rocks_db_file_storage::instance_name_view_t,std::function<IfcUtil::IfcBaseClass *(size_t)>>::iterator> &)' being compiled
        with
        [
            _Ret=std::visit::_Ret,
            K=uint32_t,
            T=IfcUtil::IfcBaseClass *,
            _Callable=VariantMap<IfcParse::impl::in_memory_file_storage::entity_instance_by_name_t,IfcParse::impl::rocks_db_file_storage::entity_instance_by_name_t>::iterator::*::<lambda_1>
        ]
C:\Program Files (x86)\Microsoft Visual Studio\2022\BuildTools\VC\Tools\MSVC\14.40.33807\include\variant(1510): note: see reference to function template instantiation '_Ret std::_Variant_dispatcher<std::_Visit_strategy<1>::_Visit2::_Indices>::_Dispatch2<std::visit::_Ret,VariantMap<IfcParse::impl::in_memory_file_storage::entity_instance_by_name_t,IfcParse::impl::rocks_db_file_storage::entity_instance_by_name_t>::iterator::*::<lambda_1>,const std::variant<boost::unordered::detail::iterator_detail::iterator<boost::unordered::detail::node<std::pair<const K,T>,void *>,boost::unordered::detail::bucket<boost::unordered::detail::node<std::pair<const K,T>,void *>,void *>>,set_to_map_transformer<IfcParse::impl::rocks_db_file_storage::instance_name_view_t,std::function<IfcUtil::IfcBaseClass *(size_t)>>::iterator>&,false>(_Callable &&,const std::variant<boost::unordered::detail::iterator_detail::iterator<boost::unordered::detail::node<std::pair<const K,T>,void *>,boost::unordered::detail::bucket<boost::unordered::detail::node<std::pair<const K,T>,void *>,void *>>,set_to_map_transformer<IfcParse::impl::rocks_db_file_storage::instance_name_view_t,std::function<IfcUtil::IfcBaseClass *(size_t)>>::iterator> &)' being compiled
        with
        [
            _Ret=std::visit::_Ret,
            K=uint32_t,
            T=IfcUtil::IfcBaseClass *,
            _Callable=VariantMap<IfcParse::impl::in_memory_file_storage::entity_instance_by_name_t,IfcParse::impl::rocks_db_file_storage::entity_instance_by_name_t>::iterator::*::<lambda_1>
        ]
C:\Program Files (x86)\Microsoft Visual Studio\2022\BuildTools\VC\Tools\MSVC\14.40.33807\include\variant(1440): note: see reference to function template instantiation 'std::pair<const K,T> std::invoke<_Callable,const set_to_map_transformer<IfcParse::impl::rocks_db_file_storage::instance_name_view_t,std::function<IfcUtil::IfcBaseClass *(size_t)>>::iterator&,>(_Callable &&,_Ty1) noexcept(false)' being compiled
        with
        [
            K=uint32_t,
            T=IfcUtil::IfcBaseClass *,
            _Callable=VariantMap<IfcParse::impl::in_memory_file_storage::entity_instance_by_name_t,IfcParse::impl::rocks_db_file_storage::entity_instance_by_name_t>::iterator::*::<lambda_1>,
            _Ty1=const set_to_map_transformer<IfcParse::impl::rocks_db_file_storage::instance_name_view_t,std::function<IfcUtil::IfcBaseClass *(size_t)>>::iterator &
        ]
C:\Program Files (x86)\Microsoft Visual Studio\2022\BuildTools\VC\Tools\MSVC\14.40.33807\include\type_traits(1715): note: see reference to function template instantiation 'std::pair<const K,T> VariantMap<IfcParse::impl::in_memory_file_storage::entity_instance_by_name_t,IfcParse::impl::rocks_db_file_storage::entity_instance_by_name_t>::iterator::*::<lambda_1>::operator ()<const set_to_map_transformer<IfcParse::impl::rocks_db_file_storage::instance_name_view_t,std::function<IfcUtil::IfcBaseClass *(size_t)>>::iterator>(_T2 &) const' being compiled
        with
        [
            K=uint32_t,
            T=IfcUtil::IfcBaseClass *,
            _T2=const set_to_map_transformer<IfcParse::impl::rocks_db_file_storage::instance_name_view_t,std::function<IfcUtil::IfcBaseClass *(size_t)>>::iterator
        ]
C:\Users\Davi\Downloads\oma\.release\native-build\src\ifc\src\ifcparse\map_variant.h(76): note: see reference to function template instantiation 'std::pair<const K,T>::pair<unsigned __int64,IfcUtil::IfcBaseClass*,0>(std::pair<unsigned __int64,IfcUtil::IfcBaseClass *> &&) noexcept' being compiled
        with
        [
            K=uint32_t,
            T=IfcUtil::IfcBaseClass *
        ]
C:\Program Files (x86)\Microsoft Visual Studio\2022\BuildTools\VC\Tools\MSVC\14.40.33807\include\tuple(143): warning C4244: 'initializing': conversion from 'const int' to '_Ty', possible loss of data
        with
        [
            _Ty=short
        ]
C:\Program Files (x86)\Microsoft Visual Studio\2022\BuildTools\VC\Tools\MSVC\14.40.33807\include\tuple(143): note: the template instantiation context (the oldest one first) is
C:\Users\Davi\Downloads\oma\.release\native-build\src\ifc\src\ifcparse\IfcParse.cpp(2590): note: see reference to function template instantiation 'void std::visit<IfcParse::IfcFile::getInverse::<lambda_1>::()::<lambda_1>,IfcParse::IfcFile::storage_t&,void>(_Callable &&,IfcParse::IfcFile::storage_t &)' being compiled
        with
        [
            _Callable=IfcParse::IfcFile::getInverse::<lambda_1>::()::<lambda_1>
        ]
C:\Program Files (x86)\Microsoft Visual Studio\2022\BuildTools\VC\Tools\MSVC\14.40.33807\include\variant(1605): note: see reference to variable template 'const bool _Variant_all_visit_results_same<void,``IfcParse::IfcFile::getInverse'::`2'::<lambda_1>::operator()'::`2'::<lambda_1>,std::_Meta_list<>,std::variant<std::monostate,IfcParse::impl::in_memory_file_storage,IfcParse::impl::rocks_db_file_storage> &>' being compiled
C:\Program Files (x86)\Microsoft Visual Studio\2022\BuildTools\VC\Tools\MSVC\14.40.33807\include\variant(1579): note: see reference to variable template 'const bool _Variant_all_visit_results_same<void,``IfcParse::IfcFile::getInverse'::`2'::<lambda_1>::operator()'::`2'::<lambda_1>,std::_Meta_list<IfcParse::impl::in_memory_file_storage &> >' being compiled
C:\Program Files (x86)\Microsoft Visual Studio\2022\BuildTools\VC\Tools\MSVC\14.40.33807\include\variant(1574): note: see reference to function template instantiation 'unknown-type std::invoke(_Callable &&,_Ty1 &&,_Types2 ...) noexcept(<expr>)' being compiled
C:\Program Files (x86)\Microsoft Visual Studio\2022\BuildTools\VC\Tools\MSVC\14.40.33807\include\type_traits(1712): note: while compiling class template member function 'unknown-type std::_Invoker_functor::_Call(_Callable &&,_Types ...) noexcept(<expr>)'
C:\Program Files (x86)\Microsoft Visual Studio\2022\BuildTools\VC\Tools\MSVC\14.40.33807\include\type_traits(1611): note: see reference to function template instantiation 'void IfcParse::IfcFile::getInverse::<lambda_1>::()::<lambda_1>::operator ()<IfcParse::impl::in_memory_file_storage>(const _T1 &) const' being compiled
        with
        [
            _T1=IfcParse::impl::in_memory_file_storage
        ]
C:\Users\Davi\Downloads\oma\.release\native-build\src\ifc\src\ifcparse\IfcParse.cpp(2603): note: see reference to function template instantiation 'std::tuple<int,short,short>::tuple<const int&,int,const int&,0>(_This2,int &&,const int &) noexcept' being compiled
        with
        [
            _This2=const int &
        ]
C:\Program Files (x86)\Microsoft Visual Studio\2022\BuildTools\VC\Tools\MSVC\14.40.33807\include\tuple(359): note: see reference to function template instantiation 'std::tuple<int,short,short>::tuple<std::_Exact_args_t,const int&,_Ty,const int&,0>(_Tag,_This2,_Ty &&,const int &)' being compiled
        with
        [
            _Ty=int,
            _Tag=std::_Exact_args_t,
            _This2=const int &
        ]
C:\Program Files (x86)\Microsoft Visual Studio\2022\BuildTools\VC\Tools\MSVC\14.40.33807\include\tuple(313): note: see reference to function template instantiation 'std::tuple<short,short>::tuple<std::_Exact_args_t,_Ty,const int&,0>(_Tag,_This2 &&,const int &)' being compiled
        with
        [
            _Ty=int,
            _Tag=std::_Exact_args_t,
            _This2=int
        ]
C:\Program Files (x86)\Microsoft Visual Studio\2022\BuildTools\VC\Tools\MSVC\14.40.33807\include\tuple(313): note: see reference to function template instantiation 'std::tuple<short>::tuple<std::_Exact_args_t,const int&,,0>(_Tag,_This2)' being compiled
        with
        [
            _Tag=std::_Exact_args_t,
            _This2=const int &
        ]
C:\Program Files (x86)\Microsoft Visual Studio\2022\BuildTools\VC\Tools\MSVC\14.40.33807\include\tuple(313): note: see reference to function template instantiation 'std::_Tuple_val<_This>::_Tuple_val<const int&>(_Other)' being compiled
        with
        [
            _This=short,
            _Other=const int &
        ]
C:\Users\Davi\Downloads\oma\.release\native-build\src\ifc\src\ifcparse\IfcParse.cpp(2406) : warning C4702: unreachable code
C:\Users\Davi\Downloads\oma\.release\native-build\src\ifc\src\ifcparse\IfcEntityInstanceData.h(468) : warning C4715: 'IfcEntityInstanceData::has_attribute_value<IfcUtil::IfcBaseClass *>': not all control paths return a value
C:\Users\Davi\Downloads\oma\.release\native-build\src\ifc\src\ifcparse\IfcEntityInstanceData.h(468) : warning C4715: 'IfcEntityInstanceData::has_attribute_value<Blank>': not all control paths return a value
[12/818] Building CXX object ifcparse\CMakeFiles\IfcParse.dir\IfcSpfHeader.cpp.obj
C:\Users\Davi\Downloads\oma\.release\native-build\src\ifc\src\ifcparse\IfcSpfHeader.cpp(37): warning C4245: 'argument': conversion from 'int' to 'T', signed/unsigned mismatch
        with
        [
            T=size_t
        ]
C:\Users\Davi\Downloads\oma\.release\native-build\src\ifc\src\ifcparse\IfcSpfHeader.cpp(90) : warning C4702: unreachable code
C:\Users\Davi\Downloads\oma\.release\native-build\src\ifc\src\ifcparse\IfcSpfHeader.cpp(135) : warning C4702: unreachable code
[13/818] Building CXX object ifcparse\CMakeFiles\IfcParse.dir\IfcUtil.cpp.obj
[14/818] Building CXX object ifcparse\CMakeFiles\IfcParse.dir\IfcWrite.cpp.obj
[15/818] Building CXX object ifcparse\CMakeFiles\IfcParse.dir\buildinfo.cpp.obj
[16/818] Building CXX object ifcparse\CMakeFiles\IfcParse.dir\parse_ifcxml.cpp.obj
[17/818] Building CXX object ifcparse\CMakeFiles\IfcParse.dir\IfcSIPrefix.cpp.obj
[18/818] Building CXX object ifcparse\CMakeFiles\IfcParse.dir\IfcHierarchyHelper.cpp.obj
[19/818] Building CXX object ifcparse\CMakeFiles\IfcParse.dir\IfcSchema.cpp.obj
[20/818] Building CXX object ifcparse\CMakeFiles\IfcParse.dir\Ifc2x3.cpp.obj
[21/818] Building CXX object ifcparse\CMakeFiles\IfcParse.dir\Ifc4.cpp.obj
[22/818] Building CXX object ifcparse\CMakeFiles\IfcParse.dir\Ifc4x1.cpp.obj
[23/818] Building CXX object ifcparse\CMakeFiles\IfcParse.dir\Ifc2x3-schema.cpp.obj
[24/818] Building CXX object ifcparse\CMakeFiles\IfcParse.dir\Ifc4x2.cpp.obj
[25/818] Building CXX object ifcparse\CMakeFiles\IfcParse.dir\Ifc4-schema.cpp.obj
[26/818] Building CXX object ifcparse\CMakeFiles\IfcParse.dir\Ifc4x3.cpp.obj
[27/818] Building CXX object ifcparse\CMakeFiles\IfcParse.dir\Ifc4x1-schema.cpp.obj
[28/818] Building CXX object ifcparse\CMakeFiles\IfcParse.dir\Ifc4x3_tc1.cpp.obj
[29/818] Building CXX object ifcparse\CMakeFiles\IfcParse.dir\Ifc4x2-schema.cpp.obj
[30/818] Building CXX object ifcparse\CMakeFiles\IfcParse.dir\Ifc4x3_add1.cpp.obj
[31/818] Building CXX object ifcparse\CMakeFiles\IfcParse.dir\Ifc4x3-schema.cpp.obj
[32/818] Building CXX object ifcparse\CMakeFiles\IfcParse.dir\Ifc4x3_add2.cpp.obj
[33/818] Building CXX object ifcgeom\CMakeFiles\IfcGeom.dir\AbstractKernel.cpp.obj
C:\Users\Davi\Downloads\oma\.release\native-build\src\ifc\src\ifcgeom\../ifcgeom/function_item_evaluator.h(20): warning C4505: 'ifcopenshell::geometry::convert_loop_to_function_item': unreferenced function with internal linkage has been removed
[34/818] Building CXX object ifcgeom\CMakeFiles\IfcGeom.dir\ConversionResult.cpp.obj
[35/818] Building CXX object ifcgeom\CMakeFiles\IfcGeom.dir\ConversionSettings.cpp.obj
[36/818] Building CXX object ifcparse\CMakeFiles\IfcParse.dir\Ifc4x3_tc1-schema.cpp.obj
[37/818] Building CXX object ifcgeom\CMakeFiles\IfcGeom.dir\IfcGeomRepresentation.cpp.obj
[38/818] Building CXX object ifcgeom\CMakeFiles\IfcGeom.dir\Converter.cpp.obj
[39/818] Building CXX object ifcparse\CMakeFiles\IfcParse.dir\Ifc4x3_add1-schema.cpp.obj
[40/818] Building CXX object ifcgeom\CMakeFiles\IfcGeom.dir\Iterator.cpp.obj
FAILED: ifcgeom/CMakeFiles/IfcGeom.dir/Iterator.cpp.obj 
"C:\Program Files (x86)\Microsoft Visual Studio\2022\BuildTools\VC\Tools\MSVC\14.40.33807\bin\Hostx64\x64\cl.exe"  /nologo /TP -DBOOST_ALL_NO_LIB -DHAS_SCHEMA_2x3 -DHAS_SCHEMA_4 -DHAS_SCHEMA_4x1 -DHAS_SCHEMA_4x2 -DHAS_SCHEMA_4x3 -DHAS_SCHEMA_4x3_add1 -DHAS_SCHEMA_4x3_add2 -DHAS_SCHEMA_4x3_tc1 -DHAVE_NO_DLL -DIFOPSH_WITH_OPENCASCADE -DSCHEMA_SEQ=(2x3)(4)(4x1)(4x2)(4x3)(4x3_tc1)(4x3_add1)(4x3_add2) -DUNICODE -D_CRT_SECURE_NO_WARNINGS -D_DISABLE_CONSTEXPR_MUTEX_CONSTRUCTOR -D_ENABLE_EXTENDED_ALIGNED_STORAGE -D_SCL_SECURE_NO_WARNINGS -D_UNICODE -IC:\Users\Davi\Downloads\oma\.release\native-build\src\boost -external:IC:\Users\Davi\Downloads\oma\.release\native-build\src\eigen -external:W0 /DWIN32 /D_WINDOWS /EHsc /O2 /Ob2 /DNDEBUG -std:c++17 -MD   -wd4250 -wd4584 -bigobj -W4 -wd4458 -permissive- -DIFC_GEOM_EXPORTS /showIncludes /Foifcgeom\CMakeFiles\IfcGeom.dir\Iterator.cpp.obj /Fdifcgeom\CMakeFiles\IfcGeom.dir\IfcGeom.pdb /FS -c C:\Users\Davi\Downloads\oma\.release\native-build\src\ifc\src\ifcgeom\Iterator.cpp
C:\Users\Davi\Downloads\oma\.release\native-build\src\ifc\src\ifcgeom\Iterator.h(72): fatal error C1083: Cannot open include file: 'Standard_Failure.hxx': No such file or directory
[41/818] Building CXX object ifcgeom\CMakeFiles\IfcGeom.dir\SurfaceStyle.cpp.obj
[42/818] Building CXX object ifcgeom\CMakeFiles\IfcGeom.dir\abstract_mapping.cpp.obj
[43/818] Building CXX object ifcparse\CMakeFiles\IfcParse.dir\Ifc4x3_add2-schema.cpp.obj
ninja: build stopped: subcommand failed.
