-- Detected version '0.8.5'
CMake Warning (author) at C:/Users/Davi/Downloads/oma/.release/native-build/sdk/occt/cmake/OpenCASCADEConfig.cmake:47:
  Syntax Warning in cmake code at column 75

  Argument not separated from preceding token by whitespace.
Call Stack (most recent call first):
  FindOpenCASCADE.cmake:37 (find_package)
  CMakeLists.txt:218 (find_package)
This warning is for project developers.  Use -Wno-author to suppress it.

-- Found OpenCASCADE config: C:\Users\Davi\Downloads\oma\.release\native-build\sdk\occt\cmake
-- Boost include files found in C:/Users/Davi/Downloads/oma/.release/native-build/src/boost
-- Boost libraries found in C:/Users/Davi/Downloads/oma/.release/native-build/sdk/boost/lib
-- IFC SCHEMA_VERSIONS that will be used for the build: 2x3;4;4x1;4x2;4x3;4x3_tc1;4x3_add1;4x3_add2.
-- IfcOpenShell branch: "0.8.5"
-- IfcOpenShell commit: "1c5b825"
CMake Warning (deprecated) at C:/Users/Davi/Downloads/oma/.release/native-build/src/ifc/src/ifcwrap/CMakeLists.txt:21 (cmake_policy):
  The OLD behavior for policy CMP0148 will be removed from a future version
  of CMake.

  The cmake-policies(7) manual explains that the OLD behaviors of all
  policies are deprecated and that a policy should be set to OLD only under
  specific short-term circumstances.  Projects should be ported to the NEW
  behavior and not rely on setting a policy to OLD.
This warning is for project developers.  Use -Wno-author or -Wno-deprecated
to suppress it.

-- Looking for Python header files in: C:\Program Files\WindowsApps\PythonSoftwareFoundation.Python.3.12_3.12.2800.0_x64__qbz5n2kfra8p0\include
-- Looking for Python library file in: C:\Program Files\WindowsApps\PythonSoftwareFoundation.Python.3.12_3.12.2800.0_x64__qbz5n2kfra8p0\libs\python312.lib
-- Found Python: C:\Program Files\WindowsApps\PythonSoftwareFoundation.Python.3.12_3.12.2800.0_x64__qbz5n2kfra8p0\libs\python312.lib (found version "3.12.10") found components: Development.Module
-- Looking for Python interpreter in: C:\Users\Davi\Downloads\oma\.venv\Scripts\python.exe
-- Found Python: C:\Users\Davi\Downloads\oma\.venv\Scripts\python.exe (found version "3.12.10") found components: Interpreter
-- Python wrapper will be installed to 'C:/Users/Davi/Downloads/oma/.release/native-build/python'.
-- Configuring done (2.8s)
-- Generating done (0.6s)
-- Build files have been written to: C:/Users/Davi/Downloads/oma/.release/native-build/build/ifc
