INFO:     Started server process [52872]
INFO:     Waiting for application startup.
INFO:     Application startup complete.
INFO:     Uvicorn running on http://127.0.0.1:58537 (Press CTRL+C to quit)
INFO:     Shutting down
INFO:     Waiting for connections to close. (CTRL+C to force quit)
ERROR:    Cancel 2 running task(s), timeout graceful shutdown exceeded
INFO:     Waiting for application shutdown.
ERROR:    Exception in ASGI application
Traceback (most recent call last):
  File "C:\Users\Davi\Downloads\oma\.venv\Lib\site-packages\anyio\streams\memory.py", line 118, in receive
    return self.receive_nowait()
           ^^^^^^^^^^^^^^^^^^^^^
  File "C:\Users\Davi\Downloads\oma\.venv\Lib\site-packages\anyio\streams\memory.py", line 113, in receive_nowait
    raise WouldBlock
anyio._core._exceptions.WouldBlock

During handling of the above exception, another exception occurred:

Traceback (most recent call last):
  File "C:\Users\Davi\Downloads\oma\.venv\Lib\site-packages\uvicorn\protocols\http\h11_impl.py", line 416, in run_asgi
    result = await app(  # type: ignore[func-returns-value]
             ^^^^^^^^^^^^^^^^^^^^^^^^^^^^^^^^^^^^^^^^^^^^^^
  File "C:\Users\Davi\Downloads\oma\.venv\Lib\site-packages\uvicorn\middleware\proxy_headers.py", line 63, in __call__
    return await self.app(scope, receive, send)
           ^^^^^^^^^^^^^^^^^^^^^^^^^^^^^^^^^^^^
  File "C:\Users\Davi\Downloads\oma\.venv\Lib\site-packages\fastapi\applications.py", line 1163, in __call__
    await super().__call__(scope, receive, send)
  File "C:\Users\Davi\Downloads\oma\.venv\Lib\site-packages\starlette\applications.py", line 96, in __call__
    await self.middleware_stack(scope, receive, send)
  File "C:\Users\Davi\Downloads\oma\.venv\Lib\site-packages\starlette\middleware\errors.py", line 164, in __call__
    await self.app(scope, receive, _send)
  File "C:\Users\Davi\Downloads\oma\.venv\Lib\site-packages\starlette\middleware\base.py", line 194, in __call__
    await response(scope, wrapped_receive, send)
  File "C:\Users\Davi\Downloads\oma\.venv\Lib\site-packages\starlette\middleware\base.py", line 232, in __call__
    async for chunk in self.body_iterator:
  File "C:\Users\Davi\Downloads\oma\.venv\Lib\site-packages\starlette\middleware\base.py", line 174, in body_stream
    async for message in recv_stream:
  File "C:\Users\Davi\Downloads\oma\.venv\Lib\site-packages\anyio\abc\_streams.py", line 37, in __anext__
    return await self.receive()
           ^^^^^^^^^^^^^^^^^^^^
  File "C:\Users\Davi\Downloads\oma\.venv\Lib\site-packages\anyio\streams\memory.py", line 126, in receive
    await receive_event.wait()
  File "C:\Users\Davi\Downloads\oma\.venv\Lib\site-packages\anyio\_backends\_asyncio.py", line 1936, in wait
    await self._event.wait()
  File "C:\Program Files\WindowsApps\PythonSoftwareFoundation.Python.3.12_3.12.2800.0_x64__qbz5n2kfra8p0\Lib\asyncio\locks.py", line 212, in wait
    await fut
asyncio.exceptions.CancelledError: Task cancelled, timeout graceful shutdown exceeded
ERROR:    Exception in ASGI application
Traceback (most recent call last):
  File "C:\Users\Davi\Downloads\oma\.venv\Lib\site-packages\anyio\streams\memory.py", line 118, in receive
    return self.receive_nowait()
           ^^^^^^^^^^^^^^^^^^^^^
  File "C:\Users\Davi\Downloads\oma\.venv\Lib\site-packages\anyio\streams\memory.py", line 113, in receive_nowait
    raise WouldBlock
anyio._core._exceptions.WouldBlock

During handling of the above exception, another exception occurred:

Traceback (most recent call last):
  File "C:\Users\Davi\Downloads\oma\.venv\Lib\site-packages\uvicorn\protocols\http\h11_impl.py", line 416, in run_asgi
    result = await app(  # type: ignore[func-returns-value]
             ^^^^^^^^^^^^^^^^^^^^^^^^^^^^^^^^^^^^^^^^^^^^^^
  File "C:\Users\Davi\Downloads\oma\.venv\Lib\site-packages\uvicorn\middleware\proxy_headers.py", line 63, in __call__
    return await self.app(scope, receive, send)
           ^^^^^^^^^^^^^^^^^^^^^^^^^^^^^^^^^^^^
  File "C:\Users\Davi\Downloads\oma\.venv\Lib\site-packages\fastapi\applications.py", line 1163, in __call__
    await super().__call__(scope, receive, send)
  File "C:\Users\Davi\Downloads\oma\.venv\Lib\site-packages\starlette\applications.py", line 96, in __call__
    await self.middleware_stack(scope, receive, send)
  File "C:\Users\Davi\Downloads\oma\.venv\Lib\site-packages\starlette\middleware\errors.py", line 164, in __call__
    await self.app(scope, receive, _send)
  File "C:\Users\Davi\Downloads\oma\.venv\Lib\site-packages\starlette\middleware\base.py", line 194, in __call__
    await response(scope, wrapped_receive, send)
  File "C:\Users\Davi\Downloads\oma\.venv\Lib\site-packages\starlette\middleware\base.py", line 232, in __call__
    async for chunk in self.body_iterator:
  File "C:\Users\Davi\Downloads\oma\.venv\Lib\site-packages\starlette\middleware\base.py", line 174, in body_stream
    async for message in recv_stream:
  File "C:\Users\Davi\Downloads\oma\.venv\Lib\site-packages\anyio\abc\_streams.py", line 37, in __anext__
    return await self.receive()
           ^^^^^^^^^^^^^^^^^^^^
  File "C:\Users\Davi\Downloads\oma\.venv\Lib\site-packages\anyio\streams\memory.py", line 126, in receive
    await receive_event.wait()
  File "C:\Users\Davi\Downloads\oma\.venv\Lib\site-packages\anyio\_backends\_asyncio.py", line 1936, in wait
    await self._event.wait()
  File "C:\Program Files\WindowsApps\PythonSoftwareFoundation.Python.3.12_3.12.2800.0_x64__qbz5n2kfra8p0\Lib\asyncio\locks.py", line 212, in wait
    await fut
asyncio.exceptions.CancelledError: Task cancelled, timeout graceful shutdown exceeded
INFO:     Application shutdown complete.
INFO:     Finished server process [52872]
