{"stage": "bundled-external-test-tools", "status": "PASS", "seconds": 2.038650900009088, "record": "C:\\Users\\Davi\\Downloads\\oma\\evidence\\dependencies\\native-build\\commands\\bundled-external-test-tools-8d89a1fc71\\record.json"}
{"stage": "bundled-full-suite-collection", "status": "PASS", "seconds": 6.105761099999654, "record": "C:\\Users\\Davi\\Downloads\\oma\\evidence\\dependencies\\native-build\\commands\\bundled-full-suite-collection-3c101ee353\\record.json"}
{"stage": "bundled-exact-full-suite", "seconds": 30.46198339998955, "rss_bytes": 365772800, "log": "C:\\Users\\Davi\\Downloads\\oma\\evidence\\dependencies\\native-build\\commands\\bundled-exact-full-suite-ea6b7f3e68\\output.log"}
{"stage": "bundled-exact-full-suite", "seconds": 60.97002500000235, "rss_bytes": 676462592, "log": "C:\\Users\\Davi\\Downloads\\oma\\evidence\\dependencies\\native-build\\commands\\bundled-exact-full-suite-ea6b7f3e68\\output.log"}
{"stage": "bundled-exact-full-suite", "seconds": 91.50284919999831, "rss_bytes": 676433920, "log": "C:\\Users\\Davi\\Downloads\\oma\\evidence\\dependencies\\native-build\\commands\\bundled-exact-full-suite-ea6b7f3e68\\output.log"}
{"stage": "bundled-exact-full-suite", "seconds": 121.977916799995, "rss_bytes": 1252601856, "log": "C:\\Users\\Davi\\Downloads\\oma\\evidence\\dependencies\\native-build\\commands\\bundled-exact-full-suite-ea6b7f3e68\\output.log"}
{"stage": "bundled-exact-full-suite", "seconds": 152.49428169999737, "rss_bytes": 725438464, "log": "C:\\Users\\Davi\\Downloads\\oma\\evidence\\dependencies\\native-build\\commands\\bundled-exact-full-suite-ea6b7f3e68\\output.log"}
{"stage": "bundled-exact-full-suite", "seconds": 183.03577190000215, "rss_bytes": 1022013440, "log": "C:\\Users\\Davi\\Downloads\\oma\\evidence\\dependencies\\native-build\\commands\\bundled-exact-full-suite-ea6b7f3e68\\output.log"}
{"stage": "bundled-exact-full-suite", "seconds": 213.51091610000003, "rss_bytes": 758906880, "log": "C:\\Users\\Davi\\Downloads\\oma\\evidence\\dependencies\\native-build\\commands\\bundled-exact-full-suite-ea6b7f3e68\\output.log"}
{"stage": "bundled-exact-full-suite", "seconds": 244.0243541999953, "rss_bytes": 800878592, "log": "C:\\Users\\Davi\\Downloads\\oma\\evidence\\dependencies\\native-build\\commands\\bundled-exact-full-suite-ea6b7f3e68\\output.log"}
{"stage": "bundled-exact-full-suite", "seconds": 274.4727724999975, "rss_bytes": 831184896, "log": "C:\\Users\\Davi\\Downloads\\oma\\evidence\\dependencies\\native-build\\commands\\bundled-exact-full-suite-ea6b7f3e68\\output.log"}
{"stage": "bundled-exact-full-suite", "seconds": 304.9393091999955, "rss_bytes": 1019076608, "log": "C:\\Users\\Davi\\Downloads\\oma\\evidence\\dependencies\\native-build\\commands\\bundled-exact-full-suite-ea6b7f3e68\\output.log"}
{"stage": "bundled-exact-full-suite", "seconds": 335.3934236999921, "rss_bytes": 759259136, "log": "C:\\Users\\Davi\\Downloads\\oma\\evidence\\dependencies\\native-build\\commands\\bundled-exact-full-suite-ea6b7f3e68\\output.log"}
{"stage": "bundled-exact-full-suite", "seconds": 365.8459642999951, "rss_bytes": 736215040, "log": "C:\\Users\\Davi\\Downloads\\oma\\evidence\\dependencies\\native-build\\commands\\bundled-exact-full-suite-ea6b7f3e68\\output.log"}
{"stage": "bundled-exact-full-suite", "seconds": 396.3030882000021, "rss_bytes": 740114432, "log": "C:\\Users\\Davi\\Downloads\\oma\\evidence\\dependencies\\native-build\\commands\\bundled-exact-full-suite-ea6b7f3e68\\output.log"}
{"stage": "bundled-exact-full-suite", "seconds": 426.7696067999932, "rss_bytes": 797278208, "log": "C:\\Users\\Davi\\Downloads\\oma\\evidence\\dependencies\\native-build\\commands\\bundled-exact-full-suite-ea6b7f3e68\\output.log"}
{"stage": "bundled-exact-full-suite", "seconds": 457.2507781000022, "rss_bytes": 741597184, "log": "C:\\Users\\Davi\\Downloads\\oma\\evidence\\dependencies\\native-build\\commands\\bundled-exact-full-suite-ea6b7f3e68\\output.log"}
{"stage": "bundled-exact-full-suite", "seconds": 487.7228532000008, "rss_bytes": 798969856, "log": "C:\\Users\\Davi\\Downloads\\oma\\evidence\\dependencies\\native-build\\commands\\bundled-exact-full-suite-ea6b7f3e68\\output.log"}
{"stage": "bundled-exact-full-suite", "seconds": 518.2297967999912, "rss_bytes": 769654784, "log": "C:\\Users\\Davi\\Downloads\\oma\\evidence\\dependencies\\native-build\\commands\\bundled-exact-full-suite-ea6b7f3e68\\output.log"}
{"stage": "bundled-exact-full-suite", "seconds": 548.7147206999944, "rss_bytes": 818790400, "log": "C:\\Users\\Davi\\Downloads\\oma\\evidence\\dependencies\\native-build\\commands\\bundled-exact-full-suite-ea6b7f3e68\\output.log"}
{"stage": "bundled-exact-full-suite", "seconds": 579.1850488999917, "rss_bytes": 796151808, "log": "C:\\Users\\Davi\\Downloads\\oma\\evidence\\dependencies\\native-build\\commands\\bundled-exact-full-suite-ea6b7f3e68\\output.log"}
{"stage": "bundled-exact-full-suite", "seconds": 609.661638199992, "rss_bytes": 1076350976, "log": "C:\\Users\\Davi\\Downloads\\oma\\evidence\\dependencies\\native-build\\commands\\bundled-exact-full-suite-ea6b7f3e68\\output.log"}
{"stage": "bundled-exact-full-suite", "seconds": 640.1294817000016, "rss_bytes": 801366016, "log": "C:\\Users\\Davi\\Downloads\\oma\\evidence\\dependencies\\native-build\\commands\\bundled-exact-full-suite-ea6b7f3e68\\output.log"}
{"stage": "bundled-exact-full-suite", "seconds": 670.5878032999899, "rss_bytes": 753713152, "log": "C:\\Users\\Davi\\Downloads\\oma\\evidence\\dependencies\\native-build\\commands\\bundled-exact-full-suite-ea6b7f3e68\\output.log"}
{"stage": "bundled-exact-full-suite", "seconds": 701.0410771000024, "rss_bytes": 878497792, "log": "C:\\Users\\Davi\\Downloads\\oma\\evidence\\dependencies\\native-build\\commands\\bundled-exact-full-suite-ea6b7f3e68\\output.log"}
{"stage": "bundled-exact-full-suite", "seconds": 731.4916451000026, "rss_bytes": 836521984, "log": "C:\\Users\\Davi\\Downloads\\oma\\evidence\\dependencies\\native-build\\commands\\bundled-exact-full-suite-ea6b7f3e68\\output.log"}
{"stage": "bundled-exact-full-suite", "seconds": 761.9506690999988, "rss_bytes": 867614720, "log": "C:\\Users\\Davi\\Downloads\\oma\\evidence\\dependencies\\native-build\\commands\\bundled-exact-full-suite-ea6b7f3e68\\output.log"}
{"stage": "bundled-exact-full-suite", "seconds": 792.4171567000012, "rss_bytes": 756846592, "log": "C:\\Users\\Davi\\Downloads\\oma\\evidence\\dependencies\\native-build\\commands\\bundled-exact-full-suite-ea6b7f3e68\\output.log"}
{"stage": "bundled-exact-full-suite", "seconds": 822.8832918999979, "rss_bytes": 790360064, "log": "C:\\Users\\Davi\\Downloads\\oma\\evidence\\dependencies\\native-build\\commands\\bundled-exact-full-suite-ea6b7f3e68\\output.log"}
{"stage": "bundled-exact-full-suite", "seconds": 853.3514445999899, "rss_bytes": 756920320, "log": "C:\\Users\\Davi\\Downloads\\oma\\evidence\\dependencies\\native-build\\commands\\bundled-exact-full-suite-ea6b7f3e68\\output.log"}
{"stage": "bundled-exact-full-suite", "seconds": 883.8156301999989, "rss_bytes": 756981760, "log": "C:\\Users\\Davi\\Downloads\\oma\\evidence\\dependencies\\native-build\\commands\\bundled-exact-full-suite-ea6b7f3e68\\output.log"}
{"stage": "bundled-exact-full-suite", "seconds": 914.2712242999987, "rss_bytes": 757039104, "log": "C:\\Users\\Davi\\Downloads\\oma\\evidence\\dependencies\\native-build\\commands\\bundled-exact-full-suite-ea6b7f3e68\\output.log"}
{"stage": "bundled-exact-full-suite", "seconds": 944.7211967999901, "rss_bytes": 792559616, "log": "C:\\Users\\Davi\\Downloads\\oma\\evidence\\dependencies\\native-build\\commands\\bundled-exact-full-suite-ea6b7f3e68\\output.log"}
{"stage": "bundled-exact-full-suite", "seconds": 975.1823416999978, "rss_bytes": 790499328, "log": "C:\\Users\\Davi\\Downloads\\oma\\evidence\\dependencies\\native-build\\commands\\bundled-exact-full-suite-ea6b7f3e68\\output.log"}
{"stage": "bundled-exact-full-suite", "seconds": 1005.6515052000032, "rss_bytes": 790614016, "log": "C:\\Users\\Davi\\Downloads\\oma\\evidence\\dependencies\\native-build\\commands\\bundled-exact-full-suite-ea6b7f3e68\\output.log"}
{"stage": "bundled-exact-full-suite", "seconds": 1036.1202015000017, "rss_bytes": 1004810240, "log": "C:\\Users\\Davi\\Downloads\\oma\\evidence\\dependencies\\native-build\\commands\\bundled-exact-full-suite-ea6b7f3e68\\output.log"}
{"stage": "bundled-exact-full-suite", "seconds": 1066.5904090999975, "rss_bytes": 874323968, "log": "C:\\Users\\Davi\\Downloads\\oma\\evidence\\dependencies\\native-build\\commands\\bundled-exact-full-suite-ea6b7f3e68\\output.log"}
{"stage": "bundled-exact-full-suite", "seconds": 1097.0727547999995, "rss_bytes": 791339008, "log": "C:\\Users\\Davi\\Downloads\\oma\\evidence\\dependencies\\native-build\\commands\\bundled-exact-full-suite-ea6b7f3e68\\output.log"}
{"stage": "bundled-exact-full-suite", "seconds": 1127.530131499996, "rss_bytes": 791392256, "log": "C:\\Users\\Davi\\Downloads\\oma\\evidence\\dependencies\\native-build\\commands\\bundled-exact-full-suite-ea6b7f3e68\\output.log"}
{"stage": "bundled-exact-full-suite", "seconds": 1157.9962337000034, "rss_bytes": 792281088, "log": "C:\\Users\\Davi\\Downloads\\oma\\evidence\\dependencies\\native-build\\commands\\bundled-exact-full-suite-ea6b7f3e68\\output.log"}
{"stage": "bundled-exact-full-suite", "seconds": 1188.458620999998, "rss_bytes": 848691200, "log": "C:\\Users\\Davi\\Downloads\\oma\\evidence\\dependencies\\native-build\\commands\\bundled-exact-full-suite-ea6b7f3e68\\output.log"}
{"stage": "bundled-exact-full-suite", "seconds": 1218.9293933000008, "rss_bytes": 877785088, "log": "C:\\Users\\Davi\\Downloads\\oma\\evidence\\dependencies\\native-build\\commands\\bundled-exact-full-suite-ea6b7f3e68\\output.log"}
{"stage": "bundled-exact-full-suite", "seconds": 1249.392153199995, "rss_bytes": 1094008832, "log": "C:\\Users\\Davi\\Downloads\\oma\\evidence\\dependencies\\native-build\\commands\\bundled-exact-full-suite-ea6b7f3e68\\output.log"}
{"stage": "bundled-exact-full-suite", "seconds": 1279.8506481999939, "rss_bytes": 793018368, "log": "C:\\Users\\Davi\\Downloads\\oma\\evidence\\dependencies\\native-build\\commands\\bundled-exact-full-suite-ea6b7f3e68\\output.log"}
{"stage": "bundled-exact-full-suite", "status": "PASS", "seconds": 1296.094529199996, "record": "C:\\Users\\Davi\\Downloads\\oma\\evidence\\dependencies\\native-build\\commands\\bundled-exact-full-suite-ea6b7f3e68\\record.json"}
{"status": "BUNDLED_EXACT_FROZEN_FULL_SUITE_PASS_WITH_DECLARED_DIRECT_INTERPRETER_NOT_APPLICABLE", "checker_version": "oma-independent-checker/2:3492e0f42f803ff71dea9c70558bdd276c4b5469a3d17c00ae7c37b59dda7541", "passed": 3272, "skipped": [{"classname": "tests.test_windows_job_containment", "name": "test_private_bridge_corruption_is_not_reused[binary]", "reason": "Current Python is a direct interpreter and needs no bridge"}, {"classname": "tests.test_windows_job_containment", "name": "test_private_bridge_corruption_is_not_reused[configuration]", "reason": "Current Python is a direct interpreter and needs no bridge"}, {"classname": "tests.test_windows_job_containment", "name": "test_private_bridge_corruption_is_not_reused[extra_startup]", "reason": "Current Python is a direct interpreter and needs no bridge"}], "seconds": 1336.0939999999973, "error": null}
