{"stage": "bundled-external-test-tools", "status": "PASS", "seconds": 2.03932649998751, "record": "C:\\Users\\Davi\\Downloads\\oma\\evidence\\dependencies\\native-build\\commands\\bundled-external-test-tools-82878a0a48\\record.json"}
{"stage": "bundled-full-suite-collection", "status": "PASS", "seconds": 5.087726600002497, "record": "C:\\Users\\Davi\\Downloads\\oma\\evidence\\dependencies\\native-build\\commands\\bundled-full-suite-collection-46c32cca2f\\record.json"}
{"stage": "bundled-exact-full-suite", "seconds": 30.466603799999575, "rss_bytes": 662728704, "log": "C:\\Users\\Davi\\Downloads\\oma\\evidence\\dependencies\\native-build\\commands\\bundled-exact-full-suite-3883d763de\\output.log"}
{"stage": "bundled-exact-full-suite", "seconds": 60.93955419999838, "rss_bytes": 670101504, "log": "C:\\Users\\Davi\\Downloads\\oma\\evidence\\dependencies\\native-build\\commands\\bundled-exact-full-suite-3883d763de\\output.log"}
{"stage": "bundled-exact-full-suite", "seconds": 91.44379940000363, "rss_bytes": 697663488, "log": "C:\\Users\\Davi\\Downloads\\oma\\evidence\\dependencies\\native-build\\commands\\bundled-exact-full-suite-3883d763de\\output.log"}
{"stage": "bundled-exact-full-suite", "seconds": 121.94587630000024, "rss_bytes": 687562752, "log": "C:\\Users\\Davi\\Downloads\\oma\\evidence\\dependencies\\native-build\\commands\\bundled-exact-full-suite-3883d763de\\output.log"}
{"stage": "bundled-exact-full-suite", "seconds": 152.4054049999977, "rss_bytes": 793161728, "log": "C:\\Users\\Davi\\Downloads\\oma\\evidence\\dependencies\\native-build\\commands\\bundled-exact-full-suite-3883d763de\\output.log"}
{"stage": "bundled-exact-full-suite", "seconds": 183.59029819999705, "rss_bytes": 687550464, "log": "C:\\Users\\Davi\\Downloads\\oma\\evidence\\dependencies\\native-build\\commands\\bundled-exact-full-suite-3883d763de\\output.log"}
{"stage": "bundled-exact-full-suite", "seconds": 214.14805879999767, "rss_bytes": 690831360, "log": "C:\\Users\\Davi\\Downloads\\oma\\evidence\\dependencies\\native-build\\commands\\bundled-exact-full-suite-3883d763de\\output.log"}
{"stage": "bundled-exact-full-suite", "seconds": 244.60173140000552, "rss_bytes": 732299264, "log": "C:\\Users\\Davi\\Downloads\\oma\\evidence\\dependencies\\native-build\\commands\\bundled-exact-full-suite-3883d763de\\output.log"}
{"stage": "bundled-exact-full-suite", "seconds": 275.12175829999615, "rss_bytes": 719421440, "log": "C:\\Users\\Davi\\Downloads\\oma\\evidence\\dependencies\\native-build\\commands\\bundled-exact-full-suite-3883d763de\\output.log"}
{"stage": "bundled-exact-full-suite", "seconds": 305.5927664000046, "rss_bytes": 744841216, "log": "C:\\Users\\Davi\\Downloads\\oma\\evidence\\dependencies\\native-build\\commands\\bundled-exact-full-suite-3883d763de\\output.log"}
{"stage": "bundled-exact-full-suite", "seconds": 336.0404860999988, "rss_bytes": 704155648, "log": "C:\\Users\\Davi\\Downloads\\oma\\evidence\\dependencies\\native-build\\commands\\bundled-exact-full-suite-3883d763de\\output.log"}
{"stage": "bundled-exact-full-suite", "seconds": 366.48169460000645, "rss_bytes": 704172032, "log": "C:\\Users\\Davi\\Downloads\\oma\\evidence\\dependencies\\native-build\\commands\\bundled-exact-full-suite-3883d763de\\output.log"}
{"stage": "bundled-exact-full-suite", "seconds": 396.9270263000071, "rss_bytes": 708243456, "log": "C:\\Users\\Davi\\Downloads\\oma\\evidence\\dependencies\\native-build\\commands\\bundled-exact-full-suite-3883d763de\\output.log"}
{"stage": "bundled-exact-full-suite", "seconds": 427.3719255000033, "rss_bytes": 708194304, "log": "C:\\Users\\Davi\\Downloads\\oma\\evidence\\dependencies\\native-build\\commands\\bundled-exact-full-suite-3883d763de\\output.log"}
{"stage": "bundled-exact-full-suite", "seconds": 457.81767469999613, "rss_bytes": 851148800, "log": "C:\\Users\\Davi\\Downloads\\oma\\evidence\\dependencies\\native-build\\commands\\bundled-exact-full-suite-3883d763de\\output.log"}
{"stage": "bundled-exact-full-suite", "seconds": 488.2609076999943, "rss_bytes": 794329088, "log": "C:\\Users\\Davi\\Downloads\\oma\\evidence\\dependencies\\native-build\\commands\\bundled-exact-full-suite-3883d763de\\output.log"}
{"stage": "bundled-exact-full-suite", "seconds": 518.7145040000032, "rss_bytes": 709488640, "log": "C:\\Users\\Davi\\Downloads\\oma\\evidence\\dependencies\\native-build\\commands\\bundled-exact-full-suite-3883d763de\\output.log"}
{"stage": "bundled-exact-full-suite", "seconds": 549.1834552000073, "rss_bytes": 794542080, "log": "C:\\Users\\Davi\\Downloads\\oma\\evidence\\dependencies\\native-build\\commands\\bundled-exact-full-suite-3883d763de\\output.log"}
{"stage": "bundled-exact-full-suite", "seconds": 579.651108399994, "rss_bytes": 799199232, "log": "C:\\Users\\Davi\\Downloads\\oma\\evidence\\dependencies\\native-build\\commands\\bundled-exact-full-suite-3883d763de\\output.log"}
{"stage": "bundled-exact-full-suite", "seconds": 610.1055951000017, "rss_bytes": 710914048, "log": "C:\\Users\\Davi\\Downloads\\oma\\evidence\\dependencies\\native-build\\commands\\bundled-exact-full-suite-3883d763de\\output.log"}
{"stage": "bundled-exact-full-suite", "seconds": 640.5634989999962, "rss_bytes": 747446272, "log": "C:\\Users\\Davi\\Downloads\\oma\\evidence\\dependencies\\native-build\\commands\\bundled-exact-full-suite-3883d763de\\output.log"}
{"stage": "bundled-exact-full-suite", "seconds": 671.0012284999975, "rss_bytes": 766906368, "log": "C:\\Users\\Davi\\Downloads\\oma\\evidence\\dependencies\\native-build\\commands\\bundled-exact-full-suite-3883d763de\\output.log"}
{"stage": "bundled-exact-full-suite", "seconds": 701.456276900004, "rss_bytes": 769163264, "log": "C:\\Users\\Davi\\Downloads\\oma\\evidence\\dependencies\\native-build\\commands\\bundled-exact-full-suite-3883d763de\\output.log"}
{"stage": "bundled-exact-full-suite", "seconds": 731.8938652999932, "rss_bytes": 805732352, "log": "C:\\Users\\Davi\\Downloads\\oma\\evidence\\dependencies\\native-build\\commands\\bundled-exact-full-suite-3883d763de\\output.log"}
{"stage": "bundled-exact-full-suite", "seconds": 762.3467913000059, "rss_bytes": 764174336, "log": "C:\\Users\\Davi\\Downloads\\oma\\evidence\\dependencies\\native-build\\commands\\bundled-exact-full-suite-3883d763de\\output.log"}
{"stage": "bundled-exact-full-suite", "seconds": 792.7902504999947, "rss_bytes": 1054789632, "log": "C:\\Users\\Davi\\Downloads\\oma\\evidence\\dependencies\\native-build\\commands\\bundled-exact-full-suite-3883d763de\\output.log"}
{"stage": "bundled-exact-full-suite", "seconds": 823.2489041999943, "rss_bytes": 764932096, "log": "C:\\Users\\Davi\\Downloads\\oma\\evidence\\dependencies\\native-build\\commands\\bundled-exact-full-suite-3883d763de\\output.log"}
{"stage": "bundled-exact-full-suite", "seconds": 853.6954632999987, "rss_bytes": 764932096, "log": "C:\\Users\\Davi\\Downloads\\oma\\evidence\\dependencies\\native-build\\commands\\bundled-exact-full-suite-3883d763de\\output.log"}
{"stage": "bundled-exact-full-suite", "seconds": 884.1472446999978, "rss_bytes": 1061093376, "log": "C:\\Users\\Davi\\Downloads\\oma\\evidence\\dependencies\\native-build\\commands\\bundled-exact-full-suite-3883d763de\\output.log"}
{"stage": "bundled-exact-full-suite", "status": "PASS", "seconds": 914.5938747000037, "record": "C:\\Users\\Davi\\Downloads\\oma\\evidence\\dependencies\\native-build\\commands\\bundled-exact-full-suite-3883d763de\\record.json"}
{"status": "BUNDLED_EXACT_FROZEN_FULL_SUITE_PASS_WITH_DECLARED_DIRECT_INTERPRETER_NOT_APPLICABLE", "checker_version": "oma-independent-checker/2:b63f99b5be393505bea32543bf8375f4370b11c6458ca86ff6ee10aac430d324", "passed": 2464, "skipped": [{"classname": "tests.test_windows_job_containment", "name": "test_private_bridge_corruption_is_not_reused[binary]", "reason": "Current Python is a direct interpreter and needs no bridge"}, {"classname": "tests.test_windows_job_containment", "name": "test_private_bridge_corruption_is_not_reused[configuration]", "reason": "Current Python is a direct interpreter and needs no bridge"}, {"classname": "tests.test_windows_job_containment", "name": "test_private_bridge_corruption_is_not_reused[extra_startup]", "reason": "Current Python is a direct interpreter and needs no bridge"}], "seconds": 962.2960000000021, "error": null}
