Looking in links: c:\Users\Davi\Downloads\oma\.release\native-build\portable-candidates\5e8fe9659cfd-82d3a00a6ff4\wheelhouse
Processing .\wheelhouse\annotated_doc-0.0.5-py3-none-any.whl (from -r C:\Users\Davi\Downloads\oma\.release\native-build\portable-candidates\5e8fe9659cfd-82d3a00a6ff4\requirements-runtime.lock (line 1))
Processing .\wheelhouse\annotated_types-0.8.0-py3-none-any.whl (from -r C:\Users\Davi\Downloads\oma\.release\native-build\portable-candidates\5e8fe9659cfd-82d3a00a6ff4\requirements-runtime.lock (line 2))
Processing .\wheelhouse\anyio-4.15.1-py3-none-any.whl (from -r C:\Users\Davi\Downloads\oma\.release\native-build\portable-candidates\5e8fe9659cfd-82d3a00a6ff4\requirements-runtime.lock (line 3))
Processing .\wheelhouse\cadquery_ocp-8.0.1.0.0-cp312-cp312-win_amd64.whl (from -r C:\Users\Davi\Downloads\oma\.release\native-build\portable-candidates\5e8fe9659cfd-82d3a00a6ff4\requirements-runtime.lock (line 4))
Processing .\wheelhouse\cadquery_ocp_proxy-8.0.1.0.0-py3-none-any.whl (from -r C:\Users\Davi\Downloads\oma\.release\native-build\portable-candidates\5e8fe9659cfd-82d3a00a6ff4\requirements-runtime.lock (line 5))
Processing .\wheelhouse\certifi-2026.7.22-py3-none-any.whl (from -r C:\Users\Davi\Downloads\oma\.release\native-build\portable-candidates\5e8fe9659cfd-82d3a00a6ff4\requirements-runtime.lock (line 6))
Processing .\wheelhouse\click-8.5.0-py3-none-any.whl (from -r C:\Users\Davi\Downloads\oma\.release\native-build\portable-candidates\5e8fe9659cfd-82d3a00a6ff4\requirements-runtime.lock (line 7))
Processing .\wheelhouse\colorama-0.4.6-py2.py3-none-any.whl (from -r C:\Users\Davi\Downloads\oma\.release\native-build\portable-candidates\5e8fe9659cfd-82d3a00a6ff4\requirements-runtime.lock (line 8))
Processing .\wheelhouse\contourpy-1.4.0-cp312-cp312-win_amd64.whl (from -r C:\Users\Davi\Downloads\oma\.release\native-build\portable-candidates\5e8fe9659cfd-82d3a00a6ff4\requirements-runtime.lock (line 9))
Processing .\wheelhouse\cuda_pathfinder-1.8.1-py3-none-any.whl (from -r C:\Users\Davi\Downloads\oma\.release\native-build\portable-candidates\5e8fe9659cfd-82d3a00a6ff4\requirements-runtime.lock (line 10))
Processing .\wheelhouse\cupy_cuda12x-14.2.0-cp312-cp312-win_amd64.whl (from -r C:\Users\Davi\Downloads\oma\.release\native-build\portable-candidates\5e8fe9659cfd-82d3a00a6ff4\requirements-runtime.lock (line 11))
Processing .\wheelhouse\cycler-0.12.1-py3-none-any.whl (from -r C:\Users\Davi\Downloads\oma\.release\native-build\portable-candidates\5e8fe9659cfd-82d3a00a6ff4\requirements-runtime.lock (line 12))
Processing .\wheelhouse\fastapi-0.141.1-py3-none-any.whl (from -r C:\Users\Davi\Downloads\oma\.release\native-build\portable-candidates\5e8fe9659cfd-82d3a00a6ff4\requirements-runtime.lock (line 13))
Processing .\wheelhouse\filelock-3.32.6-py3-none-any.whl (from -r C:\Users\Davi\Downloads\oma\.release\native-build\portable-candidates\5e8fe9659cfd-82d3a00a6ff4\requirements-runtime.lock (line 14))
Processing .\wheelhouse\fonttools-4.65.0-cp312-cp312-win_amd64.whl (from -r C:\Users\Davi\Downloads\oma\.release\native-build\portable-candidates\5e8fe9659cfd-82d3a00a6ff4\requirements-runtime.lock (line 15))
Processing .\wheelhouse\fsspec-2026.7.0-py3-none-any.whl (from -r C:\Users\Davi\Downloads\oma\.release\native-build\portable-candidates\5e8fe9659cfd-82d3a00a6ff4\requirements-runtime.lock (line 16))
Processing .\wheelhouse\h11-0.16.0-py3-none-any.whl (from -r C:\Users\Davi\Downloads\oma\.release\native-build\portable-candidates\5e8fe9659cfd-82d3a00a6ff4\requirements-runtime.lock (line 17))
Processing .\wheelhouse\hf_xet-1.6.0-cp38-abi3-win_amd64.whl (from -r C:\Users\Davi\Downloads\oma\.release\native-build\portable-candidates\5e8fe9659cfd-82d3a00a6ff4\requirements-runtime.lock (line 18))
Processing .\wheelhouse\httpcore-1.0.9-py3-none-any.whl (from -r C:\Users\Davi\Downloads\oma\.release\native-build\portable-candidates\5e8fe9659cfd-82d3a00a6ff4\requirements-runtime.lock (line 19))
Processing .\wheelhouse\httpx-0.28.1-py3-none-any.whl (from -r C:\Users\Davi\Downloads\oma\.release\native-build\portable-candidates\5e8fe9659cfd-82d3a00a6ff4\requirements-runtime.lock (line 20))
Processing .\wheelhouse\huggingface_hub-1.31.0-py3-none-any.whl (from -r C:\Users\Davi\Downloads\oma\.release\native-build\portable-candidates\5e8fe9659cfd-82d3a00a6ff4\requirements-runtime.lock (line 21))
Processing .\wheelhouse\idna-3.19-py3-none-any.whl (from -r C:\Users\Davi\Downloads\oma\.release\native-build\portable-candidates\5e8fe9659cfd-82d3a00a6ff4\requirements-runtime.lock (line 22))
Processing .\wheelhouse\ifcopenshell-0.8.5+oma.nocgal.1c5b825.b398b43db6952d07645d4fbea2c23c73cb83696369871e22880b85a8c35bfd875-cp312-cp312-win_amd64.whl (from -r C:\Users\Davi\Downloads\oma\.release\native-build\portable-candidates\5e8fe9659cfd-82d3a00a6ff4\requirements-runtime.lock (line 23))
Processing .\wheelhouse\ijson-3.4.0.post0-cp312-cp312-win_amd64.whl (from -r C:\Users\Davi\Downloads\oma\.release\native-build\portable-candidates\5e8fe9659cfd-82d3a00a6ff4\requirements-runtime.lock (line 24))
Processing .\wheelhouse\isodate-0.7.2-py3-none-any.whl (from -r C:\Users\Davi\Downloads\oma\.release\native-build\portable-candidates\5e8fe9659cfd-82d3a00a6ff4\requirements-runtime.lock (line 25))
Processing .\wheelhouse\kiwisolver-1.5.1-cp312-cp312-win_amd64.whl (from -r C:\Users\Davi\Downloads\oma\.release\native-build\portable-candidates\5e8fe9659cfd-82d3a00a6ff4\requirements-runtime.lock (line 26))
Processing .\wheelhouse\lark-1.3.1-py3-none-any.whl (from -r C:\Users\Davi\Downloads\oma\.release\native-build\portable-candidates\5e8fe9659cfd-82d3a00a6ff4\requirements-runtime.lock (line 27))
Processing .\wheelhouse\manifold3d-3.5.3-cp312-cp312-win_amd64.whl (from -r C:\Users\Davi\Downloads\oma\.release\native-build\portable-candidates\5e8fe9659cfd-82d3a00a6ff4\requirements-runtime.lock (line 28))
Processing .\wheelhouse\markdown_it_py-4.2.0-py3-none-any.whl (from -r C:\Users\Davi\Downloads\oma\.release\native-build\portable-candidates\5e8fe9659cfd-82d3a00a6ff4\requirements-runtime.lock (line 29))
Processing .\wheelhouse\matplotlib-3.11.2-cp312-cp312-win_amd64.whl (from -r C:\Users\Davi\Downloads\oma\.release\native-build\portable-candidates\5e8fe9659cfd-82d3a00a6ff4\requirements-runtime.lock (line 30))
Processing .\wheelhouse\mdurl-0.1.2-py3-none-any.whl (from -r C:\Users\Davi\Downloads\oma\.release\native-build\portable-candidates\5e8fe9659cfd-82d3a00a6ff4\requirements-runtime.lock (line 31))
Processing .\wheelhouse\numpy-2.5.3-cp312-cp312-win_amd64.whl (from -r C:\Users\Davi\Downloads\oma\.release\native-build\portable-candidates\5e8fe9659cfd-82d3a00a6ff4\requirements-runtime.lock (line 32))
Processing .\wheelhouse\orjson-3.12.0-cp312-cp312-win_amd64.whl (from -r C:\Users\Davi\Downloads\oma\.release\native-build\portable-candidates\5e8fe9659cfd-82d3a00a6ff4\requirements-runtime.lock (line 33))
Processing .\wheelhouse\packaging-26.3-py3-none-any.whl (from -r C:\Users\Davi\Downloads\oma\.release\native-build\portable-candidates\5e8fe9659cfd-82d3a00a6ff4\requirements-runtime.lock (line 34))
Processing .\wheelhouse\pillow-12.3.0-cp312-cp312-win_amd64.whl (from -r C:\Users\Davi\Downloads\oma\.release\native-build\portable-candidates\5e8fe9659cfd-82d3a00a6ff4\requirements-runtime.lock (line 35))
Processing .\wheelhouse\pip-26.2.1-py3-none-any.whl (from -r C:\Users\Davi\Downloads\oma\.release\native-build\portable-candidates\5e8fe9659cfd-82d3a00a6ff4\requirements-runtime.lock (line 36))
Processing .\wheelhouse\psutil-7.2.2-cp37-abi3-win_amd64.whl (from -r C:\Users\Davi\Downloads\oma\.release\native-build\portable-candidates\5e8fe9659cfd-82d3a00a6ff4\requirements-runtime.lock (line 37))
Processing .\wheelhouse\pydantic-2.13.5-py3-none-any.whl (from -r C:\Users\Davi\Downloads\oma\.release\native-build\portable-candidates\5e8fe9659cfd-82d3a00a6ff4\requirements-runtime.lock (line 38))
Processing .\wheelhouse\pydantic_core-2.46.5-cp312-cp312-win_amd64.whl (from -r C:\Users\Davi\Downloads\oma\.release\native-build\portable-candidates\5e8fe9659cfd-82d3a00a6ff4\requirements-runtime.lock (line 39))
Processing .\wheelhouse\pygments-2.21.0-py3-none-any.whl (from -r C:\Users\Davi\Downloads\oma\.release\native-build\portable-candidates\5e8fe9659cfd-82d3a00a6ff4\requirements-runtime.lock (line 40))
Processing .\wheelhouse\pyparsing-3.3.2-py3-none-any.whl (from -r C:\Users\Davi\Downloads\oma\.release\native-build\portable-candidates\5e8fe9659cfd-82d3a00a6ff4\requirements-runtime.lock (line 41))
Processing .\wheelhouse\python_dateutil-2.9.0.post0-py2.py3-none-any.whl (from -r C:\Users\Davi\Downloads\oma\.release\native-build\portable-candidates\5e8fe9659cfd-82d3a00a6ff4\requirements-runtime.lock (line 42))
Processing .\wheelhouse\python_multipart-0.0.32-py3-none-any.whl (from -r C:\Users\Davi\Downloads\oma\.release\native-build\portable-candidates\5e8fe9659cfd-82d3a00a6ff4\requirements-runtime.lock (line 43))
Processing .\wheelhouse\pyyaml-6.0.3-cp312-cp312-win_amd64.whl (from -r C:\Users\Davi\Downloads\oma\.release\native-build\portable-candidates\5e8fe9659cfd-82d3a00a6ff4\requirements-runtime.lock (line 44))
Processing .\wheelhouse\rich-15.0.0-py3-none-any.whl (from -r C:\Users\Davi\Downloads\oma\.release\native-build\portable-candidates\5e8fe9659cfd-82d3a00a6ff4\requirements-runtime.lock (line 45))
Processing .\wheelhouse\scipy-1.18.1-cp312-cp312-win_amd64.whl (from -r C:\Users\Davi\Downloads\oma\.release\native-build\portable-candidates\5e8fe9659cfd-82d3a00a6ff4\requirements-runtime.lock (line 46))
Processing .\wheelhouse\setuptools-84.0.0-py3-none-any.whl (from -r C:\Users\Davi\Downloads\oma\.release\native-build\portable-candidates\5e8fe9659cfd-82d3a00a6ff4\requirements-runtime.lock (line 47))
Processing .\wheelhouse\shapely-2.1.2-cp312-cp312-win_amd64.whl (from -r C:\Users\Davi\Downloads\oma\.release\native-build\portable-candidates\5e8fe9659cfd-82d3a00a6ff4\requirements-runtime.lock (line 48))
Processing .\wheelhouse\shellingham-1.5.4-py2.py3-none-any.whl (from -r C:\Users\Davi\Downloads\oma\.release\native-build\portable-candidates\5e8fe9659cfd-82d3a00a6ff4\requirements-runtime.lock (line 49))
Processing .\wheelhouse\six-1.17.0-py2.py3-none-any.whl (from -r C:\Users\Davi\Downloads\oma\.release\native-build\portable-candidates\5e8fe9659cfd-82d3a00a6ff4\requirements-runtime.lock (line 50))
Processing .\wheelhouse\starlette-1.6.0-py3-none-any.whl (from -r C:\Users\Davi\Downloads\oma\.release\native-build\portable-candidates\5e8fe9659cfd-82d3a00a6ff4\requirements-runtime.lock (line 51))
Processing .\wheelhouse\tqdm-4.70.1-py3-none-any.whl (from -r C:\Users\Davi\Downloads\oma\.release\native-build\portable-candidates\5e8fe9659cfd-82d3a00a6ff4\requirements-runtime.lock (line 52))
Processing .\wheelhouse\trimesh-5.1.0-py3-none-any.whl (from -r C:\Users\Davi\Downloads\oma\.release\native-build\portable-candidates\5e8fe9659cfd-82d3a00a6ff4\requirements-runtime.lock (line 53))
Processing .\wheelhouse\typer-0.27.2-py3-none-any.whl (from -r C:\Users\Davi\Downloads\oma\.release\native-build\portable-candidates\5e8fe9659cfd-82d3a00a6ff4\requirements-runtime.lock (line 54))
Processing .\wheelhouse\typing_extensions-4.16.0-py3-none-any.whl (from -r C:\Users\Davi\Downloads\oma\.release\native-build\portable-candidates\5e8fe9659cfd-82d3a00a6ff4\requirements-runtime.lock (line 55))
Processing .\wheelhouse\typing_inspection-0.4.4-py3-none-any.whl (from -r C:\Users\Davi\Downloads\oma\.release\native-build\portable-candidates\5e8fe9659cfd-82d3a00a6ff4\requirements-runtime.lock (line 56))
Processing .\wheelhouse\uvicorn-0.52.4-py3-none-any.whl (from -r C:\Users\Davi\Downloads\oma\.release\native-build\portable-candidates\5e8fe9659cfd-82d3a00a6ff4\requirements-runtime.lock (line 57))
Processing .\wheelhouse\vtk-9.6.2-cp312-cp312-win_amd64.whl (from -r C:\Users\Davi\Downloads\oma\.release\native-build\portable-candidates\5e8fe9659cfd-82d3a00a6ff4\requirements-runtime.lock (line 58))
Processing .\wheelhouse\wheel-0.48.0-py3-none-any.whl (from -r C:\Users\Davi\Downloads\oma\.release\native-build\portable-candidates\5e8fe9659cfd-82d3a00a6ff4\requirements-runtime.lock (line 59))
Installing collected packages: vtk, wheel, uvicorn, typing-inspection, typing-extensions, typer, trimesh, tqdm, starlette, six, shellingham, shapely, setuptools, scipy, rich, pyyaml, python-multipart, python-dateutil, pyparsing, pygments, pydantic-core, pydantic, psutil, pip, pillow, packaging, orjson, numpy, mdurl, matplotlib, markdown-it-py, manifold3d, lark, kiwisolver, isodate, ijson, ifcopenshell, idna, huggingface-hub, httpx, httpcore, hf-xet, h11, fsspec, fonttools, filelock, fastapi, cycler, cupy-cuda12x, cuda-pathfinder, contourpy, colorama, click, certifi, cadquery-ocp-proxy, cadquery-ocp, anyio, annotated-types, annotated-doc

Successfully installed annotated-doc-0.0.5 annotated-types-0.8.0 anyio-4.15.1 cadquery-ocp-8.0.1.0.0 cadquery-ocp-proxy-8.0.1.0.0 certifi-2026.7.22 click-8.5.0 colorama-0.4.6 contourpy-1.4.0 cuda-pathfinder-1.8.1 cupy-cuda12x-14.2.0 cycler-0.12.1 fastapi-0.141.1 filelock-3.32.6 fonttools-4.65.0 fsspec-2026.7.0 h11-0.16.0 hf-xet-1.6.0 httpcore-1.0.9 httpx-0.28.1 huggingface-hub-1.31.0 idna-3.19 ifcopenshell-0.8.5+oma.nocgal.1c5b825.b398b43db6952d07645d4fbea2c23c73cb83696369871e22880b85a8c35bfd875 ijson-3.4.0.post0 isodate-0.7.2 kiwisolver-1.5.1 lark-1.3.1 manifold3d-3.5.3 markdown-it-py-4.2.0 matplotlib-3.11.2 mdurl-0.1.2 numpy-2.5.3 orjson-3.12.0 packaging-26.3 pillow-12.3.0 pip-26.2.1 psutil-7.2.2 pydantic-2.13.5 pydantic-core-2.46.5 pygments-2.21.0 pyparsing-3.3.2 python-dateutil-2.9.0.post0 python-multipart-0.0.32 pyyaml-6.0.3 rich-15.0.0 scipy-1.18.1 setuptools-84.0.0 shapely-2.1.2 shellingham-1.5.4 six-1.17.0 starlette-1.6.0 tqdm-4.70.1 trimesh-5.1.0 typer-0.27.2 typing-extensions-4.16.0 typing-inspection-0.4.4 uvicorn-0.52.4 vtk-9.6.2 wheel-0.48.0
WARNING: Target directory C:\Users\Davi\Downloads\oma\.release\native-build\portable-candidates\5e8fe9659cfd-82d3a00a6ff4\runtime\Lib\site-packages\pip already exists. Specify --upgrade to force replacement.
WARNING: Target directory C:\Users\Davi\Downloads\oma\.release\native-build\portable-candidates\5e8fe9659cfd-82d3a00a6ff4\runtime\Lib\site-packages\pip-26.2.1.dist-info already exists. Specify --upgrade to force replacement.
