[1/3] Swig compile IfcPython.i for python
C:\Users\Davi\Downloads\oma\.release\native-build\src\ifc\src\ifcwrap\..\ifcgeom\ConversionResult.h(62) : Warning 317: Specialization of non-template 'hash'.
C:\Users\Davi\Downloads\oma\.release\native-build\src\ifc\src\ifcwrap\..\ifcgeom\ConversionResult.h(224) : Warning 362: operator= ignored
C:\Users\Davi\Downloads\oma\.release\native-build\src\ifc\src\ifcwrap\..\ifcgeom\taxonomy.h(228) : Warning 362: operator= ignored
C:\Users\Davi\Downloads\oma\.release\native-build\src\ifc\src\ifcwrap\..\ifcgeom\taxonomy.h(651) : Warning 314: 'print' is a python keyword, renaming to '_print'
C:\Users\Davi\Downloads\oma\.release\native-build\src\ifc\src\ifcwrap\..\ifcgeom\taxonomy.h(651) : Warning 314: 'print' is a python keyword, renaming to '_print'
C:\Users\Davi\Downloads\oma\.release\native-build\src\ifc\src\ifcwrap\..\ifcgeom\taxonomy.h(669) : Warning 314: 'print' is a python keyword, renaming to '_print'
C:\Users\Davi\Downloads\oma\.release\native-build\src\ifc\src\ifcwrap\..\ifcgeom\taxonomy.h(669) : Warning 314: 'print' is a python keyword, renaming to '_print'
C:\Users\Davi\Downloads\oma\.release\native-build\src\ifc\src\ifcwrap\..\ifcgeom\taxonomy.h(1523) : Warning 302: Redefinition of identifier 'cast' as ifcopenshell::geometry::taxonomy::cast ignored,
C:\Users\Davi\Downloads\oma\.release\native-build\src\ifc\src\ifcwrap\..\ifcgeom\taxonomy.h(47) : Warning 302: previous definition of 'cast' as ifcopenshell::geometry::taxonomy::cast.
C:\Users\Davi\Downloads\oma\.release\native-build\src\ifc\src\ifcwrap\..\ifcgeom\taxonomy.h(1563) : Warning 302: Redefinition of identifier 'dcast' as ifcopenshell::geometry::taxonomy::dcast ignored,
C:\Users\Davi\Downloads\oma\.release\native-build\src\ifc\src\ifcwrap\..\ifcgeom\taxonomy.h(49) : Warning 302: previous definition of 'dcast' as ifcopenshell::geometry::taxonomy::dcast.
C:\Users\Davi\Downloads\oma\.release\native-build\src\ifc\src\ifcwrap\..\serializers\XmlSerializer.h(38) : Warning 325: Nested class not currently supported (Factory ignored)
C:\Users\Davi\Downloads\oma\.release\native-build\src\ifc\src\ifcwrap\..\ifcgeom\kernels\opencascade\IfcGeomTree.h(1006) : Warning 325: Nested struct not currently supported (clash_task ignored)
C:\Users\Davi\Downloads\oma\.release\native-build\src\ifc\src\ifcwrap\..\ifcparse\IfcFile.h(482) : Warning 317: Specialization of non-template 'iterator_traits'.
C:\Users\Davi\Downloads\oma\.release\native-build\src\ifc\src\ifcwrap\..\ifcparse\IfcBaseClass.h(128) : Warning 302: Redefinition of identifier 'id' by %extend ignored,
C:\Users\Davi\Downloads\oma\.release\native-build\src\ifc\src\ifcwrap\IfcParseWrapper.i(360) : Warning 302: %extend definition of 'id'.
C:\Users\Davi\Downloads\oma\.release\native-build\src\ifc\src\ifcwrap\..\ifcparse\IfcSchema.h(64) : Warning 314: 'is' is a python keyword, renaming to '_is'
C:\Users\Davi\Downloads\oma\.release\native-build\src\ifc\src\ifcwrap\..\ifcparse\IfcSchema.h(65) : Warning 314: 'is' is a python keyword, renaming to '_is'
C:\Users\Davi\Downloads\oma\.release\native-build\src\ifc\src\ifcwrap\..\ifcparse\IfcSchema.h(80) : Warning 314: 'is' is a python keyword, renaming to '_is'
C:\Users\Davi\Downloads\oma\.release\native-build\src\ifc\src\ifcwrap\..\ifcparse\IfcSchema.h(81) : Warning 314: 'is' is a python keyword, renaming to '_is'
C:\Users\Davi\Downloads\oma\.release\native-build\src\ifc\src\ifcwrap\..\ifcparse\IfcSchema.h(171) : Warning 314: 'is' is a python keyword, renaming to '_is'
C:\Users\Davi\Downloads\oma\.release\native-build\src\ifc\src\ifcwrap\..\ifcparse\IfcSchema.h(172) : Warning 314: 'is' is a python keyword, renaming to '_is'
C:\Users\Davi\Downloads\oma\.release\native-build\src\ifc\src\ifcwrap\..\ifcparse\IfcSchema.h(320) : Warning 325: Nested class not currently supported (attribute_by_name_cmp ignored)
C:\Users\Davi\Downloads\oma\.release\native-build\src\ifc\src\ifcwrap\IfcParseWrapper.i(653) : Warning 303: %extend defined for an undeclared class IfcParse::FileName.
C:\Users\Davi\Downloads\oma\.release\native-build\src\ifc\src\ifcwrap\IfcParseWrapper.i(696) : Warning 303: %extend defined for an undeclared class IfcParse::FileSchema.
C:\Users\Davi\Downloads\oma\.release\native-build\src\ifc\src\ifcwrap\IfcGeomWrapper.i(873) : Warning 303: %extend defined for an undeclared class IfcGeom::Matrix.
C:\Users\Davi\Downloads\oma\.release\native-build\src\ifc\src\ifcwrap\IfcParseWrapper.i(643) : Warning 303: %extend defined for an undeclared class IfcParse::FileDescription.
C:\Users\Davi\Downloads\oma\.release\native-build\src\ifc\src\ifcwrap\..\ifcgeom\ConversionSettings.h(455) : Warning 401: Nothing known about base class 'SettingBase< MakeVolume,bool >'. Ignored.
C:\Users\Davi\Downloads\oma\.release\native-build\src\ifc\src\ifcwrap\..\ifcgeom\ConversionSettings.h(455) : Warning 401: Maybe you forgot to instantiate 'SettingBase< MakeVolume,bool >' using %template.
C:\Users\Davi\Downloads\oma\.release\native-build\src\ifc\src\ifcwrap\..\ifcgeom\ConversionSettings.h(655) : Warning 401: Nothing known about base class 'SettingsContainer< std::tuple< MesherLinearDeflection,MesherAngularDeflection,ReorientShells,LengthUnit,PlaneUnit,Precision,OutputDimensionality,LayersetFirst,DisableBooleanResult,NoWireIntersectionCheck,NoWireIntersectionTolerance,PrecisionFactor,DebugBooleanOperations,BooleanAttempt2d,SurfaceColour,WeldVertices,UseWorldCoords,UnifyShapes,UseMaterialNames,ConvertBackUnits,ContextIds,ContextTypes,ContextIdentifiers,IteratorOutput,DisableOpeningSubtractions,ApplyDefaultMaterials,DontEmitNormals,GenerateUvs,ApplyLayerSets,UseElementHierarchy,ValidateQuantities,EdgeArrows,BuildingLocalPlacement,SiteLocalPlacement,ForceSpaceTransparency,CircleSegments,CgalSmoothAngleDegrees,KeepBoundingBoxes,ComputeCurvature,FunctionStepType,FunctionStepParam,NoParallelMapping,PermissiveShapeReuse,ModelOffset,ModelRotation,TriangulationType,CgalEmitOriginalEdges,OcctNoCleanTriangulation,CacheShapes,DeferProcessingFirstElement,MaxOffset,MaxOffsetDeviation,ApplyOffset,MakeVolume > >'. Ignored.
C:\Users\Davi\Downloads\oma\.release\native-build\src\ifc\src\ifcwrap\..\ifcgeom\ConversionSettings.h(655) : Warning 401: Maybe you forgot to instantiate 'SettingsContainer< std::tuple< MesherLinearDeflection,MesherAngularDeflection,ReorientShells,LengthUnit,PlaneUnit,Precision,OutputDimensionality,LayersetFirst,DisableBooleanResult,NoWireIntersectionCheck,NoWireIntersectionTolerance,PrecisionFactor,DebugBooleanOperations,BooleanAttempt2d,SurfaceColour,WeldVertices,UseWorldCoords,UnifyShapes,UseMaterialNames,ConvertBackUnits,ContextIds,ContextTypes,ContextIdentifiers,IteratorOutput,DisableOpeningSubtractions,ApplyDefaultMaterials,DontEmitNormals,GenerateUvs,ApplyLayerSets,UseElementHierarchy,ValidateQuantities,EdgeArrows,BuildingLocalPlacement,SiteLocalPlacement,ForceSpaceTransparency,CircleSegments,CgalSmoothAngleDegrees,KeepBoundingBoxes,ComputeCurvature,FunctionStepType,FunctionStepParam,NoParallelMapping,PermissiveShapeReuse,ModelOffset,ModelRotation,TriangulationType,CgalEmitOriginalEdges,OcctNoCleanTriangulation,CacheShapes,DeferProcessingFirstElement,MaxOffset,MaxOffsetDeviation,ApplyOffset,MakeVolume > >' using %template.
C:\Users\Davi\Downloads\oma\.release\native-build\src\ifc\src\ifcwrap\..\ifcgeom\GeometrySerializer.h(98) : Warning 401: Nothing known about base class 'SettingsContainer< std::tuple< UseElementNames,UseElementGuids,UseElementStepIds,UseElementTypes,UseYUp,WriteGltfEcef,FloatingPointDigits,BaseUri,WktUseSection,SeparateZUpNode > >'. Ignored.
C:\Users\Davi\Downloads\oma\.release\native-build\src\ifc\src\ifcwrap\..\ifcgeom\GeometrySerializer.h(98) : Warning 401: Maybe you forgot to instantiate 'SettingsContainer< std::tuple< UseElementNames,UseElementGuids,UseElementStepIds,UseElementTypes,UseYUp,WriteGltfEcef,FloatingPointDigits,BaseUri,WktUseSection,SeparateZUpNode > >' using %template.
C:\Users\Davi\Downloads\oma\.release\native-build\src\ifc\src\ifcwrap\..\ifcgeom\GeometrySerializer.h(142) : Warning 401: Nothing known about base class 'Serializer'. Ignored.
C:\Users\Davi\Downloads\oma\.release\native-build\src\ifc\src\ifcwrap\..\ifcgeom\taxonomy.h(277) : Warning 401: Nothing known about base class 'eigen_base< Eigen::Matrix4d >'. Ignored.
C:\Users\Davi\Downloads\oma\.release\native-build\src\ifc\src\ifcwrap\..\ifcgeom\taxonomy.h(277) : Warning 401: Maybe you forgot to instantiate 'eigen_base< Eigen::Matrix4d >' using %template.
C:\Users\Davi\Downloads\oma\.release\native-build\src\ifc\src\ifcwrap\..\ifcgeom\taxonomy.h(343) : Warning 401: Nothing known about base class 'eigen_base< Eigen::Vector3d >'. Ignored.
C:\Users\Davi\Downloads\oma\.release\native-build\src\ifc\src\ifcwrap\..\ifcgeom\taxonomy.h(343) : Warning 401: Maybe you forgot to instantiate 'eigen_base< Eigen::Vector3d >' using %template.
C:\Users\Davi\Downloads\oma\.release\native-build\src\ifc\src\ifcwrap\..\ifcgeom\taxonomy.h(640) : Warning 401: Nothing known about base class 'cartesian_base< 3 >'. Ignored.
C:\Users\Davi\Downloads\oma\.release\native-build\src\ifc\src\ifcwrap\..\ifcgeom\taxonomy.h(640) : Warning 401: Maybe you forgot to instantiate 'cartesian_base< 3 >' using %template.
C:\Users\Davi\Downloads\oma\.release\native-build\src\ifc\src\ifcwrap\..\ifcgeom\taxonomy.h(658) : Warning 401: Nothing known about base class 'cartesian_base< 3 >'. Ignored.
C:\Users\Davi\Downloads\oma\.release\native-build\src\ifc\src\ifcwrap\..\ifcgeom\taxonomy.h(658) : Warning 401: Maybe you forgot to instantiate 'cartesian_base< 3 >' using %template.
C:\Users\Davi\Downloads\oma\.release\native-build\src\ifc\src\ifcwrap\..\ifcgeom\taxonomy.h(914) : Warning 401: Nothing known about base class 'collection_base< geom_item >'. Ignored.
C:\Users\Davi\Downloads\oma\.release\native-build\src\ifc\src\ifcwrap\..\ifcgeom\taxonomy.h(914) : Warning 401: Maybe you forgot to instantiate 'collection_base< geom_item >' using %template.
C:\Users\Davi\Downloads\oma\.release\native-build\src\ifc\src\ifcwrap\..\ifcgeom\taxonomy.h(927) : Warning 401: Nothing known about base class 'collection_base< edge >'. Ignored.
C:\Users\Davi\Downloads\oma\.release\native-build\src\ifc\src\ifcwrap\..\ifcgeom\taxonomy.h(927) : Warning 401: Maybe you forgot to instantiate 'collection_base< edge >' using %template.
C:\Users\Davi\Downloads\oma\.release\native-build\src\ifc\src\ifcwrap\..\ifcgeom\taxonomy.h(991) : Warning 401: Nothing known about base class 'collection_base< loop >'. Ignored.
C:\Users\Davi\Downloads\oma\.release\native-build\src\ifc\src\ifcwrap\..\ifcgeom\taxonomy.h(991) : Warning 401: Maybe you forgot to instantiate 'collection_base< loop >' using %template.
C:\Users\Davi\Downloads\oma\.release\native-build\src\ifc\src\ifcwrap\..\ifcgeom\taxonomy.h(1012) : Warning 401: Nothing known about base class 'collection_base< face >'. Ignored.
C:\Users\Davi\Downloads\oma\.release\native-build\src\ifc\src\ifcwrap\..\ifcgeom\taxonomy.h(1012) : Warning 401: Maybe you forgot to instantiate 'collection_base< face >' using %template.
C:\Users\Davi\Downloads\oma\.release\native-build\src\ifc\src\ifcwrap\..\ifcgeom\taxonomy.h(1050) : Warning 401: Nothing known about base class 'collection_base< shell >'. Ignored.
C:\Users\Davi\Downloads\oma\.release\native-build\src\ifc\src\ifcwrap\..\ifcgeom\taxonomy.h(1050) : Warning 401: Maybe you forgot to instantiate 'collection_base< shell >' using %template.
C:\Users\Davi\Downloads\oma\.release\native-build\src\ifc\src\ifcwrap\..\ifcgeom\taxonomy.h(1062) : Warning 401: Nothing known about base class 'collection_base< geom_item >'. Ignored.
C:\Users\Davi\Downloads\oma\.release\native-build\src\ifc\src\ifcwrap\..\ifcgeom\taxonomy.h(1062) : Warning 401: Maybe you forgot to instantiate 'collection_base< geom_item >' using %template.
C:\Users\Davi\Downloads\oma\.release\native-build\src\ifc\src\ifcwrap\..\ifcgeom\taxonomy.h(1264) : Warning 401: Nothing known about base class 'collection_base< geom_item >'. Ignored.
C:\Users\Davi\Downloads\oma\.release\native-build\src\ifc\src\ifcwrap\..\ifcgeom\taxonomy.h(1264) : Warning 401: Maybe you forgot to instantiate 'collection_base< geom_item >' using %template.
C:\Users\Davi\Downloads\oma\.release\native-build\src\ifc\src\ifcwrap\..\serializers\XmlSerializer.h(11) : Warning 401: Nothing known about base class 'Serializer'. Ignored.
C:\Users\Davi\Downloads\oma\.release\native-build\src\ifc\src\ifcwrap\..\ifcgeom\kernels\opencascade\IfcGeomTree.h(1484) : Warning 401: Nothing known about base class 'impl::tree< IfcUtil::IfcBaseEntity const * >'. Ignored.
C:\Users\Davi\Downloads\oma\.release\native-build\src\ifc\src\ifcwrap\..\ifcgeom\kernels\opencascade\IfcGeomTree.h(1484) : Warning 401: Maybe you forgot to instantiate 'impl::tree< IfcUtil::IfcBaseEntity const * >' using %template.
C:\Users\Davi\Downloads\oma\.release\native-build\src\ifc\src\ifcwrap\IfcGeomWrapper.i(382) : Warning 509: Overloaded method ifcopenshell::geometry::Settings::set_(std::string const &,ifcopenshell::geometry::settings::IteratorOutputOptions) effectively ignored,
C:\Users\Davi\Downloads\oma\.release\native-build\src\ifc\src\ifcwrap\IfcGeomWrapper.i(379) : Warning 509: as it is shadowed by ifcopenshell::geometry::Settings::set_(std::string const &,int).
C:\Users\Davi\Downloads\oma\.release\native-build\src\ifc\src\ifcwrap\IfcGeomWrapper.i(385) : Warning 509: Overloaded method ifcopenshell::geometry::Settings::set_(std::string const &,ifcopenshell::geometry::settings::FunctionStepMethod) effectively ignored,
C:\Users\Davi\Downloads\oma\.release\native-build\src\ifc\src\ifcwrap\IfcGeomWrapper.i(379) : Warning 509: as it is shadowed by ifcopenshell::geometry::Settings::set_(std::string const &,int).
C:\Users\Davi\Downloads\oma\.release\native-build\src\ifc\src\ifcwrap\IfcGeomWrapper.i(388) : Warning 509: Overloaded method ifcopenshell::geometry::Settings::set_(std::string const &,ifcopenshell::geometry::settings::OutputDimensionalityTypes) effectively ignored,
C:\Users\Davi\Downloads\oma\.release\native-build\src\ifc\src\ifcwrap\IfcGeomWrapper.i(379) : Warning 509: as it is shadowed by ifcopenshell::geometry::Settings::set_(std::string const &,int).
C:\Users\Davi\Downloads\oma\.release\native-build\src\ifc\src\ifcwrap\IfcGeomWrapper.i(400) : Warning 509: Overloaded method ifcopenshell::geometry::Settings::set_(std::string const &,std::set< std::string > const &) effectively ignored,
C:\Users\Davi\Downloads\oma\.release\native-build\src\ifc\src\ifcwrap\IfcGeomWrapper.i(397) : Warning 509: as it is shadowed by ifcopenshell::geometry::Settings::set_(std::string const &,std::set< int > const &).
C:\Users\Davi\Downloads\oma\.release\native-build\src\ifc\src\ifcwrap\IfcGeomWrapper.i(403) : Warning 509: Overloaded method ifcopenshell::geometry::Settings::set_(std::string const &,std::vector< double,std::allocator< double > > const &) effectively ignored,
C:\Users\Davi\Downloads\oma\.release\native-build\src\ifc\src\ifcwrap\IfcGeomWrapper.i(397) : Warning 509: as it is shadowed by ifcopenshell::geometry::Settings::set_(std::string const &,std::set< int > const &).
C:\Users\Davi\Downloads\oma\.release\native-build\src\ifc\src\ifcwrap\..\ifcgeom\taxonomy.h(449) : Warning 509: Overloaded method ifcopenshell::geometry::taxonomy::functor_item::functor_item(ifcopenshell::geometry::taxonomy::functor_item const &) effectively ignored,
C:\Users\Davi\Downloads\oma\.release\native-build\src\ifc\src\ifcwrap\..\ifcgeom\taxonomy.h(448) : Warning 509: as it is shadowed by ifcopenshell::geometry::taxonomy::functor_item::functor_item(ifcopenshell::geometry::taxonomy::functor_item &&).
C:\Users\Davi\Downloads\oma\.release\native-build\src\ifc\src\ifcwrap\..\ifcgeom\taxonomy.h(477) : Warning 509: Overloaded method ifcopenshell::geometry::taxonomy::piecewise_function::piecewise_function(ifcopenshell::geometry::taxonomy::piecewise_function const &) effectively ignored,
C:\Users\Davi\Downloads\oma\.release\native-build\src\ifc\src\ifcwrap\..\ifcgeom\taxonomy.h(476) : Warning 509: as it is shadowed by ifcopenshell::geometry::taxonomy::piecewise_function::piecewise_function(ifcopenshell::geometry::taxonomy::piecewise_function &&).
C:\Users\Davi\Downloads\oma\.release\native-build\src\ifc\src\ifcwrap\..\ifcgeom\taxonomy.h(505) : Warning 509: Overloaded method ifcopenshell::geometry::taxonomy::gradient_function::gradient_function(ifcopenshell::geometry::taxonomy::gradient_function const &) effectively ignored,
C:\Users\Davi\Downloads\oma\.release\native-build\src\ifc\src\ifcwrap\..\ifcgeom\taxonomy.h(504) : Warning 509: as it is shadowed by ifcopenshell::geometry::taxonomy::gradient_function::gradient_function(ifcopenshell::geometry::taxonomy::gradient_function &&).
C:\Users\Davi\Downloads\oma\.release\native-build\src\ifc\src\ifcwrap\..\ifcgeom\taxonomy.h(531) : Warning 509: Overloaded method ifcopenshell::geometry::taxonomy::cant_function::cant_function(ifcopenshell::geometry::taxonomy::cant_function const &) effectively ignored,
C:\Users\Davi\Downloads\oma\.release\native-build\src\ifc\src\ifcwrap\..\ifcgeom\taxonomy.h(530) : Warning 509: as it is shadowed by ifcopenshell::geometry::taxonomy::cant_function::cant_function(ifcopenshell::geometry::taxonomy::cant_function &&).
C:\Users\Davi\Downloads\oma\.release\native-build\src\ifc\src\ifcwrap\..\ifcgeom\taxonomy.h(558) : Warning 509: Overloaded method ifcopenshell::geometry::taxonomy::offset_function::offset_function(ifcopenshell::geometry::taxonomy::offset_function const &) effectively ignored,
C:\Users\Davi\Downloads\oma\.release\native-build\src\ifc\src\ifcwrap\..\ifcgeom\taxonomy.h(557) : Warning 509: as it is shadowed by ifcopenshell::geometry::taxonomy::offset_function::offset_function(ifcopenshell::geometry::taxonomy::offset_function &&).
C:\Users\Davi\Downloads\oma\.release\native-build\src\ifc\src\ifcwrap\IfcGeomWrapper.i(479) : Warning 509: Overloaded method IfcGeom::tree::select_box(Bnd_Box const &) const effectively ignored,
C:\Users\Davi\Downloads\oma\.release\native-build\src\ifc\src\ifcwrap\IfcGeomWrapper.i(474) : Warning 509: as it is shadowed by IfcGeom::tree::select_box(gp_Pnt const &) const.
C:\Users\Davi\Downloads\oma\.release\native-build\src\ifc\src\ifcwrap\..\ifcparse\file_open_status.h(29) : Warning 503: Can't wrap 'operator file_open_enum' unless renamed to a valid identifier.
[2/3] Building CXX object ifcwrap\CMakeFiles\ifcopenshell_wrapper.dir\CMakeFiles\ifcopenshell_wrapper.dir\IfcPythonPYTHON_wrap.cxx.obj
C:\Users\Davi\Downloads\oma\.release\native-build\src\ifc\src\ifcwrap\../serializers/SvgSerializer.h(738): warning C4100: 'b': unreferenced formal parameter
C:\Users\Davi\Downloads\oma\.release\native-build\src\ifc\src\ifcwrap\../ifcgeom/hybrid_kernel.h(86): warning C4189: 'has_openings': local variable is initialized but not referenced
C:\Users\Davi\Downloads\oma\.release\native-build\build\ifc\ifcwrap\CMakeFiles\ifcopenshell_wrapper.dir\IfcPythonPYTHON_wrap.cxx(7462): warning C4267: 'return': conversion from 'size_t' to 'int', possible loss of data
C:\Users\Davi\Downloads\oma\.release\native-build\build\ifc\ifcwrap\CMakeFiles\ifcopenshell_wrapper.dir\IfcPythonPYTHON_wrap.cxx(7507): warning C4100: 'key': unreferenced formal parameter
C:\Users\Davi\Downloads\oma\.release\native-build\build\ifc\ifcwrap\CMakeFiles\ifcopenshell_wrapper.dir\IfcPythonPYTHON_wrap.cxx(7561): warning C4267: 'return': conversion from 'size_t' to 'int', possible loss of data
C:\Users\Davi\Downloads\oma\.release\native-build\build\ifc\ifcwrap\CMakeFiles\ifcopenshell_wrapper.dir\IfcPythonPYTHON_wrap.cxx(7815): warning C4100: 'self': unreferenced formal parameter
C:\Users\Davi\Downloads\oma\.release\native-build\build\ifc\ifcwrap\CMakeFiles\ifcopenshell_wrapper.dir\IfcPythonPYTHON_wrap.cxx(7855): warning C4267: 'argument': conversion from 'size_t' to 'int', possible loss of data
C:\Users\Davi\Downloads\oma\.release\native-build\build\ifc\ifcwrap\CMakeFiles\ifcopenshell_wrapper.dir\IfcPythonPYTHON_wrap.cxx(7863): warning C4267: 'argument': conversion from 'size_t' to 'int', possible loss of data
C:\Users\Davi\Downloads\oma\.release\native-build\build\ifc\ifcwrap\CMakeFiles\ifcopenshell_wrapper.dir\IfcPythonPYTHON_wrap.cxx(7965): warning C4189: 'attr_type': local variable is initialized but not referenced
C:\Users\Davi\Downloads\oma\.release\native-build\build\ifc\ifcwrap\CMakeFiles\ifcopenshell_wrapper.dir\IfcPythonPYTHON_wrap.cxx(56356): warning C4267: 'initializing': conversion from 'size_t' to 'unsigned int', possible loss of data
C:\Users\Davi\Downloads\oma\.release\native-build\build\ifc\ifcwrap\CMakeFiles\ifcopenshell_wrapper.dir\IfcPythonPYTHON_wrap.cxx(56356): warning C4267: 'initializing': conversion from 'size_t' to 'const unsigned int', possible loss of data
C:\Users\Davi\Downloads\oma\.release\native-build\build\ifc\ifcwrap\CMakeFiles\ifcopenshell_wrapper.dir\IfcPythonPYTHON_wrap.cxx(56420): warning C4267: 'initializing': conversion from 'size_t' to 'unsigned int', possible loss of data
C:\Users\Davi\Downloads\oma\.release\native-build\build\ifc\ifcwrap\CMakeFiles\ifcopenshell_wrapper.dir\IfcPythonPYTHON_wrap.cxx(56420): warning C4267: 'initializing': conversion from 'size_t' to 'const unsigned int', possible loss of data
C:\Users\Davi\Downloads\oma\.release\native-build\build\ifc\ifcwrap\CMakeFiles\ifcopenshell_wrapper.dir\IfcPythonPYTHON_wrap.cxx(56476): warning C4267: 'initializing': conversion from 'size_t' to 'unsigned int', possible loss of data
C:\Users\Davi\Downloads\oma\.release\native-build\build\ifc\ifcwrap\CMakeFiles\ifcopenshell_wrapper.dir\IfcPythonPYTHON_wrap.cxx(56476): warning C4267: 'initializing': conversion from 'size_t' to 'const unsigned int', possible loss of data
C:\Users\Davi\Downloads\oma\.release\native-build\build\ifc\ifcwrap\CMakeFiles\ifcopenshell_wrapper.dir\IfcPythonPYTHON_wrap.cxx(56524): warning C4267: 'initializing': conversion from 'size_t' to 'unsigned int', possible loss of data
C:\Users\Davi\Downloads\oma\.release\native-build\build\ifc\ifcwrap\CMakeFiles\ifcopenshell_wrapper.dir\IfcPythonPYTHON_wrap.cxx(56524): warning C4267: 'initializing': conversion from 'size_t' to 'const unsigned int', possible loss of data
C:\Users\Davi\Downloads\oma\.release\native-build\build\ifc\ifcwrap\CMakeFiles\ifcopenshell_wrapper.dir\IfcPythonPYTHON_wrap.cxx(56575): warning C4267: 'initializing': conversion from 'size_t' to 'unsigned int', possible loss of data
C:\Users\Davi\Downloads\oma\.release\native-build\build\ifc\ifcwrap\CMakeFiles\ifcopenshell_wrapper.dir\IfcPythonPYTHON_wrap.cxx(56575): warning C4267: 'initializing': conversion from 'size_t' to 'const unsigned int', possible loss of data
C:\Users\Davi\Downloads\oma\.release\native-build\build\ifc\ifcwrap\CMakeFiles\ifcopenshell_wrapper.dir\IfcPythonPYTHON_wrap.cxx(56639): warning C4267: 'initializing': conversion from 'size_t' to 'unsigned int', possible loss of data
C:\Users\Davi\Downloads\oma\.release\native-build\build\ifc\ifcwrap\CMakeFiles\ifcopenshell_wrapper.dir\IfcPythonPYTHON_wrap.cxx(56639): warning C4267: 'initializing': conversion from 'size_t' to 'const unsigned int', possible loss of data
C:\Users\Davi\Downloads\oma\.release\native-build\build\ifc\ifcwrap\CMakeFiles\ifcopenshell_wrapper.dir\IfcPythonPYTHON_wrap.cxx(56695): warning C4267: 'initializing': conversion from 'size_t' to 'unsigned int', possible loss of data
C:\Users\Davi\Downloads\oma\.release\native-build\build\ifc\ifcwrap\CMakeFiles\ifcopenshell_wrapper.dir\IfcPythonPYTHON_wrap.cxx(56695): warning C4267: 'initializing': conversion from 'size_t' to 'const unsigned int', possible loss of data
C:\Users\Davi\Downloads\oma\.release\native-build\build\ifc\ifcwrap\CMakeFiles\ifcopenshell_wrapper.dir\IfcPythonPYTHON_wrap.cxx(56889): warning C4267: 'initializing': conversion from 'size_t' to 'unsigned int', possible loss of data
C:\Users\Davi\Downloads\oma\.release\native-build\build\ifc\ifcwrap\CMakeFiles\ifcopenshell_wrapper.dir\IfcPythonPYTHON_wrap.cxx(56889): warning C4267: 'initializing': conversion from 'size_t' to 'const unsigned int', possible loss of data
C:\Users\Davi\Downloads\oma\.release\native-build\build\ifc\ifcwrap\CMakeFiles\ifcopenshell_wrapper.dir\IfcPythonPYTHON_wrap.cxx(56945): warning C4267: 'initializing': conversion from 'size_t' to 'unsigned int', possible loss of data
C:\Users\Davi\Downloads\oma\.release\native-build\build\ifc\ifcwrap\CMakeFiles\ifcopenshell_wrapper.dir\IfcPythonPYTHON_wrap.cxx(56945): warning C4267: 'initializing': conversion from 'size_t' to 'const unsigned int', possible loss of data
C:\Users\Davi\Downloads\oma\.release\native-build\build\ifc\ifcwrap\CMakeFiles\ifcopenshell_wrapper.dir\IfcPythonPYTHON_wrap.cxx(56993): warning C4267: 'initializing': conversion from 'size_t' to 'unsigned int', possible loss of data
C:\Users\Davi\Downloads\oma\.release\native-build\build\ifc\ifcwrap\CMakeFiles\ifcopenshell_wrapper.dir\IfcPythonPYTHON_wrap.cxx(56993): warning C4267: 'initializing': conversion from 'size_t' to 'const unsigned int', possible loss of data
C:\Users\Davi\Downloads\oma\.release\native-build\build\ifc\ifcwrap\CMakeFiles\ifcopenshell_wrapper.dir\IfcPythonPYTHON_wrap.cxx(57052): warning C4267: 'initializing': conversion from 'size_t' to 'unsigned int', possible loss of data
C:\Users\Davi\Downloads\oma\.release\native-build\build\ifc\ifcwrap\CMakeFiles\ifcopenshell_wrapper.dir\IfcPythonPYTHON_wrap.cxx(57052): warning C4267: 'initializing': conversion from 'size_t' to 'const unsigned int', possible loss of data
C:\Users\Davi\Downloads\oma\.release\native-build\build\ifc\ifcwrap\CMakeFiles\ifcopenshell_wrapper.dir\IfcPythonPYTHON_wrap.cxx(57103): warning C4267: 'initializing': conversion from 'size_t' to 'unsigned int', possible loss of data
C:\Users\Davi\Downloads\oma\.release\native-build\build\ifc\ifcwrap\CMakeFiles\ifcopenshell_wrapper.dir\IfcPythonPYTHON_wrap.cxx(57103): warning C4267: 'initializing': conversion from 'size_t' to 'const unsigned int', possible loss of data
C:\Users\Davi\Downloads\oma\.release\native-build\build\ifc\ifcwrap\CMakeFiles\ifcopenshell_wrapper.dir\IfcPythonPYTHON_wrap.cxx(57172): warning C4267: 'initializing': conversion from 'size_t' to 'unsigned int', possible loss of data
C:\Users\Davi\Downloads\oma\.release\native-build\build\ifc\ifcwrap\CMakeFiles\ifcopenshell_wrapper.dir\IfcPythonPYTHON_wrap.cxx(57172): warning C4267: 'initializing': conversion from 'size_t' to 'const unsigned int', possible loss of data
C:\Users\Davi\Downloads\oma\.release\native-build\build\ifc\ifcwrap\CMakeFiles\ifcopenshell_wrapper.dir\IfcPythonPYTHON_wrap.cxx(57235): warning C4267: 'initializing': conversion from 'size_t' to 'unsigned int', possible loss of data
C:\Users\Davi\Downloads\oma\.release\native-build\build\ifc\ifcwrap\CMakeFiles\ifcopenshell_wrapper.dir\IfcPythonPYTHON_wrap.cxx(57235): warning C4267: 'initializing': conversion from 'size_t' to 'const unsigned int', possible loss of data
C:\Users\Davi\Downloads\oma\.release\native-build\build\ifc\ifcwrap\CMakeFiles\ifcopenshell_wrapper.dir\IfcPythonPYTHON_wrap.cxx(57290): warning C4267: 'initializing': conversion from 'size_t' to 'unsigned int', possible loss of data
C:\Users\Davi\Downloads\oma\.release\native-build\build\ifc\ifcwrap\CMakeFiles\ifcopenshell_wrapper.dir\IfcPythonPYTHON_wrap.cxx(57290): warning C4267: 'initializing': conversion from 'size_t' to 'const unsigned int', possible loss of data
C:\Users\Davi\Downloads\oma\.release\native-build\build\ifc\ifcwrap\CMakeFiles\ifcopenshell_wrapper.dir\IfcPythonPYTHON_wrap.cxx(57356): warning C4267: 'initializing': conversion from 'size_t' to 'unsigned int', possible loss of data
C:\Users\Davi\Downloads\oma\.release\native-build\build\ifc\ifcwrap\CMakeFiles\ifcopenshell_wrapper.dir\IfcPythonPYTHON_wrap.cxx(57356): warning C4267: 'initializing': conversion from 'size_t' to 'const unsigned int', possible loss of data
C:\Users\Davi\Downloads\oma\.release\native-build\build\ifc\ifcwrap\CMakeFiles\ifcopenshell_wrapper.dir\IfcPythonPYTHON_wrap.cxx(57412): warning C4267: 'initializing': conversion from 'size_t' to 'unsigned int', possible loss of data
C:\Users\Davi\Downloads\oma\.release\native-build\build\ifc\ifcwrap\CMakeFiles\ifcopenshell_wrapper.dir\IfcPythonPYTHON_wrap.cxx(57412): warning C4267: 'initializing': conversion from 'size_t' to 'const unsigned int', possible loss of data
C:\Users\Davi\Downloads\oma\.release\native-build\build\ifc\ifcwrap\CMakeFiles\ifcopenshell_wrapper.dir\IfcPythonPYTHON_wrap.cxx(57460): warning C4267: 'initializing': conversion from 'size_t' to 'unsigned int', possible loss of data
C:\Users\Davi\Downloads\oma\.release\native-build\build\ifc\ifcwrap\CMakeFiles\ifcopenshell_wrapper.dir\IfcPythonPYTHON_wrap.cxx(57460): warning C4267: 'initializing': conversion from 'size_t' to 'const unsigned int', possible loss of data
C:\Users\Davi\Downloads\oma\.release\native-build\build\ifc\ifcwrap\CMakeFiles\ifcopenshell_wrapper.dir\IfcPythonPYTHON_wrap.cxx(62321): warning C4267: 'initializing': conversion from 'size_t' to 'unsigned int', possible loss of data
C:\Users\Davi\Downloads\oma\.release\native-build\build\ifc\ifcwrap\CMakeFiles\ifcopenshell_wrapper.dir\IfcPythonPYTHON_wrap.cxx(62321): warning C4267: 'initializing': conversion from 'size_t' to 'const unsigned int', possible loss of data
C:\Users\Davi\Downloads\oma\.release\native-build\build\ifc\ifcwrap\CMakeFiles\ifcopenshell_wrapper.dir\IfcPythonPYTHON_wrap.cxx(62369): warning C4267: 'initializing': conversion from 'size_t' to 'unsigned int', possible loss of data
C:\Users\Davi\Downloads\oma\.release\native-build\build\ifc\ifcwrap\CMakeFiles\ifcopenshell_wrapper.dir\IfcPythonPYTHON_wrap.cxx(62369): warning C4267: 'initializing': conversion from 'size_t' to 'const unsigned int', possible loss of data
C:\Users\Davi\Downloads\oma\.release\native-build\build\ifc\ifcwrap\CMakeFiles\ifcopenshell_wrapper.dir\IfcPythonPYTHON_wrap.cxx(62422): warning C4267: 'initializing': conversion from 'size_t' to 'unsigned int', possible loss of data
C:\Users\Davi\Downloads\oma\.release\native-build\build\ifc\ifcwrap\CMakeFiles\ifcopenshell_wrapper.dir\IfcPythonPYTHON_wrap.cxx(62422): warning C4267: 'initializing': conversion from 'size_t' to 'const unsigned int', possible loss of data
C:\Users\Davi\Downloads\oma\.release\native-build\build\ifc\ifcwrap\CMakeFiles\ifcopenshell_wrapper.dir\IfcPythonPYTHON_wrap.cxx(62522): warning C4267: 'initializing': conversion from 'size_t' to 'unsigned int', possible loss of data
C:\Users\Davi\Downloads\oma\.release\native-build\build\ifc\ifcwrap\CMakeFiles\ifcopenshell_wrapper.dir\IfcPythonPYTHON_wrap.cxx(62522): warning C4267: 'initializing': conversion from 'size_t' to 'const unsigned int', possible loss of data
C:\Users\Davi\Downloads\oma\.release\native-build\build\ifc\ifcwrap\CMakeFiles\ifcopenshell_wrapper.dir\IfcPythonPYTHON_wrap.cxx(62710): warning C4267: 'initializing': conversion from 'size_t' to 'unsigned int', possible loss of data
C:\Users\Davi\Downloads\oma\.release\native-build\build\ifc\ifcwrap\CMakeFiles\ifcopenshell_wrapper.dir\IfcPythonPYTHON_wrap.cxx(62710): warning C4267: 'initializing': conversion from 'size_t' to 'const unsigned int', possible loss of data
C:\Users\Davi\Downloads\oma\.release\native-build\build\ifc\ifcwrap\CMakeFiles\ifcopenshell_wrapper.dir\IfcPythonPYTHON_wrap.cxx(62750): warning C4267: 'initializing': conversion from 'size_t' to 'unsigned int', possible loss of data
C:\Users\Davi\Downloads\oma\.release\native-build\build\ifc\ifcwrap\CMakeFiles\ifcopenshell_wrapper.dir\IfcPythonPYTHON_wrap.cxx(62750): warning C4267: 'initializing': conversion from 'size_t' to 'const unsigned int', possible loss of data
C:\Users\Davi\Downloads\oma\.release\native-build\build\ifc\ifcwrap\CMakeFiles\ifcopenshell_wrapper.dir\IfcPythonPYTHON_wrap.cxx(62840): warning C4267: 'initializing': conversion from 'size_t' to 'unsigned int', possible loss of data
C:\Users\Davi\Downloads\oma\.release\native-build\build\ifc\ifcwrap\CMakeFiles\ifcopenshell_wrapper.dir\IfcPythonPYTHON_wrap.cxx(62840): warning C4267: 'initializing': conversion from 'size_t' to 'const unsigned int', possible loss of data
C:\Users\Davi\Downloads\oma\.release\native-build\build\ifc\ifcwrap\CMakeFiles\ifcopenshell_wrapper.dir\IfcPythonPYTHON_wrap.cxx(62880): warning C4267: 'initializing': conversion from 'size_t' to 'unsigned int', possible loss of data
C:\Users\Davi\Downloads\oma\.release\native-build\build\ifc\ifcwrap\CMakeFiles\ifcopenshell_wrapper.dir\IfcPythonPYTHON_wrap.cxx(62880): warning C4267: 'initializing': conversion from 'size_t' to 'const unsigned int', possible loss of data
C:\Users\Davi\Downloads\oma\.release\native-build\build\ifc\ifcwrap\CMakeFiles\ifcopenshell_wrapper.dir\IfcPythonPYTHON_wrap.cxx(63031): warning C4267: 'initializing': conversion from 'size_t' to 'unsigned int', possible loss of data
C:\Users\Davi\Downloads\oma\.release\native-build\build\ifc\ifcwrap\CMakeFiles\ifcopenshell_wrapper.dir\IfcPythonPYTHON_wrap.cxx(63031): warning C4267: 'initializing': conversion from 'size_t' to 'const unsigned int', possible loss of data
C:\Users\Davi\Downloads\oma\.release\native-build\build\ifc\ifcwrap\CMakeFiles\ifcopenshell_wrapper.dir\IfcPythonPYTHON_wrap.cxx(64073): warning C4267: 'initializing': conversion from 'size_t' to 'unsigned int', possible loss of data
C:\Users\Davi\Downloads\oma\.release\native-build\build\ifc\ifcwrap\CMakeFiles\ifcopenshell_wrapper.dir\IfcPythonPYTHON_wrap.cxx(64073): warning C4267: 'initializing': conversion from 'size_t' to 'const unsigned int', possible loss of data
C:\Users\Davi\Downloads\oma\.release\native-build\build\ifc\ifcwrap\CMakeFiles\ifcopenshell_wrapper.dir\IfcPythonPYTHON_wrap.cxx(66345): warning C4267: 'initializing': conversion from 'size_t' to 'unsigned int', possible loss of data
C:\Users\Davi\Downloads\oma\.release\native-build\build\ifc\ifcwrap\CMakeFiles\ifcopenshell_wrapper.dir\IfcPythonPYTHON_wrap.cxx(66345): warning C4267: 'initializing': conversion from 'size_t' to 'const unsigned int', possible loss of data
C:\Users\Davi\Downloads\oma\.release\native-build\src\ifc\src\ifcparse\rocksdb_set_view.h(165): warning C4100: 'other': unreferenced formal parameter
C:\Users\Davi\Downloads\oma\.release\native-build\src\ifc\src\ifcparse\rocksdb_set_view.h(165): note: the template instantiation context (the oldest one first) is
C:\Users\Davi\Downloads\oma\.release\native-build\src\ifc\src\ifcparse\map_variant.h(46): note: while compiling class 'VariantMap<IfcParse::impl::in_memory_file_storage::entity_instance_by_name_t,IfcParse::impl::rocks_db_file_storage::entity_instance_by_name_t>::iterator'
C:\Users\Davi\Downloads\oma\.release\native-build\src\ifc\src\ifcparse\map_variant.h(54): note: see reference to class template instantiation 'std::variant<boost::unordered::detail::iterator_detail::iterator<boost::unordered::detail::node<std::pair<const K,T>,void *>,boost::unordered::detail::bucket<boost::unordered::detail::node<std::pair<const K,T>,void *>,void *>>,set_to_map_transformer<IfcParse::impl::rocks_db_file_storage::instance_name_view_t,std::function<IfcUtil::IfcBaseClass *(size_t)>>::iterator>' being compiled
        with
        [
            K=uint32_t,
            T=IfcUtil::IfcBaseClass *
        ]
C:\Program Files (x86)\Microsoft Visual Studio\2022\BuildTools\VC\Tools\MSVC\14.40.33807\include\variant(965): note: see reference to alias template instantiation 'std::_Variant_destroy_layer<boost::unordered::detail::iterator_detail::iterator<boost::unordered::detail::node<std::pair<const K,T>,void *>,boost::unordered::detail::bucket<boost::unordered::detail::node<std::pair<const K,T>,void *>,void *>>,set_to_map_transformer<IfcParse::impl::rocks_db_file_storage::instance_name_view_t,std::function<IfcUtil::IfcBaseClass *(size_t)>>::iterator>' being compiled
        with
        [
            K=uint32_t,
            T=IfcUtil::IfcBaseClass *
        ]
C:\Program Files (x86)\Microsoft Visual Studio\2022\BuildTools\VC\Tools\MSVC\14.40.33807\include\variant(890): note: see reference to variable template 'const bool conjunction_v<std::is_trivially_destructible<boost::unordered::detail::iterator_detail::iterator<boost::unordered::detail::node<std::pair<unsigned int const ,IfcUtil::IfcBaseClass *>,void *>,boost::unordered::detail::bucket<boost::unordered::detail::node<std::pair<unsigned int const ,IfcUtil::IfcBaseClass *>,void *>,void *> > >,std::is_trivially_destructible<set_to_map_transformer<rocksdb_set_view<unsigned __int64>,std::function<IfcUtil::IfcBaseClass * __cdecl(unsigned __int64)> >::iterator> >' being compiled
C:\Users\Davi\Downloads\oma\.release\native-build\src\ifc\src\ifcparse\set_to_map_transformer.h(44): note: while compiling class 'set_to_map_transformer<IfcParse::impl::rocks_db_file_storage::instance_name_view_t,std::function<IfcUtil::IfcBaseClass *(size_t)>>::iterator'
C:\Users\Davi\Downloads\oma\.release\native-build\src\ifc\src\ifcparse\set_to_map_transformer.h(48): note: see reference to class template instantiation 'std::iterator_traits<rocksdb_set_view<size_t>::iterator>' being compiled
C:\Users\Davi\Downloads\oma\.release\native-build\src\ifc\src\ifcparse\rocksdb_set_view.h(53): note: while compiling class 'rocksdb_set_view<size_t>::iterator'
C:\Users\Davi\Downloads\oma\.release\native-build\src\ifc\src\ifcparse\rocksdb_set_view.h(165): note: while compiling class template member function 'bool rocksdb_set_view<size_t>::iterator::operator ==(const rocksdb_set_view<size_t>::iterator &) const'
C:\Users\Davi\Downloads\oma\.release\native-build\src\ifc\src\ifcparse\set_to_map_transformer.h(89): note: see the first reference to 'rocksdb_set_view<size_t>::iterator::operator ==' in 'set_to_map_transformer<IfcParse::impl::rocks_db_file_storage::instance_name_view_t,std::function<IfcUtil::IfcBaseClass *(size_t)>>::iterator::operator =='
C:\Program Files (x86)\Microsoft Visual Studio\2022\BuildTools\VC\Tools\MSVC\14.40.33807\include\xutility(611): note: see the first reference to 'set_to_map_transformer<IfcParse::impl::rocks_db_file_storage::instance_name_view_t,std::function<IfcUtil::IfcBaseClass *(size_t)>>::iterator::operator ==' in 'std::equal_to<void>::operator ()'
C:\Program Files (x86)\Microsoft Visual Studio\2022\BuildTools\VC\Tools\MSVC\14.40.33807\include\utility(276): warning C4267: 'initializing': conversion from 'size_t' to '_Ty1', possible loss of data
        with
        [
            _Ty1=uint32_t
        ]
C:\Program Files (x86)\Microsoft Visual Studio\2022\BuildTools\VC\Tools\MSVC\14.40.33807\include\utility(276): note: the template instantiation context (the oldest one first) is
C:\Users\Davi\Downloads\oma\.release\native-build\src\ifc\src\ifcparse\map_variant.h(75): note: while compiling class template member function 'std::pair<const K,T> VariantMap<IfcParse::impl::in_memory_file_storage::entity_instance_by_name_t,IfcParse::impl::rocks_db_file_storage::entity_instance_by_name_t>::iterator::operator *(void) const'
        with
        [
            K=uint32_t,
            T=IfcUtil::IfcBaseClass *
        ]
C:\Users\Davi\Downloads\oma\.release\native-build\src\ifc\src\ifcparse\map_variant.h(83): note: see the first reference to 'VariantMap<IfcParse::impl::in_memory_file_storage::entity_instance_by_name_t,IfcParse::impl::rocks_db_file_storage::entity_instance_by_name_t>::iterator::operator *' in 'VariantMap<IfcParse::impl::in_memory_file_storage::entity_instance_by_name_t,IfcParse::impl::rocks_db_file_storage::entity_instance_by_name_t>::iterator::operator ->'
C:\Users\Davi\Downloads\oma\.release\native-build\build\ifc\ifcwrap\CMakeFiles\ifcopenshell_wrapper.dir\IfcPythonPYTHON_wrap.cxx(7482): note: see the first reference to 'VariantMap<IfcParse::impl::in_memory_file_storage::entity_instance_by_name_t,IfcParse::impl::rocks_db_file_storage::entity_instance_by_name_t>::iterator::operator ->' in 'IfcParse_IfcFile_entity_names'
C:\Users\Davi\Downloads\oma\.release\native-build\src\ifc\src\ifcparse\map_variant.h(76): note: see reference to function template instantiation 'std::pair<const K,T> std::visit<VariantMap<IfcParse::impl::in_memory_file_storage::entity_instance_by_name_t,IfcParse::impl::rocks_db_file_storage::entity_instance_by_name_t>::iterator::*::<lambda_1>,const std::variant<boost::unordered::detail::iterator_detail::iterator<boost::unordered::detail::node<std::pair<const K,T>,void *>,boost::unordered::detail::bucket<boost::unordered::detail::node<std::pair<const K,T>,void *>,void *>>,set_to_map_transformer<IfcParse::impl::rocks_db_file_storage::instance_name_view_t,std::function<IfcUtil::IfcBaseClass *(size_t)>>::iterator>&,void>(_Callable &&,const std::variant<boost::unordered::detail::iterator_detail::iterator<boost::unordered::detail::node<std::pair<const K,T>,void *>,boost::unordered::detail::bucket<boost::unordered::detail::node<std::pair<const K,T>,void *>,void *>>,set_to_map_transformer<IfcParse::impl::rocks_db_file_storage::instance_name_view_t,std::function<IfcUtil::IfcBaseClass *(size_t)>>::iterator> &)' being compiled
        with
        [
            K=uint32_t,
            T=IfcUtil::IfcBaseClass *,
            _Callable=VariantMap<IfcParse::impl::in_memory_file_storage::entity_instance_by_name_t,IfcParse::impl::rocks_db_file_storage::entity_instance_by_name_t>::iterator::*::<lambda_1>
        ]
C:\Program Files (x86)\Microsoft Visual Studio\2022\BuildTools\VC\Tools\MSVC\14.40.33807\include\variant(1609): note: see reference to function template instantiation '_Ret std::_Visit_impl<3,std::visit::_Ret,std::visit::_ListOfIndexVectors,VariantMap<IfcParse::impl::in_memory_file_storage::entity_instance_by_name_t,IfcParse::impl::rocks_db_file_storage::entity_instance_by_name_t>::iterator::*::<lambda_1>,const std::variant<boost::unordered::detail::iterator_detail::iterator<boost::unordered::detail::node<std::pair<const K,T>,void *>,boost::unordered::detail::bucket<boost::unordered::detail::node<std::pair<const K,T>,void *>,void *>>,set_to_map_transformer<IfcParse::impl::rocks_db_file_storage::instance_name_view_t,std::function<IfcUtil::IfcBaseClass *(size_t)>>::iterator>&>(_Callable &&,const std::variant<boost::unordered::detail::iterator_detail::iterator<boost::unordered::detail::node<std::pair<const K,T>,void *>,boost::unordered::detail::bucket<boost::unordered::detail::node<std::pair<const K,T>,void *>,void *>>,set_to_map_transformer<IfcParse::impl::rocks_db_file_storage::instance_name_view_t,std::function<IfcUtil::IfcBaseClass *(size_t)>>::iterator> &)' being compiled
        with
        [
            _Ret=std::visit::_Ret,
            K=uint32_t,
            T=IfcUtil::IfcBaseClass *,
            _Callable=VariantMap<IfcParse::impl::in_memory_file_storage::entity_instance_by_name_t,IfcParse::impl::rocks_db_file_storage::entity_instance_by_name_t>::iterator::*::<lambda_1>
        ]
C:\Program Files (x86)\Microsoft Visual Studio\2022\BuildTools\VC\Tools\MSVC\14.40.33807\include\variant(1564): note: see reference to function template instantiation '_Ret std::_Visit_strategy<1>::_Visit2<std::visit::_Ret,std::visit::_ListOfIndexVectors,VariantMap<IfcParse::impl::in_memory_file_storage::entity_instance_by_name_t,IfcParse::impl::rocks_db_file_storage::entity_instance_by_name_t>::iterator::*::<lambda_1>,const std::variant<boost::unordered::detail::iterator_detail::iterator<boost::unordered::detail::node<std::pair<const K,T>,void *>,boost::unordered::detail::bucket<boost::unordered::detail::node<std::pair<const K,T>,void *>,void *>>,set_to_map_transformer<IfcParse::impl::rocks_db_file_storage::instance_name_view_t,std::function<IfcUtil::IfcBaseClass *(size_t)>>::iterator>&>(size_t,_Callable &&,const std::variant<boost::unordered::detail::iterator_detail::iterator<boost::unordered::detail::node<std::pair<const K,T>,void *>,boost::unordered::detail::bucket<boost::unordered::detail::node<std::pair<const K,T>,void *>,void *>>,set_to_map_transformer<IfcParse::impl::rocks_db_file_storage::instance_name_view_t,std::function<IfcUtil::IfcBaseClass *(size_t)>>::iterator> &)' being compiled
        with
        [
            _Ret=std::visit::_Ret,
            K=uint32_t,
            T=IfcUtil::IfcBaseClass *,
            _Callable=VariantMap<IfcParse::impl::in_memory_file_storage::entity_instance_by_name_t,IfcParse::impl::rocks_db_file_storage::entity_instance_by_name_t>::iterator::*::<lambda_1>
        ]
C:\Program Files (x86)\Microsoft Visual Studio\2022\BuildTools\VC\Tools\MSVC\14.40.33807\include\variant(1510): note: see reference to function template instantiation '_Ret std::_Variant_dispatcher<std::_Visit_strategy<1>::_Visit2::_Indices>::_Dispatch2<std::visit::_Ret,VariantMap<IfcParse::impl::in_memory_file_storage::entity_instance_by_name_t,IfcParse::impl::rocks_db_file_storage::entity_instance_by_name_t>::iterator::*::<lambda_1>,const std::variant<boost::unordered::detail::iterator_detail::iterator<boost::unordered::detail::node<std::pair<const K,T>,void *>,boost::unordered::detail::bucket<boost::unordered::detail::node<std::pair<const K,T>,void *>,void *>>,set_to_map_transformer<IfcParse::impl::rocks_db_file_storage::instance_name_view_t,std::function<IfcUtil::IfcBaseClass *(size_t)>>::iterator>&,false>(_Callable &&,const std::variant<boost::unordered::detail::iterator_detail::iterator<boost::unordered::detail::node<std::pair<const K,T>,void *>,boost::unordered::detail::bucket<boost::unordered::detail::node<std::pair<const K,T>,void *>,void *>>,set_to_map_transformer<IfcParse::impl::rocks_db_file_storage::instance_name_view_t,std::function<IfcUtil::IfcBaseClass *(size_t)>>::iterator> &)' being compiled
        with
        [
            _Ret=std::visit::_Ret,
            K=uint32_t,
            T=IfcUtil::IfcBaseClass *,
            _Callable=VariantMap<IfcParse::impl::in_memory_file_storage::entity_instance_by_name_t,IfcParse::impl::rocks_db_file_storage::entity_instance_by_name_t>::iterator::*::<lambda_1>
        ]
C:\Program Files (x86)\Microsoft Visual Studio\2022\BuildTools\VC\Tools\MSVC\14.40.33807\include\variant(1440): note: see reference to function template instantiation 'std::pair<const K,T> std::invoke<_Callable,const set_to_map_transformer<IfcParse::impl::rocks_db_file_storage::instance_name_view_t,std::function<IfcUtil::IfcBaseClass *(size_t)>>::iterator&,>(_Callable &&,_Ty1) noexcept(false)' being compiled
        with
        [
            K=uint32_t,
            T=IfcUtil::IfcBaseClass *,
            _Callable=VariantMap<IfcParse::impl::in_memory_file_storage::entity_instance_by_name_t,IfcParse::impl::rocks_db_file_storage::entity_instance_by_name_t>::iterator::*::<lambda_1>,
            _Ty1=const set_to_map_transformer<IfcParse::impl::rocks_db_file_storage::instance_name_view_t,std::function<IfcUtil::IfcBaseClass *(size_t)>>::iterator &
        ]
C:\Program Files (x86)\Microsoft Visual Studio\2022\BuildTools\VC\Tools\MSVC\14.40.33807\include\type_traits(1715): note: see reference to function template instantiation 'std::pair<const K,T> VariantMap<IfcParse::impl::in_memory_file_storage::entity_instance_by_name_t,IfcParse::impl::rocks_db_file_storage::entity_instance_by_name_t>::iterator::*::<lambda_1>::operator ()<const set_to_map_transformer<IfcParse::impl::rocks_db_file_storage::instance_name_view_t,std::function<IfcUtil::IfcBaseClass *(size_t)>>::iterator>(_T1 &) const' being compiled
        with
        [
            K=uint32_t,
            T=IfcUtil::IfcBaseClass *,
            _T1=const set_to_map_transformer<IfcParse::impl::rocks_db_file_storage::instance_name_view_t,std::function<IfcUtil::IfcBaseClass *(size_t)>>::iterator
        ]
C:\Users\Davi\Downloads\oma\.release\native-build\src\ifc\src\ifcparse\map_variant.h(76): note: see reference to function template instantiation 'std::pair<const K,T>::pair<unsigned __int64,IfcUtil::IfcBaseClass*,0>(std::pair<unsigned __int64,IfcUtil::IfcBaseClass *> &&) noexcept' being compiled
        with
        [
            K=uint32_t,
            T=IfcUtil::IfcBaseClass *
        ]
C:\Users\Davi\Downloads\oma\.release\native-build\src\ifc\src\ifcgeom\kernels\opencascade\IfcGeomTree.h(869) : warning C4701: potentially uninitialized local variable 'clearance_point1' used
C:\Users\Davi\Downloads\oma\.release\native-build\src\ifc\src\ifcgeom\kernels\opencascade\IfcGeomTree.h(869) : warning C4701: potentially uninitialized local variable 'clearance_point2' used
C:\Users\Davi\Downloads\oma\.release\native-build\src\ifc\src\ifcgeom\kernels\opencascade\IfcGeomTree.h(667) : warning C4701: potentially uninitialized local variable 'pierce_point1' used
C:\Users\Davi\Downloads\oma\.release\native-build\src\ifc\src\ifcgeom\kernels\opencascade\IfcGeomTree.h(667) : warning C4701: potentially uninitialized local variable 'pierce_point2' used
C:\Users\Davi\Downloads\oma\.release\native-build\src\ifc\src\ifcgeom\kernels\opencascade\IfcGeomTree.h(652) : warning C4701: potentially uninitialized local variable 'v_protrusion_point' used
C:\Users\Davi\Downloads\oma\.release\native-build\src\ifc\src\ifcgeom\kernels\opencascade\IfcGeomTree.h(653) : warning C4701: potentially uninitialized local variable 'v_surface_point' used
C:\Users\Davi\Downloads\oma\.release\native-build\src\ifc\src\ifcgeom\kernels\opencascade\IfcGeomTree.h(663) : warning C4701: potentially uninitialized local variable 'protrusion_point' used
C:\Users\Davi\Downloads\oma\.release\native-build\src\ifc\src\ifcgeom\kernels\opencascade\IfcGeomTree.h(663) : warning C4701: potentially uninitialized local variable 'surface_point' used
C:\Users\Davi\Downloads\oma\.release\native-build\src\ifc\src\ifcgeom\kernels\opencascade\IfcGeomTree.h(1111) : warning C4701: potentially uninitialized local variable 'result' used
[3/3] Linking CXX shared module ifcwrap\_ifcopenshell_wrapper.cp312-win_amd64.pyd
