CMake Warning (deprecated) at CMakeLists.txt:1 (cmake_minimum_required):
  Compatibility with CMake < 3.10 will be removed from a future version of
  CMake.

  Update the VERSION argument <min> value.  Or, use the <min>...<max> syntax
  to tell CMake that the project requires at least <min> but has been updated
  to work with policies introduced by <max> or earlier.
This warning is for project developers.  Use -Wno-author or -Wno-deprecated
to suppress it.

-- The C compiler identification is MSVC 19.40.33813.0
-- The CXX compiler identification is MSVC 19.40.33813.0
-- Detecting C compiler ABI info
-- Detecting C compiler ABI info - done
-- Check for working C compiler: C:/Program Files (x86)/Microsoft Visual Studio/2022/BuildTools/VC/Tools/MSVC/14.40.33807/bin/Hostx64/x64/cl.exe - skipped
-- Detecting C compile features
-- Detecting C compile features - done
-- Detecting CXX compiler ABI info
-- Detecting CXX compiler ABI info - done
-- Check for working CXX compiler: C:/Program Files (x86)/Microsoft Visual Studio/2022/BuildTools/VC/Tools/MSVC/14.40.33807/bin/Hostx64/x64/cl.exe - skipped
-- Detecting CXX compile features
-- Detecting CXX compile features - done
CMake Warning (deprecated) at adm/cmake/cotire.cmake:40 (cmake_minimum_required):
  Compatibility with CMake < 3.10 will be removed from a future version of
  CMake.

  Update the VERSION argument <min> value.  Or, use the <min>...<max> syntax
  to tell CMake that the project requires at least <min> but has been updated
  to work with policies introduced by <max> or earlier.
Call Stack (most recent call first):
  CMakeLists.txt:154 (include)
This warning is for project developers.  Use -Wno-author or -Wno-deprecated
to suppress it.

-- cotire 1.8.1 loaded.
-- Info. Detecting doxygen
-- Could NOT find Doxygen (missing: DOXYGEN_EXECUTABLE) (Required is at least version "1.8.4")
-- Info: /D_WINDOWS has been removed from CMAKE_CXX_FLAGS
-- Info: /DWIN32 has been removed from CMAKE_CXX_FLAGS
-- Info: /D_WINDOWS has been removed from CMAKE_C_FLAGS
-- Info: /DWIN32 has been removed from CMAKE_C_FLAGS
-- Info: TKIVtk and TKIVtkDraw toolkits excluded due to VTK usage is disabled
-- 
Info: (13:30:44) Start collecting all OCCT header files into C:/Users/Davi/Downloads/oma/.release/native-build/build/occt/inc ...
-- Info: (13:30:44) Compare FILES with files in package directories...
-- Info: (13:30:47) Create header-links in inc folder...
-- Info: (13:30:58) Checking headers in inc folder...
-- Info: (13:30:58) End the collecting
-- C CXX RC target TKernel cotired without unity build.
-- Info: Used native memory manager
-- C CXX RC target TKMath cotired without unity build.
-- CXX RC target TKG2d cotired without unity build.
-- CXX RC target TKG3d cotired without unity build.
-- CXX RC target TKGeomBase cotired without unity build.
-- CXX RC target TKBRep cotired without unity build.
-- CXX RC target TKGeomAlgo cotired without unity build.
-- CXX RC target TKTopAlgo cotired without unity build.
-- CXX RC target TKPrim cotired without unity build.
-- CXX RC target TKBO cotired without unity build.
-- CXX RC target TKShHealing cotired without unity build.
-- CXX RC target TKBool cotired without unity build.
-- CXX RC target TKHLR cotired without unity build.
-- CXX RC target TKFillet cotired without unity build.
-- CXX RC target TKOffset cotired without unity build.
-- CXX RC target TKFeat cotired without unity build.
-- CXX RC target TKMesh cotired without unity build.
-- CXX RC target TKXMesh cotired without unity build and precompiled header. Too few applicable sources.
-- CXX RC target TKService cotired without unity build and precompiled header.
-- CXX RC target TKV3d cotired without unity build.
-- CXX RC target TKMeshVS cotired without unity build.
-- CXX RC target TKCDF cotired without unity build.
-- CXX RC target TKLCAF cotired without unity build.
-- CXX RC target TKCAF cotired without unity build.
-- CXX RC target TKBinL cotired without unity build.
-- CXX RC target TKXmlL cotired without unity build.
-- CXX RC target TKBin cotired without unity build.
-- CXX RC target TKXml cotired without unity build.
-- CXX RC target TKStdL cotired without unity build.
-- CXX RC target TKStd cotired without unity build.
-- CXX RC target TKTObj cotired without unity build.
-- CXX RC target TKBinTObj cotired without unity build.
-- CXX RC target TKXmlTObj cotired without unity build.
-- CXX RC target TKVCAF cotired without unity build.
-- CXX RC target TKDE cotired without unity build.
-- CXX RC target TKXSBase cotired without unity build.
-- CXX RC target TKDESTEP cotired without unity build.
-- CXX RC target TKXCAF cotired without unity build and precompiled header.
-- C CXX RC target TKDEIGES cotired without unity build.
-- CXX RC target TKDESTL cotired without unity build.
-- CXX RC target TKDEVRML cotired without unity build.
-- CXX RC target TKRWMesh cotired without unity build.
-- CXX RC target TKDECascade cotired without unity build.
-- CXX RC target TKBinXCAF cotired without unity build.
-- CXX RC target TKXmlXCAF cotired without unity build.
-- CXX RC target TKDEOBJ cotired without unity build.
-- CXX RC target TKDEGLTF cotired without unity build.
-- CXX RC target TKDEPLY cotired without unity build.
-- CXX RC target TKExpress cotired without unity build.
-- Info: (13:30:58) OCCT toolkits processed
-- Info: (13:30:58) OCCT configuration files prepared
-- Configuring done (30.3s)
-- Generating done (2.6s)
CMake Warning (unused-cli):
  Manually-specified variables were not used by the project:

    BUILD_RELEASE_DISABLE_EXCEPTIONS
    CMAKE_DEBUG_POSTFIX


-- Build files have been written to: C:/Users/Davi/Downloads/oma/.release/native-build/build/occt
