Traceback (most recent call last):
  File "C:\Users\Davi\Downloads\oma\.oma\development\hospital-native-performance\probes\7f814d369f4540f69ca225c2449d4673\probe.py", line 50, in <module>
    objects,errors=cad._load_cad_uncached(source,threads=4,source_representation_policy=cad.VERTEX_HULL_SOURCE_REPRESENTATION_POLICY,
                   ^^^^^^^^^^^^^^^^^^^^^^^^^^^^^^^^^^^^^^^^^^^^^^^^^^^^^^^^^^^^^^^^^^^^^^^^^^^^^^^^^^^^^^^^^^^^^^^^^^^^^^^^^^^^^^^^^^
  File "C:\Users\Davi\Downloads\oma\.oma\validated-runtimes\33a20d125bba-c304a60d38e9\src\oma\ifc\cad.py", line 379, in _load_cad_uncached
    if not iterator.next():
           ^^^^^^^^^^^^^^^
  File "C:\Users\Davi\Downloads\oma\.oma\development\hospital-native-performance\probes\7f814d369f4540f69ca225c2449d4673\probe.py", line 46, in next
    emit('iterator_next_start',previous_step_id=current['step_id']);result=self.actual.next();emit('iterator_next_end',result=result);return result
                                                                                              ^^^^^^^^^^^^^^^^^^^^^^^^^^^^^^^^^^^^^^^
  File "C:\Users\Davi\Downloads\oma\.oma\development\hospital-native-performance\probes\7f814d369f4540f69ca225c2449d4673\probe.py", line 9, in emit
    log.write(json.dumps({'seconds':time.monotonic()-start,'stage':stage,'count':counts[stage],**extra})+'\n');log.flush()
              ^^^^^^^^^^^^^^^^^^^^^^^^^^^^^^^^^^^^^^^^^^^^^^^^^^^^^^^^^^^^^^^^^^^^^^^^^^^^^^^^^^^^^^^^^^
  File "C:\Program Files\WindowsApps\PythonSoftwareFoundation.Python.3.12_3.12.2800.0_x64__qbz5n2kfra8p0\Lib\json\__init__.py", line 231, in dumps
    return _default_encoder.encode(obj)
           ^^^^^^^^^^^^^^^^^^^^^^^^^^^^
  File "C:\Program Files\WindowsApps\PythonSoftwareFoundation.Python.3.12_3.12.2800.0_x64__qbz5n2kfra8p0\Lib\json\encoder.py", line 200, in encode
    chunks = self.iterencode(o, _one_shot=True)
             ^^^^^^^^^^^^^^^^^^^^^^^^^^^^^^^^^^
  File "C:\Program Files\WindowsApps\PythonSoftwareFoundation.Python.3.12_3.12.2800.0_x64__qbz5n2kfra8p0\Lib\json\encoder.py", line 258, in iterencode
    return _iterencode(o, 0)
           ^^^^^^^^^^^^^^^^^
  File "C:\Program Files\WindowsApps\PythonSoftwareFoundation.Python.3.12_3.12.2800.0_x64__qbz5n2kfra8p0\Lib\json\encoder.py", line 180, in default
    raise TypeError(f'Object of type {o.__class__.__name__} '
TypeError: Object of type entity_instance is not JSON serializable
