Microsoft (R) COFF/PE Dumper Version 14.40.33813.0
Copyright (C) Microsoft Corporation.  All rights reserved.


Dump of file C:\Users\Davi\Downloads\oma\.release\native-build\python\ifcopenshell\_ifcopenshell_wrapper.cp312-win_amd64.pyd

File Type: DLL

  Image has the following dependencies:

    python312.dll
    KERNEL32.dll
    USER32.dll
    ADVAPI32.dll
    MSVCP140.dll
    VCRUNTIME140.dll
    VCRUNTIME140_1.dll
    api-ms-win-crt-runtime-l1-1-0.dll
    api-ms-win-crt-heap-l1-1-0.dll
    api-ms-win-crt-math-l1-1-0.dll
    api-ms-win-crt-stdio-l1-1-0.dll
    api-ms-win-crt-filesystem-l1-1-0.dll
    api-ms-win-crt-locale-l1-1-0.dll
    api-ms-win-crt-string-l1-1-0.dll
    api-ms-win-crt-convert-l1-1-0.dll
    api-ms-win-crt-time-l1-1-0.dll

  Summary

      225000 .data
      116000 .pdata
      733000 .rdata
       2B000 .reloc
        1000 .rsrc
     1EA3000 .text
