Building Boost.Build engine
LOCALAPPDATA=C:\Users\Davi\AppData\Local
Found with vswhere C:\Program Files (x86)\Microsoft Visual Studio\2022\BuildTools
Found with vswhere C:\Program Files (x86)\Microsoft Visual Studio\2022\BuildTools
###
### Using 'vc143' toolset.
###

C:\Users\Davi\Downloads\oma\.release\native-build\src\boost\tools\build\src\engine>"cl" /nologo /MP /MT /TP /Feb2 /wd4996 /wd4675 /O2 /GL /EHsc /Zc:wchar_t /Gw   -DNDEBUG  bindjam.cpp builtins.cpp class.cpp command.cpp compile.cpp constants.cpp cwd.cpp debug.cpp debugger.cpp events.cpp execcmd.cpp execnt.cpp execunix.cpp filent.cpp filesys.cpp fileunix.cpp frames.cpp function.cpp glob.cpp hash.cpp hcache.cpp hdrmacro.cpp headers.cpp jam.cpp jamgram.cpp lists.cpp make.cpp make1.cpp md5.cpp mem.cpp modules.cpp native.cpp option.cpp output.cpp parse.cpp pathnt.cpp pathsys.cpp pathunix.cpp regexp.cpp rules.cpp scan.cpp search.cpp jam_strings.cpp startup.cpp tasks.cpp timestamp.cpp value.cpp variable.cpp w32_getreg.cpp mod_command_db.cpp mod_db.cpp mod_jam_builtin.cpp mod_jam_class.cpp mod_jam_errors.cpp mod_jam_modules.cpp mod_order.cpp mod_path.cpp mod_property_set.cpp mod_regex.cpp mod_sequence.cpp mod_set.cpp mod_string.cpp mod_summary.cpp mod_sysinfo.cpp mod_version.cpp /link kernel32.lib advapi32.lib user32.lib /MANIFEST:EMBED /MANIFESTINPUT:b2.exe.manifest 
bindjam.cpp
builtins.cpp
class.cpp
command.cpp
compile.cpp
constants.cpp
cwd.cpp
debug.cpp
debugger.cpp
events.cpp
execcmd.cpp
execnt.cpp
execunix.cpp
filent.cpp
filesys.cpp
fileunix.cpp
frames.cpp
function.cpp
glob.cpp
hash.cpp
hcache.cpp
hdrmacro.cpp
headers.cpp
jam.cpp
jamgram.cpp
lists.cpp
make.cpp
make1.cpp
md5.cpp
mem.cpp
modules.cpp
native.cpp
option.cpp
output.cpp
parse.cpp
pathnt.cpp
pathsys.cpp
pathunix.cpp
regexp.cpp
rules.cpp
scan.cpp
search.cpp
jam_strings.cpp
startup.cpp
tasks.cpp
timestamp.cpp
value.cpp
variable.cpp
w32_getreg.cpp
mod_command_db.cpp
mod_db.cpp
mod_jam_builtin.cpp
mod_jam_class.cpp
mod_jam_errors.cpp
mod_jam_modules.cpp
mod_order.cpp
mod_path.cpp
mod_property_set.cpp
mod_regex.cpp
mod_sequence.cpp
mod_set.cpp
mod_string.cpp
mod_summary.cpp
mod_sysinfo.cpp
mod_version.cpp
Generating code
Finished generating code

C:\Users\Davi\Downloads\oma\.release\native-build\src\boost\tools\build\src\engine>dir *.exe 
 Volume in drive C has no label.
 Volume Serial Number is 14E1-EB9B

 Directory of C:\Users\Davi\Downloads\oma\.release\native-build\src\boost\tools\build\src\engine

09/14/2026  01:41 PM           892,928 b2.exe
               1 File(s)        892,928 bytes
               0 Dir(s)  318,030,491,648 bytes free

Generating Boost.Build configuration in project-config.jam for msvc...

Bootstrapping is done. To build, run:

    .\b2

To adjust configuration, edit 'project-config.jam'.
Further information:

    - Command line help:
    .\b2 --help
     
    - Getting started guide: 
    http://boost.org/more/getting_started/windows.html
     
    - Boost.Build documentation:
    http://www.boost.org/build/

